2025-02-28 18:00:37.173  WARN [org.springframework.boot.web.servlet.context.AnnotationConfigServletWebServerApplicationContext:591] Exception encountered during context initialization - cancelling refresh attempt: org.springframework.beans.factory.UnsatisfiedDependencyException: Error creating bean with name 'flinkJobController' defined in file [C:\Workspaces\Item-Kafka-Producer-POC\Item-Kafka-Producer-POC\target\classes\za\co\woolworths\itemkafka_poc\controller\FlinkJobController.class]: Unsatisfied dependency expressed through constructor parameter 0; nested exception is org.springframework.beans.factory.BeanCreationException: Error creating bean with name 'flinkJobService' defined in file [C:\Workspaces\Item-Kafka-Producer-POC\Item-Kafka-Producer-POC\target\classes\za\co\woolworths\itemkafka_poc\service\FlinkJobService.class]: Instantiation of bean failed; nested exception is org.springframework.beans.BeanInstantiationException: Failed to instantiate [za.co.woolworths.itemkafka_poc.service.FlinkJobService]: Constructor threw exception; nested exception is java.lang.NullPointerException 
2025-02-28 18:00:37.156  WARN [com.zaxxer.hikari.pool.HikariPool:788] HikariPool-1 - Thread starvation or clock leap detected (housekeeper delta=46m17s862ms337µs800ns). 
2025-02-28 18:00:37.160 DEBUG [com.microsoft.sqlserver.jdbc.internals.TDS.Channel:2172] TDSChannel (ConnectionID:6) read failed:Connection reset 
2025-02-28 18:00:37.185 DEBUG [com.zaxxer.hikari.pool.HikariPool:421] HikariPool-1 - Pool stats (total=5, active=0, idle=5, waiting=0) 
2025-02-28 18:00:37.185  INFO [org.springframework.orm.jpa.LocalContainerEntityManagerFactoryBean:651] Closing JPA EntityManagerFactory for persistence unit 'default' 
2025-02-28 18:00:37.187 DEBUG [org.hibernate.internal.SessionFactoryImpl:821] HHH000031: Closing 
2025-02-28 18:00:37.187 DEBUG [com.zaxxer.hikari.pool.HikariPool:342] HikariPool-1 - Add connection elided, waiting 0, queue 5 
2025-02-28 18:00:37.189 DEBUG [com.zaxxer.hikari.pool.HikariPool:342] HikariPool-1 - Add connection elided, waiting 0, queue 5 
2025-02-28 18:00:37.189 DEBUG [org.hibernate.type.spi.TypeConfiguration$Scope:345] Un-scoping TypeConfiguration [org.hibernate.type.spi.TypeConfiguration$Scope@57777c23] from SessionFactory [org.hibernate.internal.SessionFactoryImpl@2568611c] 
2025-02-28 18:00:37.189 DEBUG [com.zaxxer.hikari.pool.PoolBase:134] HikariPool-1 - Closing connection ConnectionID:1 ClientConnectionId: 056fa416-0a25-4053-9a08-e9ce0b7fdc79: (connection has passed maxLifetime) 
2025-02-28 18:00:37.190 DEBUG [com.zaxxer.hikari.pool.HikariPool:342] HikariPool-1 - Add connection elided, waiting 0, queue 5 
2025-02-28 18:00:37.190 DEBUG [com.microsoft.sqlserver.jdbc.internals.SQLServerException:124] *** SQLException:ConnectionID:6 ClientConnectionId: f2dcbcee-4511-4afa-9cf0-4f5bf59bca2a com.microsoft.sqlserver.jdbc.SQLServerException: Connection reset ClientConnectionId:f2dcbcee-4511-4afa-9cf0-4f5bf59bca2a Connection reset ClientConnectionId:f2dcbcee-4511-4afa-9cf0-4f5bf59bca2a 
2025-02-28 18:00:37.193 DEBUG [org.hibernate.service.internal.AbstractServiceRegistryImpl:419] Implicitly destroying ServiceRegistry on de-registration of all child ServiceRegistries 
2025-02-28 18:00:37.194 DEBUG [com.microsoft.sqlserver.jdbc.internals.SQLServerException:137] com.microsoft.sqlserver.jdbc.SQLServerConnection.terminate(SQLServerConnection.java:4271)com.microsoft.sqlserver.jdbc.TDSChannel.read(IOBuffer.java:2177)com.microsoft.sqlserver.jdbc.TDSReader.readPacket(IOBuffer.java:6955)com.microsoft.sqlserver.jdbc.TDSCommand.startResponse(IOBuffer.java:8147)com.microsoft.sqlserver.jdbc.TDSCommand.startResponse(IOBuffer.java:8110)com.microsoft.sqlserver.jdbc.SQLServerConnection.sendLogon(SQLServerConnection.java:6886)com.microsoft.sqlserver.jdbc.SQLServerConnection.logon(SQLServerConnection.java:5434)com.microsoft.sqlserver.jdbc.SQLServerConnection.access$300(SQLServerConnection.java:94)com.microsoft.sqlserver.jdbc.SQLServerConnection$LogonCommand.doExecute(SQLServerConnection.java:5366)com.microsoft.sqlserver.jdbc.TDSCommand.execute(IOBuffer.java:7745)com.microsoft.sqlserver.jdbc.SQLServerConnection.executeCommand(SQLServerConnection.java:4391)com.microsoft.sqlserver.jdbc.SQLServerConnection.connectHelper(SQLServerConnection.java:3828)com.microsoft.sqlserver.jdbc.SQLServerConnection.login(SQLServerConnection.java:3385)com.microsoft.sqlserver.jdbc.SQLServerConnection.connectInternal(SQLServerConnection.java:3194)com.microsoft.sqlserver.jdbc.SQLServerConnection.connect(SQLServerConnection.java:1971)com.microsoft.sqlserver.jdbc.SQLServerDriver.connect(SQLServerDriver.java:1263)com.zaxxer.hikari.util.DriverDataSource.getConnection(DriverDataSource.java:121)com.zaxxer.hikari.pool.PoolBase.newConnection(PoolBase.java:364)com.zaxxer.hikari.pool.PoolBase.newPoolEntry(PoolBase.java:206)com.zaxxer.hikari.pool.HikariPool.createPoolEntry(HikariPool.java:476)com.zaxxer.hikari.pool.HikariPool.access$100(HikariPool.java:71)com.zaxxer.hikari.pool.HikariPool$PoolEntryCreator.call(HikariPool.java:726)com.zaxxer.hikari.pool.HikariPool$PoolEntryCreator.call(HikariPool.java:712)java.base/java.util.concurrent.FutureTask.run$$$capture(FutureTask.java:264)java.base/java.util.concurrent.FutureTask.run(FutureTask.java)java.base/java.util.concurrent.ThreadPoolExecutor.runWorker(ThreadPoolExecutor.java:1128)java.base/java.util.concurrent.ThreadPoolExecutor$Worker.run(ThreadPoolExecutor.java:628)java.base/java.lang.Thread.run(Thread.java:834) 
2025-02-28 18:00:37.194 DEBUG [com.zaxxer.hikari.pool.HikariPool:342] HikariPool-1 - Add connection elided, waiting 0, queue 5 
2025-02-28 18:00:37.195 DEBUG [com.zaxxer.hikari.pool.PoolBase:134] HikariPool-1 - Closing connection ConnectionID:5 ClientConnectionId: ae1d73a9-4d96-4937-95fc-20d6a7cb8f97: (connection has passed maxLifetime) 
2025-02-28 18:00:37.196 DEBUG [com.zaxxer.hikari.pool.HikariPool:342] HikariPool-1 - Add connection elided, waiting 0, queue 9 
2025-02-28 18:00:37.205 DEBUG [com.zaxxer.hikari.pool.PoolBase:134] HikariPool-1 - Closing connection ConnectionID:2 ClientConnectionId: 3a6c87b4-cf78-4f81-8529-59598429ccde: (connection has passed maxLifetime) 
2025-02-28 18:00:37.207 DEBUG [com.zaxxer.hikari.pool.PoolBase:378] HikariPool-1 - Failed to create/setup connection: Connection reset ClientConnectionId:f2dcbcee-4511-4afa-9cf0-4f5bf59bca2a 
2025-02-28 18:00:37.211 DEBUG [com.zaxxer.hikari.pool.HikariPool:518] HikariPool-1 - Fill pool skipped, pool is at sufficient level. 
2025-02-28 18:00:37.211 DEBUG [com.zaxxer.hikari.pool.HikariPool:504] HikariPool-1 - Cannot acquire connection from data source com.microsoft.sqlserver.jdbc.SQLServerException: Connection reset ClientConnectionId:f2dcbcee-4511-4afa-9cf0-4f5bf59bca2a
	at com.microsoft.sqlserver.jdbc.SQLServerConnection.terminate(SQLServerConnection.java:4271)
	at com.microsoft.sqlserver.jdbc.TDSChannel.read(IOBuffer.java:2177)
	at com.microsoft.sqlserver.jdbc.TDSReader.readPacket(IOBuffer.java:6955)
	at com.microsoft.sqlserver.jdbc.TDSCommand.startResponse(IOBuffer.java:8147)
	at com.microsoft.sqlserver.jdbc.TDSCommand.startResponse(IOBuffer.java:8110)
	at com.microsoft.sqlserver.jdbc.SQLServerConnection.sendLogon(SQLServerConnection.java:6886)
	at com.microsoft.sqlserver.jdbc.SQLServerConnection.logon(SQLServerConnection.java:5434)
	at com.microsoft.sqlserver.jdbc.SQLServerConnection.access$300(SQLServerConnection.java:94)
	at com.microsoft.sqlserver.jdbc.SQLServerConnection$LogonCommand.doExecute(SQLServerConnection.java:5366)
	at com.microsoft.sqlserver.jdbc.TDSCommand.execute(IOBuffer.java:7745)
	at com.microsoft.sqlserver.jdbc.SQLServerConnection.executeCommand(SQLServerConnection.java:4391)
	at com.microsoft.sqlserver.jdbc.SQLServerConnection.connectHelper(SQLServerConnection.java:3828)
	at com.microsoft.sqlserver.jdbc.SQLServerConnection.login(SQLServerConnection.java:3385)
	at com.microsoft.sqlserver.jdbc.SQLServerConnection.connectInternal(SQLServerConnection.java:3194)
	at com.microsoft.sqlserver.jdbc.SQLServerConnection.connect(SQLServerConnection.java:1971)
	at com.microsoft.sqlserver.jdbc.SQLServerDriver.connect(SQLServerDriver.java:1263)
	at com.zaxxer.hikari.util.DriverDataSource.getConnection(DriverDataSource.java:121)
	at com.zaxxer.hikari.pool.PoolBase.newConnection(PoolBase.java:364)
	at com.zaxxer.hikari.pool.PoolBase.newPoolEntry(PoolBase.java:206)
	at com.zaxxer.hikari.pool.HikariPool.createPoolEntry(HikariPool.java:476)
	at com.zaxxer.hikari.pool.HikariPool.access$100(HikariPool.java:71)
	at com.zaxxer.hikari.pool.HikariPool$PoolEntryCreator.call(HikariPool.java:726)
	at com.zaxxer.hikari.pool.HikariPool$PoolEntryCreator.call(HikariPool.java:712)
	at java.base/java.util.concurrent.FutureTask.run$$$capture(FutureTask.java:264)
	at java.base/java.util.concurrent.FutureTask.run(FutureTask.java)
	at java.base/java.util.concurrent.ThreadPoolExecutor.runWorker(ThreadPoolExecutor.java:1128)
	at java.base/java.util.concurrent.ThreadPoolExecutor$Worker.run(ThreadPoolExecutor.java:628)
	at java.base/java.lang.Thread.run(Thread.java:834)
Caused by: java.net.SocketException: Connection reset
	at java.base/java.net.SocketInputStream.read(SocketInputStream.java:186)
	at java.base/java.net.SocketInputStream.read(SocketInputStream.java:140)
	at com.microsoft.sqlserver.jdbc.TDSChannel$ProxyInputStream.readInternal(IOBuffer.java:1206)
	at com.microsoft.sqlserver.jdbc.TDSChannel$ProxyInputStream.read(IOBuffer.java:1192)
	at com.microsoft.sqlserver.jdbc.TDSChannel.read(IOBuffer.java:2166)
	... 26 common frames omitted

2025-02-28 18:00:37.211 DEBUG [org.hibernate.boot.registry.internal.BootstrapServiceRegistryImpl:295] Implicitly destroying Boot-strap registry on de-registration of all child ServiceRegistries 
2025-02-28 18:00:37.211 DEBUG [com.zaxxer.hikari.pool.PoolBase:134] HikariPool-1 - Closing connection ConnectionID:4 ClientConnectionId: 83e19703-67ce-4e24-abbb-fb4ee38f5eb7: (connection has passed maxLifetime) 
2025-02-28 18:00:37.212 DEBUG [com.zaxxer.hikari.pool.HikariPool:518] HikariPool-1 - Fill pool skipped, pool is at sufficient level. 
2025-02-28 18:00:37.213 DEBUG [com.zaxxer.hikari.pool.PoolBase:134] HikariPool-1 - Closing connection ConnectionID:3 ClientConnectionId: 1e830b7b-f565-480b-ada6-8f24130da57f: (connection has passed maxLifetime) 
2025-02-28 18:00:37.213  INFO [com.zaxxer.hikari.HikariDataSource:350] HikariPool-1 - Shutdown initiated... 
2025-02-28 18:00:37.213 DEBUG [com.zaxxer.hikari.pool.HikariPool:421] HikariPool-1 - Before shutdown stats (total=0, active=0, idle=0, waiting=0) 
2025-02-28 18:00:37.465 DEBUG [com.zaxxer.hikari.pool.HikariPool:421] HikariPool-1 - After shutdown stats (total=0, active=0, idle=0, waiting=0) 
2025-02-28 18:00:37.466  INFO [com.zaxxer.hikari.HikariDataSource:352] HikariPool-1 - Shutdown completed. 
