2025-01-30 10:25:10.022  INFO [org.apache.kafka.clients.consumer.internals.ConsumerCoordinator:310] [Consumer clientId=consumer-item_group-1, groupId=item_group] Revoke previously assigned partitions Item_Topic-0 
2025-01-30 10:25:10.022  INFO [org.apache.kafka.clients.consumer.internals.ConsumerCoordinator:1060] [Consumer clientId=consumer-item_group-3, groupId=item_group] Member consumer-item_group-3-f8c6ad1b-49d7-46f1-9621-f6ae27bcd30b sending LeaveGroup request to coordinator localhost:9092 (id: 2147483647 rack: null) due to the consumer unsubscribed from all topics 
2025-01-30 10:25:10.023  INFO [org.apache.kafka.clients.consumer.internals.ConsumerCoordinator:310] [Consumer clientId=consumer-item_group-2, groupId=item_group] Revoke previously assigned partitions Item_Topic-1 
2025-01-30 10:25:10.022  INFO [org.apache.kafka.clients.consumer.internals.ConsumerCoordinator:310] [Consumer clientId=consumer-manual-item-group-4, groupId=manual-item-group] Revoke previously assigned partitions Item_Topic-1, Item_Topic-0 
2025-01-30 10:25:10.034  INFO [org.springframework.kafka.listener.KafkaMessageListenerContainer:292] item_group: partitions revoked: [Item_Topic-0] 
2025-01-30 10:25:10.035  INFO [org.springframework.kafka.listener.KafkaMessageListenerContainer:292] manual-item-group: partitions revoked: [Item_Topic-1, Item_Topic-0] 
2025-01-30 10:25:10.035  INFO [org.springframework.kafka.listener.KafkaMessageListenerContainer:292] item_group: partitions revoked: [Item_Topic-1] 
2025-01-30 10:25:10.035  INFO [org.apache.kafka.clients.consumer.internals.ConsumerCoordinator:972] [Consumer clientId=consumer-item_group-3, groupId=item_group] Resetting generation due to: consumer pro-actively leaving the group 
2025-01-30 10:25:10.035  INFO [org.apache.kafka.clients.consumer.internals.ConsumerCoordinator:1060] [Consumer clientId=consumer-item_group-1, groupId=item_group] Member consumer-item_group-1-aaa0fbae-673b-4fe2-a1a1-f6e2c8a01c16 sending LeaveGroup request to coordinator localhost:9092 (id: 2147483647 rack: null) due to the consumer unsubscribed from all topics 
2025-01-30 10:25:10.035  INFO [org.apache.kafka.clients.consumer.internals.ConsumerCoordinator:1060] [Consumer clientId=consumer-manual-item-group-4, groupId=manual-item-group] Member consumer-manual-item-group-4-0d21237b-dbd2-444b-b3dd-ec7cc259b221 sending LeaveGroup request to coordinator localhost:9092 (id: 2147483647 rack: null) due to the consumer unsubscribed from all topics 
2025-01-30 10:25:10.035  INFO [org.apache.kafka.clients.consumer.internals.ConsumerCoordinator:1060] [Consumer clientId=consumer-item_group-2, groupId=item_group] Member consumer-item_group-2-54d72933-9a1e-49bb-8dff-2d22d5bc9b61 sending LeaveGroup request to coordinator localhost:9092 (id: 2147483647 rack: null) due to the consumer unsubscribed from all topics 
2025-01-30 10:25:10.036  INFO [org.apache.kafka.clients.consumer.internals.ConsumerCoordinator:1000] [Consumer clientId=consumer-item_group-3, groupId=item_group] Request joining group due to: consumer pro-actively leaving the group 
2025-01-30 10:25:10.036  INFO [org.apache.kafka.clients.consumer.KafkaConsumer:1075] [Consumer clientId=consumer-item_group-3, groupId=item_group] Unsubscribed all topics or patterns and assigned partitions 
2025-01-30 10:25:10.036  INFO [org.apache.kafka.clients.consumer.internals.ConsumerCoordinator:972] [Consumer clientId=consumer-manual-item-group-4, groupId=manual-item-group] Resetting generation due to: consumer pro-actively leaving the group 
2025-01-30 10:25:10.036  INFO [org.apache.kafka.clients.consumer.internals.ConsumerCoordinator:972] [Consumer clientId=consumer-item_group-2, groupId=item_group] Resetting generation due to: consumer pro-actively leaving the group 
2025-01-30 10:25:10.036  INFO [org.apache.kafka.clients.consumer.internals.ConsumerCoordinator:972] [Consumer clientId=consumer-item_group-1, groupId=item_group] Resetting generation due to: consumer pro-actively leaving the group 
2025-01-30 10:25:10.037  INFO [org.apache.kafka.clients.consumer.internals.ConsumerCoordinator:1000] [Consumer clientId=consumer-item_group-1, groupId=item_group] Request joining group due to: consumer pro-actively leaving the group 
2025-01-30 10:25:10.037  INFO [org.apache.kafka.clients.consumer.internals.ConsumerCoordinator:1000] [Consumer clientId=consumer-item_group-2, groupId=item_group] Request joining group due to: consumer pro-actively leaving the group 
2025-01-30 10:25:10.037  INFO [org.apache.kafka.clients.consumer.KafkaConsumer:1075] [Consumer clientId=consumer-item_group-1, groupId=item_group] Unsubscribed all topics or patterns and assigned partitions 
2025-01-30 10:25:10.036  INFO [org.apache.kafka.clients.consumer.internals.ConsumerCoordinator:1000] [Consumer clientId=consumer-manual-item-group-4, groupId=manual-item-group] Request joining group due to: consumer pro-actively leaving the group 
2025-01-30 10:25:10.037  INFO [org.apache.kafka.clients.consumer.internals.ConsumerCoordinator:972] [Consumer clientId=consumer-item_group-3, groupId=item_group] Resetting generation due to: consumer pro-actively leaving the group 
2025-01-30 10:25:10.037  INFO [org.apache.kafka.clients.consumer.KafkaConsumer:1075] [Consumer clientId=consumer-item_group-2, groupId=item_group] Unsubscribed all topics or patterns and assigned partitions 
2025-01-30 10:25:10.037  INFO [org.apache.kafka.clients.consumer.internals.ConsumerCoordinator:972] [Consumer clientId=consumer-item_group-1, groupId=item_group] Resetting generation due to: consumer pro-actively leaving the group 
2025-01-30 10:25:10.037  INFO [org.apache.kafka.clients.consumer.KafkaConsumer:1075] [Consumer clientId=consumer-manual-item-group-4, groupId=manual-item-group] Unsubscribed all topics or patterns and assigned partitions 
2025-01-30 10:25:10.038  INFO [org.apache.kafka.clients.consumer.internals.ConsumerCoordinator:1000] [Consumer clientId=consumer-item_group-3, groupId=item_group] Request joining group due to: consumer pro-actively leaving the group 
2025-01-30 10:25:10.038  INFO [org.apache.kafka.clients.consumer.internals.ConsumerCoordinator:1000] [Consumer clientId=consumer-item_group-1, groupId=item_group] Request joining group due to: consumer pro-actively leaving the group 
2025-01-30 10:25:10.038  INFO [org.apache.kafka.clients.consumer.internals.ConsumerCoordinator:972] [Consumer clientId=consumer-item_group-2, groupId=item_group] Resetting generation due to: consumer pro-actively leaving the group 
2025-01-30 10:25:10.038  INFO [org.apache.kafka.clients.consumer.internals.ConsumerCoordinator:972] [Consumer clientId=consumer-manual-item-group-4, groupId=manual-item-group] Resetting generation due to: consumer pro-actively leaving the group 
2025-01-30 10:25:10.038  INFO [org.apache.kafka.clients.consumer.internals.ConsumerCoordinator:1000] [Consumer clientId=consumer-item_group-2, groupId=item_group] Request joining group due to: consumer pro-actively leaving the group 
2025-01-30 10:25:10.038  INFO [org.apache.kafka.clients.consumer.internals.ConsumerCoordinator:1000] [Consumer clientId=consumer-manual-item-group-4, groupId=manual-item-group] Request joining group due to: consumer pro-actively leaving the group 
2025-01-30 10:25:10.054  INFO [org.apache.kafka.common.metrics.Metrics:659] Metrics scheduler closed 
2025-01-30 10:25:10.055  INFO [org.apache.kafka.common.metrics.Metrics:663] Closing reporter org.apache.kafka.common.metrics.JmxReporter 
2025-01-30 10:25:10.055  INFO [org.apache.kafka.common.metrics.Metrics:659] Metrics scheduler closed 
2025-01-30 10:25:10.055  INFO [org.apache.kafka.common.metrics.Metrics:669] Metrics reporters closed 
2025-01-30 10:25:10.055  INFO [org.apache.kafka.common.metrics.Metrics:663] Closing reporter org.apache.kafka.common.metrics.JmxReporter 
2025-01-30 10:25:10.055  INFO [org.apache.kafka.common.metrics.Metrics:669] Metrics reporters closed 
2025-01-30 10:25:10.057  INFO [org.apache.kafka.common.metrics.Metrics:659] Metrics scheduler closed 
2025-01-30 10:25:10.057  INFO [org.apache.kafka.common.metrics.Metrics:663] Closing reporter org.apache.kafka.common.metrics.JmxReporter 
2025-01-30 10:25:10.057  INFO [org.apache.kafka.common.metrics.Metrics:669] Metrics reporters closed 
2025-01-30 10:25:10.057  INFO [org.apache.kafka.common.metrics.Metrics:659] Metrics scheduler closed 
2025-01-30 10:25:10.058  INFO [org.apache.kafka.common.metrics.Metrics:663] Closing reporter org.apache.kafka.common.metrics.JmxReporter 
2025-01-30 10:25:10.058  INFO [org.apache.kafka.common.metrics.Metrics:669] Metrics reporters closed 
2025-01-30 10:25:10.060  INFO [org.apache.kafka.common.utils.AppInfoParser:83] App info kafka.consumer for consumer-item_group-3 unregistered 
2025-01-30 10:25:10.061  INFO [org.apache.kafka.common.utils.AppInfoParser:83] App info kafka.consumer for consumer-manual-item-group-4 unregistered 
2025-01-30 10:25:10.062  INFO [org.springframework.kafka.listener.KafkaMessageListenerContainer:292] manual-item-group: Consumer stopped 
2025-01-30 10:25:10.062  INFO [org.springframework.kafka.listener.KafkaMessageListenerContainer:292] item_group: Consumer stopped 
2025-01-30 10:25:10.062  INFO [org.apache.kafka.common.utils.AppInfoParser:83] App info kafka.consumer for consumer-item_group-2 unregistered 
2025-01-30 10:25:10.062  INFO [org.springframework.kafka.listener.KafkaMessageListenerContainer:292] item_group: Consumer stopped 
2025-01-30 10:25:10.062  INFO [org.apache.kafka.common.utils.AppInfoParser:83] App info kafka.consumer for consumer-item_group-1 unregistered 
2025-01-30 10:25:10.062  INFO [org.springframework.kafka.listener.KafkaMessageListenerContainer:292] item_group: Consumer stopped 
2025-01-30 10:25:10.066  INFO [org.apache.kafka.clients.producer.KafkaProducer:1249] [Producer clientId=producer-1] Closing the Kafka producer with timeoutMillis = 30000 ms. 
2025-01-30 10:25:10.068  INFO [org.apache.kafka.common.metrics.Metrics:659] Metrics scheduler closed 
2025-01-30 10:25:10.068  INFO [org.apache.kafka.common.metrics.Metrics:663] Closing reporter org.apache.kafka.common.metrics.JmxReporter 
2025-01-30 10:25:10.068  INFO [org.apache.kafka.common.metrics.Metrics:669] Metrics reporters closed 
2025-01-30 10:25:10.069  INFO [org.apache.kafka.common.utils.AppInfoParser:83] App info kafka.producer for producer-1 unregistered 
2025-01-30 10:25:10.070  INFO [org.springframework.orm.jpa.LocalContainerEntityManagerFactoryBean:651] Closing JPA EntityManagerFactory for persistence unit 'default' 
2025-01-30 10:25:10.075  INFO [com.zaxxer.hikari.HikariDataSource:350] HikariPool-1 - Shutdown initiated... 
2025-01-30 10:25:10.077  INFO [com.zaxxer.hikari.HikariDataSource:352] HikariPool-1 - Shutdown completed. 
