2025-02-17 09:00:19.732  INFO [org.apache.flink.api.java.typeutils.TypeExtractor:2069] class java.time.LocalDateTime does not contain a getter for field date 
2025-02-17 09:00:19.747  INFO [org.apache.flink.api.java.typeutils.TypeExtractor:2072] class java.time.LocalDateTime does not contain a setter for field date 
2025-02-17 09:00:19.748  INFO [org.apache.flink.api.java.typeutils.TypeExtractor:2116] Class class java.time.LocalDateTime cannot be used as a POJO type because not all fields are valid POJO fields, and must be processed as GenericType. Please read the Flink documentation on "Data Types & Serialization" for details of the effect on performance and schema evolution. 
2025-02-17 09:00:19.751  INFO [org.apache.flink.api.java.typeutils.TypeExtractor:2144] Field Item#createDte will be processed as GenericType. Please read the Flink documentation on "Data Types & Serialization" for details of the effect on performance and schema evolution. 
2025-02-17 09:00:19.766  INFO [org.apache.flink.api.java.typeutils.TypeExtractor:2069] class java.time.LocalDateTime does not contain a getter for field date 
2025-02-17 09:00:19.768  INFO [org.apache.flink.api.java.typeutils.TypeExtractor:2072] class java.time.LocalDateTime does not contain a setter for field date 
2025-02-17 09:00:19.768  INFO [org.apache.flink.api.java.typeutils.TypeExtractor:2116] Class class java.time.LocalDateTime cannot be used as a POJO type because not all fields are valid POJO fields, and must be processed as GenericType. Please read the Flink documentation on "Data Types & Serialization" for details of the effect on performance and schema evolution. 
2025-02-17 09:00:19.768  INFO [org.apache.flink.api.java.typeutils.TypeExtractor:2144] Field Item#lastUpdateDte will be processed as GenericType. Please read the Flink documentation on "Data Types & Serialization" for details of the effect on performance and schema evolution. 
2025-02-17 09:00:19.770  INFO [org.apache.flink.connector.datagen.functions.FromElementsGeneratorFunction:98] Serializing elements using  org.apache.flink.api.java.typeutils.runtime.PojoSerializer@dc96e898 
2025-02-17 09:00:19.771  INFO [org.apache.flink.api.java.typeutils.runtime.kryo.KryoSerializer:494] Kryo serializer scala extensions are not available. 
2025-02-17 09:00:19.771  INFO [org.apache.flink.api.java.typeutils.runtime.kryo.KryoSerializer:494] Kryo serializer scala extensions are not available. 
2025-02-17 09:02:03.209  INFO [org.apache.kafka.clients.consumer.internals.ConsumerCoordinator:969] [Consumer clientId=consumer-item_group-3, groupId=item_group] Group coordinator W49204302.woolworths.co.za:9092 (id: 2147483647 rack: null) is unavailable or invalid due to cause: session timed out without receiving a heartbeat response. isDisconnected: false. Rediscovery will be attempted. 
2025-02-17 09:02:03.209  INFO [org.apache.kafka.clients.consumer.internals.ConsumerCoordinator:969] [Consumer clientId=consumer-item_group-2, groupId=item_group] Group coordinator W49204302.woolworths.co.za:9092 (id: 2147483647 rack: null) is unavailable or invalid due to cause: session timed out without receiving a heartbeat response. isDisconnected: false. Rediscovery will be attempted. 
2025-02-17 09:02:03.209  INFO [org.apache.kafka.clients.consumer.internals.ConsumerCoordinator:982] [Consumer clientId=consumer-item_group-3, groupId=item_group] Requesting disconnect from last known coordinator W49204302.woolworths.co.za:9092 (id: 2147483647 rack: null) 
2025-02-17 09:02:03.209  WARN [com.zaxxer.hikari.pool.HikariPool:788] HikariPool-1 - Thread starvation or clock leap detected (housekeeper delta=1m43s490ms667µs800ns). 
2025-02-17 09:02:03.209  INFO [org.apache.kafka.clients.consumer.internals.ConsumerCoordinator:969] [Consumer clientId=consumer-item_group-1, groupId=item_group] Group coordinator W49204302.woolworths.co.za:9092 (id: 2147483647 rack: null) is unavailable or invalid due to cause: session timed out without receiving a heartbeat response. isDisconnected: false. Rediscovery will be attempted. 
2025-02-17 09:02:03.209  INFO [org.apache.kafka.clients.consumer.internals.ConsumerCoordinator:982] [Consumer clientId=consumer-item_group-2, groupId=item_group] Requesting disconnect from last known coordinator W49204302.woolworths.co.za:9092 (id: 2147483647 rack: null) 
2025-02-17 09:02:03.209  INFO [org.apache.kafka.clients.NetworkClient:324] [Consumer clientId=consumer-item_group-3, groupId=item_group] Client requested disconnect from node 2147483647 
2025-02-17 09:02:03.209  INFO [org.apache.kafka.clients.consumer.internals.ConsumerCoordinator:982] [Consumer clientId=consumer-item_group-1, groupId=item_group] Requesting disconnect from last known coordinator W49204302.woolworths.co.za:9092 (id: 2147483647 rack: null) 
2025-02-17 09:02:03.210  INFO [org.apache.kafka.clients.NetworkClient:324] [Consumer clientId=consumer-item_group-2, groupId=item_group] Client requested disconnect from node 2147483647 
2025-02-17 09:02:03.210  INFO [org.apache.kafka.clients.NetworkClient:324] [Consumer clientId=consumer-item_group-1, groupId=item_group] Client requested disconnect from node 2147483647 
2025-02-17 09:02:03.216  INFO [org.apache.kafka.clients.consumer.internals.ConsumerCoordinator:906] [Consumer clientId=consumer-item_group-1, groupId=item_group] Discovered group coordinator W49204302.woolworths.co.za:9092 (id: 2147483647 rack: null) 
2025-02-17 09:02:03.216  INFO [org.apache.kafka.clients.consumer.internals.ConsumerCoordinator:969] [Consumer clientId=consumer-item_group-1, groupId=item_group] Group coordinator W49204302.woolworths.co.za:9092 (id: 2147483647 rack: null) is unavailable or invalid due to cause: coordinator unavailable. isDisconnected: false. Rediscovery will be attempted. 
2025-02-17 09:02:03.216  INFO [org.apache.kafka.clients.consumer.internals.ConsumerCoordinator:982] [Consumer clientId=consumer-item_group-1, groupId=item_group] Requesting disconnect from last known coordinator W49204302.woolworths.co.za:9092 (id: 2147483647 rack: null) 
2025-02-17 09:02:03.221  INFO [org.apache.kafka.clients.consumer.internals.ConsumerCoordinator:906] [Consumer clientId=consumer-item_group-2, groupId=item_group] Discovered group coordinator W49204302.woolworths.co.za:9092 (id: 2147483647 rack: null) 
2025-02-17 09:02:03.221  INFO [org.apache.kafka.clients.consumer.internals.ConsumerCoordinator:906] [Consumer clientId=consumer-item_group-3, groupId=item_group] Discovered group coordinator W49204302.woolworths.co.za:9092 (id: 2147483647 rack: null) 
2025-02-17 09:02:03.221  INFO [org.apache.kafka.clients.consumer.internals.ConsumerCoordinator:969] [Consumer clientId=consumer-item_group-2, groupId=item_group] Group coordinator W49204302.woolworths.co.za:9092 (id: 2147483647 rack: null) is unavailable or invalid due to cause: coordinator unavailable. isDisconnected: false. Rediscovery will be attempted. 
2025-02-17 09:02:03.221  INFO [org.apache.kafka.clients.consumer.internals.ConsumerCoordinator:969] [Consumer clientId=consumer-item_group-3, groupId=item_group] Group coordinator W49204302.woolworths.co.za:9092 (id: 2147483647 rack: null) is unavailable or invalid due to cause: coordinator unavailable. isDisconnected: false. Rediscovery will be attempted. 
2025-02-17 09:02:03.221  INFO [org.apache.kafka.clients.consumer.internals.ConsumerCoordinator:982] [Consumer clientId=consumer-item_group-2, groupId=item_group] Requesting disconnect from last known coordinator W49204302.woolworths.co.za:9092 (id: 2147483647 rack: null) 
2025-02-17 09:02:03.221  INFO [org.apache.kafka.clients.consumer.internals.ConsumerCoordinator:982] [Consumer clientId=consumer-item_group-3, groupId=item_group] Requesting disconnect from last known coordinator W49204302.woolworths.co.za:9092 (id: 2147483647 rack: null) 
2025-02-17 09:03:20.819  WARN [com.zaxxer.hikari.pool.HikariPool:788] HikariPool-1 - Thread starvation or clock leap detected (housekeeper delta=1m17s610ms768µs700ns). 
2025-02-17 09:03:20.821  INFO [org.apache.kafka.clients.consumer.internals.ConsumerCoordinator:906] [Consumer clientId=consumer-item_group-2, groupId=item_group] Discovered group coordinator W49204302.woolworths.co.za:9092 (id: 2147483647 rack: null) 
2025-02-17 09:03:20.821  INFO [org.apache.kafka.clients.consumer.internals.ConsumerCoordinator:906] [Consumer clientId=consumer-item_group-3, groupId=item_group] Discovered group coordinator W49204302.woolworths.co.za:9092 (id: 2147483647 rack: null) 
2025-02-17 09:03:20.825 DEBUG [org.springframework.web.servlet.mvc.method.annotation.HttpEntityMethodProcessor:268] Using 'text/plain', given [*/*] and supported [text/plain, */*, application/json, application/*+json] 
2025-02-17 09:03:20.826 DEBUG [org.springframework.web.servlet.mvc.method.annotation.HttpEntityMethodProcessor:119] Writing ["Flink Job 1 started successfully."] 
2025-02-17 09:03:20.826  INFO [org.apache.kafka.clients.consumer.internals.ConsumerCoordinator:1226] [Consumer clientId=consumer-item_group-2, groupId=item_group] Attempt to heartbeat with Generation{generationId=40, memberId='consumer-item_group-2-40c063d5-d503-486d-8802-042dbb34195f', protocol='range'} and group instance id Optional.empty failed due to UNKNOWN_MEMBER_ID, resetting generation 
2025-02-17 09:03:20.826  INFO [org.apache.kafka.clients.consumer.internals.ConsumerCoordinator:1226] [Consumer clientId=consumer-item_group-3, groupId=item_group] Attempt to heartbeat with Generation{generationId=40, memberId='consumer-item_group-3-2df28e31-2539-4efa-bd93-f0815db5c4f4', protocol='range'} and group instance id Optional.empty failed due to UNKNOWN_MEMBER_ID, resetting generation 
2025-02-17 09:03:20.827  INFO [org.apache.kafka.clients.consumer.internals.ConsumerCoordinator:1025] [Consumer clientId=consumer-item_group-2, groupId=item_group] Resetting generation and member id due to: encountered UNKNOWN_MEMBER_ID from HEARTBEAT response 
2025-02-17 09:03:20.827  INFO [org.apache.kafka.clients.consumer.internals.ConsumerCoordinator:1025] [Consumer clientId=consumer-item_group-3, groupId=item_group] Resetting generation and member id due to: encountered UNKNOWN_MEMBER_ID from HEARTBEAT response 
2025-02-17 09:03:20.827  INFO [org.apache.kafka.clients.consumer.internals.ConsumerCoordinator:1072] [Consumer clientId=consumer-item_group-2, groupId=item_group] Request joining group due to: encountered UNKNOWN_MEMBER_ID from HEARTBEAT response 
2025-02-17 09:03:20.827  INFO [org.apache.kafka.clients.consumer.internals.ConsumerCoordinator:1072] [Consumer clientId=consumer-item_group-3, groupId=item_group] Request joining group due to: encountered UNKNOWN_MEMBER_ID from HEARTBEAT response 
2025-02-17 09:03:20.827 DEBUG [org.springframework.web.servlet.DispatcherServlet:1131] Completed 200 OK 
2025-02-17 09:03:20.827  INFO [org.apache.kafka.clients.consumer.internals.ConsumerCoordinator:576] [Consumer clientId=consumer-item_group-3, groupId=item_group] (Re-)joining group 
2025-02-17 09:03:20.827  INFO [org.apache.kafka.clients.consumer.internals.ConsumerCoordinator:576] [Consumer clientId=consumer-item_group-2, groupId=item_group] (Re-)joining group 
2025-02-17 09:03:20.831  INFO [org.apache.kafka.clients.consumer.internals.ConsumerCoordinator:1072] [Consumer clientId=consumer-item_group-3, groupId=item_group] Request joining group due to: need to re-join with the given member-id: consumer-item_group-3-6ce2f91b-b242-4189-b2f6-469b54385727 
2025-02-17 09:03:20.832  INFO [org.apache.kafka.clients.consumer.internals.ConsumerCoordinator:1072] [Consumer clientId=consumer-item_group-3, groupId=item_group] Request joining group due to: rebalance failed due to 'The group member needs to have a valid member id before actually entering a consumer group.' (MemberIdRequiredException) 
2025-02-17 09:03:20.832  INFO [org.apache.kafka.clients.consumer.internals.ConsumerCoordinator:1072] [Consumer clientId=consumer-item_group-2, groupId=item_group] Request joining group due to: need to re-join with the given member-id: consumer-item_group-2-6d5e0136-9408-4ebb-b6a6-0b2911b071a2 
2025-02-17 09:03:20.832  INFO [org.apache.kafka.clients.consumer.internals.ConsumerCoordinator:576] [Consumer clientId=consumer-item_group-3, groupId=item_group] (Re-)joining group 
2025-02-17 09:03:20.833  INFO [org.apache.kafka.clients.consumer.internals.ConsumerCoordinator:1072] [Consumer clientId=consumer-item_group-2, groupId=item_group] Request joining group due to: rebalance failed due to 'The group member needs to have a valid member id before actually entering a consumer group.' (MemberIdRequiredException) 
2025-02-17 09:03:20.833  INFO [org.apache.kafka.clients.consumer.internals.ConsumerCoordinator:576] [Consumer clientId=consumer-item_group-2, groupId=item_group] (Re-)joining group 
2025-02-17 09:03:20.836  INFO [org.apache.kafka.clients.consumer.internals.ConsumerCoordinator:637] [Consumer clientId=consumer-item_group-3, groupId=item_group] Successfully joined group with generation Generation{generationId=42, memberId='consumer-item_group-3-6ce2f91b-b242-4189-b2f6-469b54385727', protocol='range'} 
2025-02-17 09:03:20.836  INFO [org.apache.kafka.clients.consumer.internals.ConsumerCoordinator:637] [Consumer clientId=consumer-item_group-2, groupId=item_group] Successfully joined group with generation Generation{generationId=42, memberId='consumer-item_group-2-6d5e0136-9408-4ebb-b6a6-0b2911b071a2', protocol='range'} 
2025-02-17 09:03:20.837  INFO [org.apache.kafka.clients.consumer.internals.ConsumerCoordinator:712] [Consumer clientId=consumer-item_group-3, groupId=item_group] Finished assignment for group at generation 42: {consumer-item_group-2-6d5e0136-9408-4ebb-b6a6-0b2911b071a2=Assignment(partitions=[Item_Topic-0]), consumer-item_group-3-6ce2f91b-b242-4189-b2f6-469b54385727=Assignment(partitions=[])} 
2025-02-17 09:03:20.840  INFO [org.apache.kafka.clients.consumer.internals.ConsumerCoordinator:812] [Consumer clientId=consumer-item_group-3, groupId=item_group] Successfully synced group in generation Generation{generationId=42, memberId='consumer-item_group-3-6ce2f91b-b242-4189-b2f6-469b54385727', protocol='range'} 
2025-02-17 09:03:20.840  INFO [org.apache.kafka.clients.consumer.internals.ConsumerCoordinator:812] [Consumer clientId=consumer-item_group-2, groupId=item_group] Successfully synced group in generation Generation{generationId=42, memberId='consumer-item_group-2-6d5e0136-9408-4ebb-b6a6-0b2911b071a2', protocol='range'} 
2025-02-17 09:03:20.841  INFO [org.apache.kafka.clients.consumer.internals.ConsumerCoordinator:307] [Consumer clientId=consumer-item_group-3, groupId=item_group] Notifying assignor about the new Assignment(partitions=[]) 
2025-02-17 09:03:20.841  INFO [org.apache.kafka.clients.consumer.internals.ConsumerCoordinator:307] [Consumer clientId=consumer-item_group-2, groupId=item_group] Notifying assignor about the new Assignment(partitions=[Item_Topic-0]) 
2025-02-17 09:03:20.841  INFO [org.apache.kafka.clients.consumer.internals.ConsumerCoordinator:319] [Consumer clientId=consumer-item_group-3, groupId=item_group] Adding newly assigned partitions:  
2025-02-17 09:03:20.842  INFO [org.apache.kafka.clients.consumer.internals.ConsumerCoordinator:319] [Consumer clientId=consumer-item_group-2, groupId=item_group] Adding newly assigned partitions: Item_Topic-0 
2025-02-17 09:03:20.842  INFO [org.springframework.kafka.listener.KafkaMessageListenerContainer:292] item_group: partitions assigned: [] 
2025-02-17 09:03:20.845  INFO [org.apache.kafka.clients.consumer.internals.ConsumerCoordinator:975] [Consumer clientId=consumer-item_group-2, groupId=item_group] Setting offset for partition Item_Topic-0 to the committed offset FetchPosition{offset=0, offsetEpoch=Optional.empty, currentLeader=LeaderAndEpoch{leader=Optional[W49204302.woolworths.co.za:9092 (id: 0 rack: null)], epoch=0}} 
2025-02-17 09:03:20.846  INFO [org.springframework.kafka.listener.KafkaMessageListenerContainer:292] item_group: partitions assigned: [Item_Topic-0] 
2025-02-17 09:03:21.324  INFO [org.apache.kafka.clients.consumer.internals.ConsumerCoordinator:906] [Consumer clientId=consumer-item_group-1, groupId=item_group] Discovered group coordinator W49204302.woolworths.co.za:9092 (id: 2147483647 rack: null) 
2025-02-17 09:03:21.330  INFO [org.apache.kafka.clients.consumer.internals.ConsumerCoordinator:1226] [Consumer clientId=consumer-item_group-1, groupId=item_group] Attempt to heartbeat with Generation{generationId=40, memberId='consumer-item_group-1-363641f0-ab5f-48c0-ab46-cec1e2b5ddb7', protocol='range'} and group instance id Optional.empty failed due to UNKNOWN_MEMBER_ID, resetting generation 
2025-02-17 09:03:21.332  INFO [org.apache.kafka.clients.consumer.internals.ConsumerCoordinator:1025] [Consumer clientId=consumer-item_group-1, groupId=item_group] Resetting generation and member id due to: encountered UNKNOWN_MEMBER_ID from HEARTBEAT response 
2025-02-17 09:03:21.333  INFO [org.apache.kafka.clients.consumer.internals.ConsumerCoordinator:1072] [Consumer clientId=consumer-item_group-1, groupId=item_group] Request joining group due to: encountered UNKNOWN_MEMBER_ID from HEARTBEAT response 
2025-02-17 09:03:21.333  INFO [org.apache.kafka.clients.consumer.internals.ConsumerCoordinator:826] [Consumer clientId=consumer-item_group-1, groupId=item_group] Giving away all assigned partitions as lost since generation/memberID has been reset,indicating that consumer is in old state or no longer part of the group 
2025-02-17 09:03:21.334  INFO [org.apache.kafka.clients.consumer.internals.ConsumerCoordinator:361] [Consumer clientId=consumer-item_group-1, groupId=item_group] Lost previously assigned partitions Item_Topic-0 
2025-02-17 09:03:21.335  INFO [org.springframework.kafka.listener.KafkaMessageListenerContainer:292] item_group: partitions lost: [Item_Topic-0] 
2025-02-17 09:03:21.335  INFO [org.springframework.kafka.listener.KafkaMessageListenerContainer:292] item_group: partitions revoked: [Item_Topic-0] 
2025-02-17 09:03:21.336  INFO [org.apache.kafka.clients.consumer.internals.ConsumerCoordinator:576] [Consumer clientId=consumer-item_group-1, groupId=item_group] (Re-)joining group 
2025-02-17 09:03:21.338  INFO [org.apache.kafka.clients.consumer.internals.ConsumerCoordinator:1072] [Consumer clientId=consumer-item_group-1, groupId=item_group] Request joining group due to: need to re-join with the given member-id: consumer-item_group-1-f610c76a-de62-46a3-a821-5fbad712726e 
2025-02-17 09:03:21.339  INFO [org.apache.kafka.clients.consumer.internals.ConsumerCoordinator:1072] [Consumer clientId=consumer-item_group-1, groupId=item_group] Request joining group due to: rebalance failed due to 'The group member needs to have a valid member id before actually entering a consumer group.' (MemberIdRequiredException) 
2025-02-17 09:03:21.339  INFO [org.apache.kafka.clients.consumer.internals.ConsumerCoordinator:576] [Consumer clientId=consumer-item_group-1, groupId=item_group] (Re-)joining group 
2025-02-17 09:03:23.847  INFO [org.apache.kafka.clients.consumer.internals.ConsumerCoordinator:1072] [Consumer clientId=consumer-item_group-3, groupId=item_group] Request joining group due to: group is already rebalancing 
2025-02-17 09:03:23.847  INFO [org.apache.kafka.clients.consumer.internals.ConsumerCoordinator:1072] [Consumer clientId=consumer-item_group-2, groupId=item_group] Request joining group due to: group is already rebalancing 
2025-02-17 09:03:23.849  INFO [org.apache.kafka.clients.consumer.internals.ConsumerCoordinator:338] [Consumer clientId=consumer-item_group-3, groupId=item_group] Revoke previously assigned partitions  
2025-02-17 09:03:23.849  INFO [org.apache.kafka.clients.consumer.internals.ConsumerCoordinator:338] [Consumer clientId=consumer-item_group-2, groupId=item_group] Revoke previously assigned partitions Item_Topic-0 
2025-02-17 09:03:23.849  INFO [org.springframework.kafka.listener.KafkaMessageListenerContainer:292] item_group: partitions revoked: [] 
2025-02-17 09:03:23.849  INFO [org.springframework.kafka.listener.KafkaMessageListenerContainer:292] item_group: partitions revoked: [Item_Topic-0] 
2025-02-17 09:03:23.849  INFO [org.apache.kafka.clients.consumer.internals.ConsumerCoordinator:576] [Consumer clientId=consumer-item_group-3, groupId=item_group] (Re-)joining group 
2025-02-17 09:03:23.849  INFO [org.apache.kafka.clients.consumer.internals.ConsumerCoordinator:576] [Consumer clientId=consumer-item_group-2, groupId=item_group] (Re-)joining group 
2025-02-17 09:03:23.854  INFO [org.apache.kafka.clients.consumer.internals.ConsumerCoordinator:637] [Consumer clientId=consumer-item_group-1, groupId=item_group] Successfully joined group with generation Generation{generationId=43, memberId='consumer-item_group-1-f610c76a-de62-46a3-a821-5fbad712726e', protocol='range'} 
2025-02-17 09:03:23.854  INFO [org.apache.kafka.clients.consumer.internals.ConsumerCoordinator:637] [Consumer clientId=consumer-item_group-2, groupId=item_group] Successfully joined group with generation Generation{generationId=43, memberId='consumer-item_group-2-6d5e0136-9408-4ebb-b6a6-0b2911b071a2', protocol='range'} 
2025-02-17 09:03:23.854  INFO [org.apache.kafka.clients.consumer.internals.ConsumerCoordinator:637] [Consumer clientId=consumer-item_group-3, groupId=item_group] Successfully joined group with generation Generation{generationId=43, memberId='consumer-item_group-3-6ce2f91b-b242-4189-b2f6-469b54385727', protocol='range'} 
2025-02-17 09:03:23.855  INFO [org.apache.kafka.clients.consumer.internals.ConsumerCoordinator:712] [Consumer clientId=consumer-item_group-3, groupId=item_group] Finished assignment for group at generation 43: {consumer-item_group-2-6d5e0136-9408-4ebb-b6a6-0b2911b071a2=Assignment(partitions=[]), consumer-item_group-1-f610c76a-de62-46a3-a821-5fbad712726e=Assignment(partitions=[Item_Topic-0]), consumer-item_group-3-6ce2f91b-b242-4189-b2f6-469b54385727=Assignment(partitions=[])} 
2025-02-17 09:03:23.858  INFO [org.apache.kafka.clients.consumer.internals.ConsumerCoordinator:812] [Consumer clientId=consumer-item_group-2, groupId=item_group] Successfully synced group in generation Generation{generationId=43, memberId='consumer-item_group-2-6d5e0136-9408-4ebb-b6a6-0b2911b071a2', protocol='range'} 
2025-02-17 09:03:23.858  INFO [org.apache.kafka.clients.consumer.internals.ConsumerCoordinator:812] [Consumer clientId=consumer-item_group-3, groupId=item_group] Successfully synced group in generation Generation{generationId=43, memberId='consumer-item_group-3-6ce2f91b-b242-4189-b2f6-469b54385727', protocol='range'} 
2025-02-17 09:03:23.858  INFO [org.apache.kafka.clients.consumer.internals.ConsumerCoordinator:812] [Consumer clientId=consumer-item_group-1, groupId=item_group] Successfully synced group in generation Generation{generationId=43, memberId='consumer-item_group-1-f610c76a-de62-46a3-a821-5fbad712726e', protocol='range'} 
2025-02-17 09:03:23.859  INFO [org.apache.kafka.clients.consumer.internals.ConsumerCoordinator:307] [Consumer clientId=consumer-item_group-2, groupId=item_group] Notifying assignor about the new Assignment(partitions=[]) 
2025-02-17 09:03:23.859  INFO [org.apache.kafka.clients.consumer.internals.ConsumerCoordinator:307] [Consumer clientId=consumer-item_group-3, groupId=item_group] Notifying assignor about the new Assignment(partitions=[]) 
2025-02-17 09:03:23.859  INFO [org.apache.kafka.clients.consumer.internals.ConsumerCoordinator:319] [Consumer clientId=consumer-item_group-2, groupId=item_group] Adding newly assigned partitions:  
2025-02-17 09:03:23.859  INFO [org.apache.kafka.clients.consumer.internals.ConsumerCoordinator:307] [Consumer clientId=consumer-item_group-1, groupId=item_group] Notifying assignor about the new Assignment(partitions=[Item_Topic-0]) 
2025-02-17 09:03:23.859  INFO [org.springframework.kafka.listener.KafkaMessageListenerContainer:292] item_group: partitions assigned: [] 
2025-02-17 09:03:23.860  INFO [org.apache.kafka.clients.consumer.internals.ConsumerCoordinator:319] [Consumer clientId=consumer-item_group-1, groupId=item_group] Adding newly assigned partitions: Item_Topic-0 
2025-02-17 09:03:23.859  INFO [org.apache.kafka.clients.consumer.internals.ConsumerCoordinator:319] [Consumer clientId=consumer-item_group-3, groupId=item_group] Adding newly assigned partitions:  
2025-02-17 09:03:23.860  INFO [org.springframework.kafka.listener.KafkaMessageListenerContainer:292] item_group: partitions assigned: [] 
2025-02-17 09:03:23.862  INFO [org.apache.kafka.clients.consumer.internals.ConsumerCoordinator:975] [Consumer clientId=consumer-item_group-1, groupId=item_group] Setting offset for partition Item_Topic-0 to the committed offset FetchPosition{offset=0, offsetEpoch=Optional.empty, currentLeader=LeaderAndEpoch{leader=Optional[W49204302.woolworths.co.za:9092 (id: 0 rack: null)], epoch=0}} 
2025-02-17 09:03:23.863  INFO [org.springframework.kafka.listener.KafkaMessageListenerContainer:292] item_group: partitions assigned: [Item_Topic-0] 
2025-02-17 09:07:35.216  INFO [org.apache.kafka.clients.NetworkClient:977] [Consumer clientId=consumer-item_group-3, groupId=item_group] Node -1 disconnected. 
2025-02-17 09:07:35.232  INFO [org.apache.kafka.clients.NetworkClient:977] [Consumer clientId=consumer-item_group-2, groupId=item_group] Node -1 disconnected. 
2025-02-17 09:07:35.592  INFO [org.apache.kafka.clients.NetworkClient:977] [Consumer clientId=consumer-item_group-1, groupId=item_group] Node -1 disconnected. 
2025-02-17 09:14:28.108  INFO [org.apache.kafka.clients.consumer.internals.ConsumerCoordinator:338] [Consumer clientId=consumer-item_group-1, groupId=item_group] Revoke previously assigned partitions Item_Topic-0 
2025-02-17 09:14:28.108  INFO [org.apache.kafka.clients.consumer.internals.ConsumerCoordinator:1133] [Consumer clientId=consumer-item_group-3, groupId=item_group] Member consumer-item_group-3-6ce2f91b-b242-4189-b2f6-469b54385727 sending LeaveGroup request to coordinator W49204302.woolworths.co.za:9092 (id: 2147483647 rack: null) due to the consumer unsubscribed from all topics 
2025-02-17 09:14:28.108  INFO [org.apache.kafka.clients.consumer.internals.ConsumerCoordinator:1133] [Consumer clientId=consumer-item_group-2, groupId=item_group] Member consumer-item_group-2-6d5e0136-9408-4ebb-b6a6-0b2911b071a2 sending LeaveGroup request to coordinator W49204302.woolworths.co.za:9092 (id: 2147483647 rack: null) due to the consumer unsubscribed from all topics 
2025-02-17 09:14:28.108  INFO [org.springframework.kafka.listener.KafkaMessageListenerContainer:292] item_group: partitions revoked: [Item_Topic-0] 
2025-02-17 09:14:28.109  INFO [org.apache.kafka.clients.consumer.internals.ConsumerCoordinator:1133] [Consumer clientId=consumer-item_group-1, groupId=item_group] Member consumer-item_group-1-f610c76a-de62-46a3-a821-5fbad712726e sending LeaveGroup request to coordinator W49204302.woolworths.co.za:9092 (id: 2147483647 rack: null) due to the consumer unsubscribed from all topics 
2025-02-17 09:14:28.109  INFO [org.apache.kafka.clients.consumer.internals.ConsumerCoordinator:1025] [Consumer clientId=consumer-item_group-2, groupId=item_group] Resetting generation and member id due to: consumer pro-actively leaving the group 
2025-02-17 09:14:28.109  INFO [org.apache.kafka.clients.consumer.internals.ConsumerCoordinator:1025] [Consumer clientId=consumer-item_group-3, groupId=item_group] Resetting generation and member id due to: consumer pro-actively leaving the group 
2025-02-17 09:14:28.110  INFO [org.apache.kafka.clients.consumer.internals.ConsumerCoordinator:1072] [Consumer clientId=consumer-item_group-2, groupId=item_group] Request joining group due to: consumer pro-actively leaving the group 
2025-02-17 09:14:28.109  INFO [org.apache.kafka.clients.consumer.internals.ConsumerCoordinator:1025] [Consumer clientId=consumer-item_group-1, groupId=item_group] Resetting generation and member id due to: consumer pro-actively leaving the group 
2025-02-17 09:14:28.110  INFO [org.apache.kafka.clients.consumer.internals.ConsumerCoordinator:1072] [Consumer clientId=consumer-item_group-3, groupId=item_group] Request joining group due to: consumer pro-actively leaving the group 
2025-02-17 09:14:28.110  INFO [org.apache.kafka.clients.consumer.internals.ConsumerCoordinator:1072] [Consumer clientId=consumer-item_group-1, groupId=item_group] Request joining group due to: consumer pro-actively leaving the group 
2025-02-17 09:14:28.110  INFO [org.apache.kafka.clients.consumer.KafkaConsumer:1089] [Consumer clientId=consumer-item_group-2, groupId=item_group] Unsubscribed all topics or patterns and assigned partitions 
2025-02-17 09:14:28.110  INFO [org.apache.kafka.clients.consumer.KafkaConsumer:1089] [Consumer clientId=consumer-item_group-3, groupId=item_group] Unsubscribed all topics or patterns and assigned partitions 
2025-02-17 09:14:28.111  INFO [org.apache.kafka.clients.consumer.KafkaConsumer:1089] [Consumer clientId=consumer-item_group-1, groupId=item_group] Unsubscribed all topics or patterns and assigned partitions 
2025-02-17 09:14:28.112  INFO [org.apache.kafka.clients.consumer.internals.ConsumerCoordinator:1025] [Consumer clientId=consumer-item_group-3, groupId=item_group] Resetting generation and member id due to: consumer pro-actively leaving the group 
2025-02-17 09:14:28.112  INFO [org.apache.kafka.clients.consumer.internals.ConsumerCoordinator:1025] [Consumer clientId=consumer-item_group-2, groupId=item_group] Resetting generation and member id due to: consumer pro-actively leaving the group 
2025-02-17 09:14:28.113  INFO [org.apache.kafka.clients.consumer.internals.ConsumerCoordinator:1072] [Consumer clientId=consumer-item_group-3, groupId=item_group] Request joining group due to: consumer pro-actively leaving the group 
2025-02-17 09:14:28.112  INFO [org.apache.kafka.clients.consumer.internals.ConsumerCoordinator:1025] [Consumer clientId=consumer-item_group-1, groupId=item_group] Resetting generation and member id due to: consumer pro-actively leaving the group 
2025-02-17 09:14:28.113  INFO [org.apache.kafka.clients.consumer.internals.ConsumerCoordinator:1072] [Consumer clientId=consumer-item_group-2, groupId=item_group] Request joining group due to: consumer pro-actively leaving the group 
2025-02-17 09:14:28.113  INFO [org.apache.kafka.clients.consumer.internals.ConsumerCoordinator:1072] [Consumer clientId=consumer-item_group-1, groupId=item_group] Request joining group due to: consumer pro-actively leaving the group 
2025-02-17 09:14:28.118  INFO [org.apache.kafka.common.metrics.Metrics:693] Metrics scheduler closed 
2025-02-17 09:14:28.118  INFO [org.apache.kafka.common.metrics.Metrics:697] Closing reporter org.apache.kafka.common.metrics.JmxReporter 
2025-02-17 09:14:28.118  INFO [org.apache.kafka.common.metrics.Metrics:703] Metrics reporters closed 
2025-02-17 09:14:28.120  INFO [org.apache.kafka.common.metrics.Metrics:693] Metrics scheduler closed 
2025-02-17 09:14:28.120  INFO [org.apache.kafka.common.metrics.Metrics:697] Closing reporter org.apache.kafka.common.metrics.JmxReporter 
2025-02-17 09:14:28.121  INFO [org.apache.kafka.common.metrics.Metrics:703] Metrics reporters closed 
2025-02-17 09:14:28.126  INFO [org.apache.kafka.common.utils.AppInfoParser:83] App info kafka.consumer for consumer-item_group-3 unregistered 
2025-02-17 09:14:28.126  INFO [org.apache.kafka.common.utils.AppInfoParser:83] App info kafka.consumer for consumer-item_group-2 unregistered 
2025-02-17 09:14:28.127  INFO [org.springframework.kafka.listener.KafkaMessageListenerContainer:292] item_group: Consumer stopped 
2025-02-17 09:14:28.127  INFO [org.springframework.kafka.listener.KafkaMessageListenerContainer:292] item_group: Consumer stopped 
2025-02-17 09:14:28.310  INFO [org.apache.kafka.common.metrics.Metrics:693] Metrics scheduler closed 
2025-02-17 09:14:28.311  INFO [org.apache.kafka.common.metrics.Metrics:697] Closing reporter org.apache.kafka.common.metrics.JmxReporter 
2025-02-17 09:14:28.311  INFO [org.apache.kafka.common.metrics.Metrics:703] Metrics reporters closed 
2025-02-17 09:14:28.313  INFO [org.apache.kafka.common.utils.AppInfoParser:83] App info kafka.consumer for consumer-item_group-1 unregistered 
2025-02-17 09:14:28.314  INFO [org.springframework.kafka.listener.KafkaMessageListenerContainer:292] item_group: Consumer stopped 
2025-02-17 09:14:28.320  INFO [org.springframework.orm.jpa.LocalContainerEntityManagerFactoryBean:651] Closing JPA EntityManagerFactory for persistence unit 'default' 
2025-02-17 09:14:28.327  INFO [com.zaxxer.hikari.HikariDataSource:350] HikariPool-1 - Shutdown initiated... 
2025-02-17 09:14:28.336  INFO [com.zaxxer.hikari.HikariDataSource:352] HikariPool-1 - Shutdown completed. 
2025-02-17 09:15:47.515  INFO [za.co.woolworths.itemkafka_poc.KafkaItemProducerPocApplication:55] Starting KafkaItemProducerPocApplication using Java 15.0.2 on W49204302 with PID 10468 (C:\Workspaces\Item-Kafka-Producer-POC\Item-Kafka-Producer-POC\target\classes started by W7178930 in C:\Workspaces\Item-Kafka-Producer-POC\Item-Kafka-Producer-POC) 
2025-02-17 09:15:47.517  INFO [za.co.woolworths.itemkafka_poc.KafkaItemProducerPocApplication:640] The following 2 profiles are active: "swagger", "dev" 
2025-02-17 09:15:48.372  INFO [org.springframework.data.repository.config.RepositoryConfigurationDelegate:132] Bootstrapping Spring Data JPA repositories in DEFAULT mode. 
2025-02-17 09:15:48.448  INFO [org.springframework.data.repository.config.RepositoryConfigurationDelegate:201] Finished Spring Data repository scanning in 63 ms. Found 1 JPA repository interfaces. 
2025-02-17 09:15:49.299  INFO [org.springframework.boot.web.embedded.tomcat.TomcatWebServer:108] Tomcat initialized with port(s): 8081 (http) 
2025-02-17 09:15:49.307  INFO [org.apache.coyote.http11.Http11NioProtocol:173] Initializing ProtocolHandler ["http-nio-8081"] 
2025-02-17 09:15:49.308  INFO [org.apache.catalina.core.StandardService:173] Starting service [Tomcat] 
2025-02-17 09:15:49.308  INFO [org.apache.catalina.core.StandardEngine:173] Starting Servlet engine: [Apache Tomcat/9.0.64] 
2025-02-17 09:15:49.446  INFO [org.apache.catalina.core.ContainerBase.[Tomcat].[localhost].[/]:173] Initializing Spring embedded WebApplicationContext 
2025-02-17 09:15:49.447  INFO [org.springframework.boot.web.servlet.context.ServletWebServerApplicationContext:292] Root WebApplicationContext: initialization completed in 1893 ms 
2025-02-17 09:15:49.855  INFO [com.zaxxer.hikari.HikariDataSource:110] HikariPool-1 - Starting... 
2025-02-17 09:15:50.938  INFO [com.zaxxer.hikari.HikariDataSource:123] HikariPool-1 - Start completed. 
2025-02-17 09:15:50.972  INFO [org.hibernate.jpa.internal.util.LogHelper:31] HHH000204: Processing PersistenceUnitInfo [name: default] 
2025-02-17 09:15:51.022  INFO [org.hibernate.Version:44] HHH000412: Hibernate ORM core version 5.6.9.Final 
2025-02-17 09:15:51.214  INFO [org.hibernate.annotations.common.Version:56] HCANN000001: Hibernate Commons Annotations {5.1.2.Final} 
2025-02-17 09:15:51.374  INFO [org.hibernate.dialect.Dialect:175] HHH000400: Using dialect: org.hibernate.dialect.SQLServer2016Dialect 
2025-02-17 09:15:52.133  INFO [org.hibernate.engine.transaction.jta.platform.internal.JtaPlatformInitiator:52] HHH000490: Using JtaPlatform implementation: [org.hibernate.engine.transaction.jta.platform.internal.NoJtaPlatform] 
2025-02-17 09:15:52.144  INFO [org.springframework.orm.jpa.LocalContainerEntityManagerFactoryBean:437] Initialized JPA EntityManagerFactory for persistence unit 'default' 
2025-02-17 09:15:52.837  WARN [org.springframework.boot.autoconfigure.orm.jpa.JpaBaseConfiguration$JpaWebConfiguration:219] spring.jpa.open-in-view is enabled by default. Therefore, database queries may be performed during view rendering. Explicitly configure spring.jpa.open-in-view to disable this warning 
2025-02-17 09:15:52.948 DEBUG [org.springframework.web.servlet.mvc.method.annotation.RequestMappingHandlerMapping:367] 13 mappings in 'requestMappingHandlerMapping' 
2025-02-17 09:15:53.492 DEBUG [org.springframework.web.servlet.handler.SimpleUrlHandlerMapping:188] Patterns [/agent/swagger-ui*/**] in 'resourceHandlerMapping' 
2025-02-17 09:15:53.538 DEBUG [org.springframework.web.servlet.mvc.method.annotation.RequestMappingHandlerAdapter:625] ControllerAdvice beans: 0 @ModelAttribute, 0 @InitBinder, 1 RequestBodyAdvice, 1 ResponseBodyAdvice 
2025-02-17 09:15:53.578 DEBUG [org.springframework.web.servlet.mvc.method.annotation.ExceptionHandlerExceptionResolver:307] ControllerAdvice beans: 1 @ExceptionHandler, 1 ResponseBodyAdvice 
2025-02-17 09:15:53.906  INFO [org.springframework.boot.actuate.endpoint.web.EndpointLinksResolver:58] Exposing 1 endpoint(s) beneath base path '/actuator' 
2025-02-17 09:15:54.036  INFO [org.apache.kafka.clients.consumer.ConsumerConfig:369] ConsumerConfig values: 
	allow.auto.create.topics = true
	auto.commit.interval.ms = 5000
	auto.include.jmx.reporter = true
	auto.offset.reset = latest
	bootstrap.servers = [localhost:9092]
	check.crcs = true
	client.dns.lookup = use_all_dns_ips
	client.id = consumer-item_group-1
	client.rack = 
	connections.max.idle.ms = 540000
	default.api.timeout.ms = 60000
	enable.auto.commit = false
	exclude.internal.topics = true
	fetch.max.bytes = 52428800
	fetch.max.wait.ms = 500
	fetch.min.bytes = 1
	group.id = item_group
	group.instance.id = null
	heartbeat.interval.ms = 3000
	interceptor.classes = []
	internal.leave.group.on.close = true
	internal.throw.on.fetch.stable.offset.unsupported = false
	isolation.level = read_uncommitted
	key.deserializer = class org.apache.kafka.common.serialization.StringDeserializer
	max.partition.fetch.bytes = 1048576
	max.poll.interval.ms = 300000
	max.poll.records = 500
	metadata.max.age.ms = 300000
	metric.reporters = []
	metrics.num.samples = 2
	metrics.recording.level = INFO
	metrics.sample.window.ms = 30000
	partition.assignment.strategy = [class org.apache.kafka.clients.consumer.RangeAssignor, class org.apache.kafka.clients.consumer.CooperativeStickyAssignor]
	receive.buffer.bytes = 65536
	reconnect.backoff.max.ms = 1000
	reconnect.backoff.ms = 50
	request.timeout.ms = 30000
	retry.backoff.ms = 100
	sasl.client.callback.handler.class = null
	sasl.jaas.config = null
	sasl.kerberos.kinit.cmd = /usr/bin/kinit
	sasl.kerberos.min.time.before.relogin = 60000
	sasl.kerberos.service.name = null
	sasl.kerberos.ticket.renew.jitter = 0.05
	sasl.kerberos.ticket.renew.window.factor = 0.8
	sasl.login.callback.handler.class = null
	sasl.login.class = null
	sasl.login.connect.timeout.ms = null
	sasl.login.read.timeout.ms = null
	sasl.login.refresh.buffer.seconds = 300
	sasl.login.refresh.min.period.seconds = 60
	sasl.login.refresh.window.factor = 0.8
	sasl.login.refresh.window.jitter = 0.05
	sasl.login.retry.backoff.max.ms = 10000
	sasl.login.retry.backoff.ms = 100
	sasl.mechanism = GSSAPI
	sasl.oauthbearer.clock.skew.seconds = 30
	sasl.oauthbearer.expected.audience = null
	sasl.oauthbearer.expected.issuer = null
	sasl.oauthbearer.jwks.endpoint.refresh.ms = 3600000
	sasl.oauthbearer.jwks.endpoint.retry.backoff.max.ms = 10000
	sasl.oauthbearer.jwks.endpoint.retry.backoff.ms = 100
	sasl.oauthbearer.jwks.endpoint.url = null
	sasl.oauthbearer.scope.claim.name = scope
	sasl.oauthbearer.sub.claim.name = sub
	sasl.oauthbearer.token.endpoint.url = null
	security.protocol = PLAINTEXT
	security.providers = null
	send.buffer.bytes = 131072
	session.timeout.ms = 45000
	socket.connection.setup.timeout.max.ms = 30000
	socket.connection.setup.timeout.ms = 10000
	ssl.cipher.suites = null
	ssl.enabled.protocols = [TLSv1.2, TLSv1.3]
	ssl.endpoint.identification.algorithm = https
	ssl.engine.factory.class = null
	ssl.key.password = null
	ssl.keymanager.algorithm = SunX509
	ssl.keystore.certificate.chain = null
	ssl.keystore.key = null
	ssl.keystore.location = null
	ssl.keystore.password = null
	ssl.keystore.type = JKS
	ssl.protocol = TLSv1.3
	ssl.provider = null
	ssl.secure.random.implementation = null
	ssl.trustmanager.algorithm = PKIX
	ssl.truststore.certificates = null
	ssl.truststore.location = null
	ssl.truststore.password = null
	ssl.truststore.type = JKS
	value.deserializer = class org.apache.kafka.common.serialization.StringDeserializer
 
2025-02-17 09:15:54.243  INFO [org.apache.kafka.common.utils.AppInfoParser:119] Kafka version: 3.5.1 
2025-02-17 09:15:54.244  INFO [org.apache.kafka.common.utils.AppInfoParser:120] Kafka commitId: 2c6fb6c54472e90a 
2025-02-17 09:15:54.244  INFO [org.apache.kafka.common.utils.AppInfoParser:121] Kafka startTimeMs: 1739776554241 
2025-02-17 09:15:54.248  INFO [org.apache.kafka.clients.consumer.KafkaConsumer:980] [Consumer clientId=consumer-item_group-1, groupId=item_group] Subscribed to topic(s): Item_Topic 
2025-02-17 09:15:54.269  INFO [org.apache.kafka.clients.consumer.ConsumerConfig:369] ConsumerConfig values: 
	allow.auto.create.topics = true
	auto.commit.interval.ms = 5000
	auto.include.jmx.reporter = true
	auto.offset.reset = latest
	bootstrap.servers = [localhost:9092]
	check.crcs = true
	client.dns.lookup = use_all_dns_ips
	client.id = consumer-item_group-2
	client.rack = 
	connections.max.idle.ms = 540000
	default.api.timeout.ms = 60000
	enable.auto.commit = false
	exclude.internal.topics = true
	fetch.max.bytes = 52428800
	fetch.max.wait.ms = 500
	fetch.min.bytes = 1
	group.id = item_group
	group.instance.id = null
	heartbeat.interval.ms = 3000
	interceptor.classes = []
	internal.leave.group.on.close = true
	internal.throw.on.fetch.stable.offset.unsupported = false
	isolation.level = read_uncommitted
	key.deserializer = class org.apache.kafka.common.serialization.StringDeserializer
	max.partition.fetch.bytes = 1048576
	max.poll.interval.ms = 300000
	max.poll.records = 500
	metadata.max.age.ms = 300000
	metric.reporters = []
	metrics.num.samples = 2
	metrics.recording.level = INFO
	metrics.sample.window.ms = 30000
	partition.assignment.strategy = [class org.apache.kafka.clients.consumer.RangeAssignor, class org.apache.kafka.clients.consumer.CooperativeStickyAssignor]
	receive.buffer.bytes = 65536
	reconnect.backoff.max.ms = 1000
	reconnect.backoff.ms = 50
	request.timeout.ms = 30000
	retry.backoff.ms = 100
	sasl.client.callback.handler.class = null
	sasl.jaas.config = null
	sasl.kerberos.kinit.cmd = /usr/bin/kinit
	sasl.kerberos.min.time.before.relogin = 60000
	sasl.kerberos.service.name = null
	sasl.kerberos.ticket.renew.jitter = 0.05
	sasl.kerberos.ticket.renew.window.factor = 0.8
	sasl.login.callback.handler.class = null
	sasl.login.class = null
	sasl.login.connect.timeout.ms = null
	sasl.login.read.timeout.ms = null
	sasl.login.refresh.buffer.seconds = 300
	sasl.login.refresh.min.period.seconds = 60
	sasl.login.refresh.window.factor = 0.8
	sasl.login.refresh.window.jitter = 0.05
	sasl.login.retry.backoff.max.ms = 10000
	sasl.login.retry.backoff.ms = 100
	sasl.mechanism = GSSAPI
	sasl.oauthbearer.clock.skew.seconds = 30
	sasl.oauthbearer.expected.audience = null
	sasl.oauthbearer.expected.issuer = null
	sasl.oauthbearer.jwks.endpoint.refresh.ms = 3600000
	sasl.oauthbearer.jwks.endpoint.retry.backoff.max.ms = 10000
	sasl.oauthbearer.jwks.endpoint.retry.backoff.ms = 100
	sasl.oauthbearer.jwks.endpoint.url = null
	sasl.oauthbearer.scope.claim.name = scope
	sasl.oauthbearer.sub.claim.name = sub
	sasl.oauthbearer.token.endpoint.url = null
	security.protocol = PLAINTEXT
	security.providers = null
	send.buffer.bytes = 131072
	session.timeout.ms = 45000
	socket.connection.setup.timeout.max.ms = 30000
	socket.connection.setup.timeout.ms = 10000
	ssl.cipher.suites = null
	ssl.enabled.protocols = [TLSv1.2, TLSv1.3]
	ssl.endpoint.identification.algorithm = https
	ssl.engine.factory.class = null
	ssl.key.password = null
	ssl.keymanager.algorithm = SunX509
	ssl.keystore.certificate.chain = null
	ssl.keystore.key = null
	ssl.keystore.location = null
	ssl.keystore.password = null
	ssl.keystore.type = JKS
	ssl.protocol = TLSv1.3
	ssl.provider = null
	ssl.secure.random.implementation = null
	ssl.trustmanager.algorithm = PKIX
	ssl.truststore.certificates = null
	ssl.truststore.location = null
	ssl.truststore.password = null
	ssl.truststore.type = JKS
	value.deserializer = class org.apache.kafka.common.serialization.StringDeserializer
 
2025-02-17 09:15:54.279  INFO [org.apache.kafka.common.utils.AppInfoParser:119] Kafka version: 3.5.1 
2025-02-17 09:15:54.279  INFO [org.apache.kafka.common.utils.AppInfoParser:120] Kafka commitId: 2c6fb6c54472e90a 
2025-02-17 09:15:54.280  INFO [org.apache.kafka.common.utils.AppInfoParser:121] Kafka startTimeMs: 1739776554279 
2025-02-17 09:15:54.281  INFO [org.apache.kafka.clients.consumer.KafkaConsumer:980] [Consumer clientId=consumer-item_group-2, groupId=item_group] Subscribed to topic(s): Item_Topic 
2025-02-17 09:15:54.284  INFO [org.apache.kafka.clients.consumer.ConsumerConfig:369] ConsumerConfig values: 
	allow.auto.create.topics = true
	auto.commit.interval.ms = 5000
	auto.include.jmx.reporter = true
	auto.offset.reset = latest
	bootstrap.servers = [localhost:9092]
	check.crcs = true
	client.dns.lookup = use_all_dns_ips
	client.id = consumer-item_group-3
	client.rack = 
	connections.max.idle.ms = 540000
	default.api.timeout.ms = 60000
	enable.auto.commit = false
	exclude.internal.topics = true
	fetch.max.bytes = 52428800
	fetch.max.wait.ms = 500
	fetch.min.bytes = 1
	group.id = item_group
	group.instance.id = null
	heartbeat.interval.ms = 3000
	interceptor.classes = []
	internal.leave.group.on.close = true
	internal.throw.on.fetch.stable.offset.unsupported = false
	isolation.level = read_uncommitted
	key.deserializer = class org.apache.kafka.common.serialization.StringDeserializer
	max.partition.fetch.bytes = 1048576
	max.poll.interval.ms = 300000
	max.poll.records = 500
	metadata.max.age.ms = 300000
	metric.reporters = []
	metrics.num.samples = 2
	metrics.recording.level = INFO
	metrics.sample.window.ms = 30000
	partition.assignment.strategy = [class org.apache.kafka.clients.consumer.RangeAssignor, class org.apache.kafka.clients.consumer.CooperativeStickyAssignor]
	receive.buffer.bytes = 65536
	reconnect.backoff.max.ms = 1000
	reconnect.backoff.ms = 50
	request.timeout.ms = 30000
	retry.backoff.ms = 100
	sasl.client.callback.handler.class = null
	sasl.jaas.config = null
	sasl.kerberos.kinit.cmd = /usr/bin/kinit
	sasl.kerberos.min.time.before.relogin = 60000
	sasl.kerberos.service.name = null
	sasl.kerberos.ticket.renew.jitter = 0.05
	sasl.kerberos.ticket.renew.window.factor = 0.8
	sasl.login.callback.handler.class = null
	sasl.login.class = null
	sasl.login.connect.timeout.ms = null
	sasl.login.read.timeout.ms = null
	sasl.login.refresh.buffer.seconds = 300
	sasl.login.refresh.min.period.seconds = 60
	sasl.login.refresh.window.factor = 0.8
	sasl.login.refresh.window.jitter = 0.05
	sasl.login.retry.backoff.max.ms = 10000
	sasl.login.retry.backoff.ms = 100
	sasl.mechanism = GSSAPI
	sasl.oauthbearer.clock.skew.seconds = 30
	sasl.oauthbearer.expected.audience = null
	sasl.oauthbearer.expected.issuer = null
	sasl.oauthbearer.jwks.endpoint.refresh.ms = 3600000
	sasl.oauthbearer.jwks.endpoint.retry.backoff.max.ms = 10000
	sasl.oauthbearer.jwks.endpoint.retry.backoff.ms = 100
	sasl.oauthbearer.jwks.endpoint.url = null
	sasl.oauthbearer.scope.claim.name = scope
	sasl.oauthbearer.sub.claim.name = sub
	sasl.oauthbearer.token.endpoint.url = null
	security.protocol = PLAINTEXT
	security.providers = null
	send.buffer.bytes = 131072
	session.timeout.ms = 45000
	socket.connection.setup.timeout.max.ms = 30000
	socket.connection.setup.timeout.ms = 10000
	ssl.cipher.suites = null
	ssl.enabled.protocols = [TLSv1.2, TLSv1.3]
	ssl.endpoint.identification.algorithm = https
	ssl.engine.factory.class = null
	ssl.key.password = null
	ssl.keymanager.algorithm = SunX509
	ssl.keystore.certificate.chain = null
	ssl.keystore.key = null
	ssl.keystore.location = null
	ssl.keystore.password = null
	ssl.keystore.type = JKS
	ssl.protocol = TLSv1.3
	ssl.provider = null
	ssl.secure.random.implementation = null
	ssl.trustmanager.algorithm = PKIX
	ssl.truststore.certificates = null
	ssl.truststore.location = null
	ssl.truststore.password = null
	ssl.truststore.type = JKS
	value.deserializer = class org.apache.kafka.common.serialization.StringDeserializer
 
2025-02-17 09:15:54.294  INFO [org.apache.kafka.common.utils.AppInfoParser:119] Kafka version: 3.5.1 
2025-02-17 09:15:54.295  INFO [org.apache.kafka.common.utils.AppInfoParser:120] Kafka commitId: 2c6fb6c54472e90a 
2025-02-17 09:15:54.295  INFO [org.apache.kafka.common.utils.AppInfoParser:121] Kafka startTimeMs: 1739776554294 
2025-02-17 09:15:54.295  INFO [org.apache.kafka.clients.consumer.KafkaConsumer:980] [Consumer clientId=consumer-item_group-3, groupId=item_group] Subscribed to topic(s): Item_Topic 
2025-02-17 09:15:54.298  INFO [org.apache.coyote.http11.Http11NioProtocol:173] Starting ProtocolHandler ["http-nio-8081"] 
2025-02-17 09:15:54.316  INFO [org.springframework.boot.web.embedded.tomcat.TomcatWebServer:220] Tomcat started on port(s): 8081 (http) with context path '' 
2025-02-17 09:15:54.332  INFO [za.co.woolworths.itemkafka_poc.KafkaItemProducerPocApplication:61] Started KafkaItemProducerPocApplication in 7.191 seconds (JVM running for 7.647) 
2025-02-17 09:15:54.659  INFO [org.apache.kafka.clients.Metadata:287] [Consumer clientId=consumer-item_group-3, groupId=item_group] Cluster ID: 241EXJnpTO6SXdisTDqE6g 
2025-02-17 09:15:54.659  INFO [org.apache.kafka.clients.Metadata:287] [Consumer clientId=consumer-item_group-2, groupId=item_group] Cluster ID: 241EXJnpTO6SXdisTDqE6g 
2025-02-17 09:15:54.660  INFO [org.apache.kafka.clients.Metadata:287] [Consumer clientId=consumer-item_group-1, groupId=item_group] Cluster ID: 241EXJnpTO6SXdisTDqE6g 
2025-02-17 09:15:54.662  INFO [org.apache.kafka.clients.consumer.internals.ConsumerCoordinator:906] [Consumer clientId=consumer-item_group-2, groupId=item_group] Discovered group coordinator W49204302.woolworths.co.za:9092 (id: 2147483647 rack: null) 
2025-02-17 09:15:54.662  INFO [org.apache.kafka.clients.consumer.internals.ConsumerCoordinator:906] [Consumer clientId=consumer-item_group-1, groupId=item_group] Discovered group coordinator W49204302.woolworths.co.za:9092 (id: 2147483647 rack: null) 
2025-02-17 09:15:54.662  INFO [org.apache.kafka.clients.consumer.internals.ConsumerCoordinator:906] [Consumer clientId=consumer-item_group-3, groupId=item_group] Discovered group coordinator W49204302.woolworths.co.za:9092 (id: 2147483647 rack: null) 
2025-02-17 09:15:54.668  INFO [org.apache.kafka.clients.consumer.internals.ConsumerCoordinator:576] [Consumer clientId=consumer-item_group-1, groupId=item_group] (Re-)joining group 
2025-02-17 09:15:54.668  INFO [org.apache.kafka.clients.consumer.internals.ConsumerCoordinator:576] [Consumer clientId=consumer-item_group-2, groupId=item_group] (Re-)joining group 
2025-02-17 09:15:54.668  INFO [org.apache.kafka.clients.consumer.internals.ConsumerCoordinator:576] [Consumer clientId=consumer-item_group-3, groupId=item_group] (Re-)joining group 
2025-02-17 09:15:54.690  INFO [org.apache.kafka.clients.consumer.internals.ConsumerCoordinator:1072] [Consumer clientId=consumer-item_group-3, groupId=item_group] Request joining group due to: need to re-join with the given member-id: consumer-item_group-3-455e18f2-ed82-4bd0-83be-9bf565ab8a96 
2025-02-17 09:15:54.692  INFO [org.apache.kafka.clients.consumer.internals.ConsumerCoordinator:1072] [Consumer clientId=consumer-item_group-2, groupId=item_group] Request joining group due to: need to re-join with the given member-id: consumer-item_group-2-d7cf85b7-49c1-4ab7-aff1-142d5b433793 
2025-02-17 09:15:54.692  INFO [org.apache.kafka.clients.consumer.internals.ConsumerCoordinator:1072] [Consumer clientId=consumer-item_group-3, groupId=item_group] Request joining group due to: rebalance failed due to 'The group member needs to have a valid member id before actually entering a consumer group.' (MemberIdRequiredException) 
2025-02-17 09:15:54.692  INFO [org.apache.kafka.clients.consumer.internals.ConsumerCoordinator:576] [Consumer clientId=consumer-item_group-3, groupId=item_group] (Re-)joining group 
2025-02-17 09:15:54.693  INFO [org.apache.kafka.clients.consumer.internals.ConsumerCoordinator:1072] [Consumer clientId=consumer-item_group-2, groupId=item_group] Request joining group due to: rebalance failed due to 'The group member needs to have a valid member id before actually entering a consumer group.' (MemberIdRequiredException) 
2025-02-17 09:15:54.693  INFO [org.apache.kafka.clients.consumer.internals.ConsumerCoordinator:576] [Consumer clientId=consumer-item_group-2, groupId=item_group] (Re-)joining group 
2025-02-17 09:15:54.695  INFO [org.apache.kafka.clients.consumer.internals.ConsumerCoordinator:1072] [Consumer clientId=consumer-item_group-1, groupId=item_group] Request joining group due to: need to re-join with the given member-id: consumer-item_group-1-d1027f95-8e0f-4a7c-a267-90467b912988 
2025-02-17 09:15:54.696  INFO [org.apache.kafka.clients.consumer.internals.ConsumerCoordinator:1072] [Consumer clientId=consumer-item_group-1, groupId=item_group] Request joining group due to: rebalance failed due to 'The group member needs to have a valid member id before actually entering a consumer group.' (MemberIdRequiredException) 
2025-02-17 09:15:54.696  INFO [org.apache.kafka.clients.consumer.internals.ConsumerCoordinator:576] [Consumer clientId=consumer-item_group-1, groupId=item_group] (Re-)joining group 
2025-02-17 09:15:54.697  INFO [org.apache.kafka.clients.consumer.internals.ConsumerCoordinator:637] [Consumer clientId=consumer-item_group-3, groupId=item_group] Successfully joined group with generation Generation{generationId=45, memberId='consumer-item_group-3-455e18f2-ed82-4bd0-83be-9bf565ab8a96', protocol='range'} 
2025-02-17 09:15:54.697  INFO [org.apache.kafka.clients.consumer.internals.ConsumerCoordinator:637] [Consumer clientId=consumer-item_group-2, groupId=item_group] Successfully joined group with generation Generation{generationId=45, memberId='consumer-item_group-2-d7cf85b7-49c1-4ab7-aff1-142d5b433793', protocol='range'} 
2025-02-17 09:15:54.701  INFO [org.apache.kafka.clients.consumer.internals.ConsumerCoordinator:836] [Consumer clientId=consumer-item_group-2, groupId=item_group] SyncGroup failed: The group began another rebalance. Need to re-join the group. Sent generation was Generation{generationId=45, memberId='consumer-item_group-2-d7cf85b7-49c1-4ab7-aff1-142d5b433793', protocol='range'} 
2025-02-17 09:15:54.702  INFO [org.apache.kafka.clients.consumer.internals.ConsumerCoordinator:1072] [Consumer clientId=consumer-item_group-2, groupId=item_group] Request joining group due to: rebalance failed due to 'The group is rebalancing, so a rejoin is needed.' (RebalanceInProgressException) 
2025-02-17 09:15:54.702  INFO [org.apache.kafka.clients.consumer.internals.ConsumerCoordinator:576] [Consumer clientId=consumer-item_group-2, groupId=item_group] (Re-)joining group 
2025-02-17 09:15:54.706  INFO [org.apache.kafka.clients.consumer.internals.ConsumerCoordinator:712] [Consumer clientId=consumer-item_group-3, groupId=item_group] Finished assignment for group at generation 45: {consumer-item_group-2-d7cf85b7-49c1-4ab7-aff1-142d5b433793=Assignment(partitions=[Item_Topic-0]), consumer-item_group-3-455e18f2-ed82-4bd0-83be-9bf565ab8a96=Assignment(partitions=[])} 
2025-02-17 09:15:54.712  INFO [org.apache.kafka.clients.consumer.internals.ConsumerCoordinator:836] [Consumer clientId=consumer-item_group-3, groupId=item_group] SyncGroup failed: The group began another rebalance. Need to re-join the group. Sent generation was Generation{generationId=45, memberId='consumer-item_group-3-455e18f2-ed82-4bd0-83be-9bf565ab8a96', protocol='range'} 
2025-02-17 09:15:54.713  INFO [org.apache.kafka.clients.consumer.internals.ConsumerCoordinator:1072] [Consumer clientId=consumer-item_group-3, groupId=item_group] Request joining group due to: rebalance failed due to 'The group is rebalancing, so a rejoin is needed.' (RebalanceInProgressException) 
2025-02-17 09:15:54.713  INFO [org.apache.kafka.clients.consumer.internals.ConsumerCoordinator:576] [Consumer clientId=consumer-item_group-3, groupId=item_group] (Re-)joining group 
2025-02-17 09:15:54.716  INFO [org.apache.kafka.clients.consumer.internals.ConsumerCoordinator:637] [Consumer clientId=consumer-item_group-3, groupId=item_group] Successfully joined group with generation Generation{generationId=46, memberId='consumer-item_group-3-455e18f2-ed82-4bd0-83be-9bf565ab8a96', protocol='range'} 
2025-02-17 09:15:54.716  INFO [org.apache.kafka.clients.consumer.internals.ConsumerCoordinator:637] [Consumer clientId=consumer-item_group-1, groupId=item_group] Successfully joined group with generation Generation{generationId=46, memberId='consumer-item_group-1-d1027f95-8e0f-4a7c-a267-90467b912988', protocol='range'} 
2025-02-17 09:15:54.716  INFO [org.apache.kafka.clients.consumer.internals.ConsumerCoordinator:637] [Consumer clientId=consumer-item_group-2, groupId=item_group] Successfully joined group with generation Generation{generationId=46, memberId='consumer-item_group-2-d7cf85b7-49c1-4ab7-aff1-142d5b433793', protocol='range'} 
2025-02-17 09:15:54.717  INFO [org.apache.kafka.clients.consumer.internals.ConsumerCoordinator:712] [Consumer clientId=consumer-item_group-3, groupId=item_group] Finished assignment for group at generation 46: {consumer-item_group-2-d7cf85b7-49c1-4ab7-aff1-142d5b433793=Assignment(partitions=[]), consumer-item_group-3-455e18f2-ed82-4bd0-83be-9bf565ab8a96=Assignment(partitions=[]), consumer-item_group-1-d1027f95-8e0f-4a7c-a267-90467b912988=Assignment(partitions=[Item_Topic-0])} 
2025-02-17 09:15:54.720  INFO [org.apache.kafka.clients.consumer.internals.ConsumerCoordinator:812] [Consumer clientId=consumer-item_group-1, groupId=item_group] Successfully synced group in generation Generation{generationId=46, memberId='consumer-item_group-1-d1027f95-8e0f-4a7c-a267-90467b912988', protocol='range'} 
2025-02-17 09:15:54.720  INFO [org.apache.kafka.clients.consumer.internals.ConsumerCoordinator:812] [Consumer clientId=consumer-item_group-3, groupId=item_group] Successfully synced group in generation Generation{generationId=46, memberId='consumer-item_group-3-455e18f2-ed82-4bd0-83be-9bf565ab8a96', protocol='range'} 
2025-02-17 09:15:54.720  INFO [org.apache.kafka.clients.consumer.internals.ConsumerCoordinator:812] [Consumer clientId=consumer-item_group-2, groupId=item_group] Successfully synced group in generation Generation{generationId=46, memberId='consumer-item_group-2-d7cf85b7-49c1-4ab7-aff1-142d5b433793', protocol='range'} 
2025-02-17 09:15:54.720  INFO [org.apache.kafka.clients.consumer.internals.ConsumerCoordinator:307] [Consumer clientId=consumer-item_group-3, groupId=item_group] Notifying assignor about the new Assignment(partitions=[]) 
2025-02-17 09:15:54.721  INFO [org.apache.kafka.clients.consumer.internals.ConsumerCoordinator:307] [Consumer clientId=consumer-item_group-2, groupId=item_group] Notifying assignor about the new Assignment(partitions=[]) 
2025-02-17 09:15:54.721  INFO [org.apache.kafka.clients.consumer.internals.ConsumerCoordinator:307] [Consumer clientId=consumer-item_group-1, groupId=item_group] Notifying assignor about the new Assignment(partitions=[Item_Topic-0]) 
2025-02-17 09:15:54.721  INFO [org.apache.kafka.clients.consumer.internals.ConsumerCoordinator:319] [Consumer clientId=consumer-item_group-3, groupId=item_group] Adding newly assigned partitions:  
2025-02-17 09:15:54.721  INFO [org.apache.kafka.clients.consumer.internals.ConsumerCoordinator:319] [Consumer clientId=consumer-item_group-2, groupId=item_group] Adding newly assigned partitions:  
2025-02-17 09:15:54.722  INFO [org.springframework.kafka.listener.KafkaMessageListenerContainer:292] item_group: partitions assigned: [] 
2025-02-17 09:15:54.722  INFO [org.springframework.kafka.listener.KafkaMessageListenerContainer:292] item_group: partitions assigned: [] 
2025-02-17 09:15:54.724  INFO [org.apache.kafka.clients.consumer.internals.ConsumerCoordinator:319] [Consumer clientId=consumer-item_group-1, groupId=item_group] Adding newly assigned partitions: Item_Topic-0 
2025-02-17 09:15:54.735  INFO [org.apache.kafka.clients.consumer.internals.ConsumerCoordinator:975] [Consumer clientId=consumer-item_group-1, groupId=item_group] Setting offset for partition Item_Topic-0 to the committed offset FetchPosition{offset=0, offsetEpoch=Optional.empty, currentLeader=LeaderAndEpoch{leader=Optional[W49204302.woolworths.co.za:9092 (id: 0 rack: null)], epoch=0}} 
2025-02-17 09:15:54.736  INFO [org.springframework.kafka.listener.KafkaMessageListenerContainer:292] item_group: partitions assigned: [Item_Topic-0] 
2025-02-17 09:16:15.807  INFO [org.apache.catalina.core.ContainerBase.[Tomcat].[localhost].[/]:173] Initializing Spring DispatcherServlet 'dispatcherServlet' 
2025-02-17 09:16:15.808  INFO [org.springframework.web.servlet.DispatcherServlet:525] Initializing Servlet 'dispatcherServlet' 
2025-02-17 09:16:15.808 DEBUG [org.springframework.web.servlet.DispatcherServlet:520] Detected StandardServletMultipartResolver 
2025-02-17 09:16:15.808 DEBUG [org.springframework.web.servlet.DispatcherServlet:544] Detected AcceptHeaderLocaleResolver 
2025-02-17 09:16:15.808 DEBUG [org.springframework.web.servlet.DispatcherServlet:569] Detected FixedThemeResolver 
2025-02-17 09:16:15.809 DEBUG [org.springframework.web.servlet.DispatcherServlet:719] Detected org.springframework.web.servlet.view.DefaultRequestToViewNameTranslator@7151dd9d 
2025-02-17 09:16:15.809 DEBUG [org.springframework.web.servlet.DispatcherServlet:783] Detected org.springframework.web.servlet.support.SessionFlashMapManager@76efa2b7 
2025-02-17 09:16:15.809 DEBUG [org.springframework.web.servlet.DispatcherServlet:542] enableLoggingRequestDetails='false': request parameters and headers will be masked to prevent unsafe logging of potentially sensitive data 
2025-02-17 09:16:15.809  INFO [org.springframework.web.servlet.DispatcherServlet:547] Completed initialization in 1 ms 
2025-02-17 09:16:15.814 DEBUG [org.springframework.web.servlet.DispatcherServlet:119] POST "/flink/start-job1", parameters={} 
2025-02-17 09:16:15.819 DEBUG [org.springframework.web.servlet.mvc.method.annotation.RequestMappingHandlerMapping:522] Mapped to za.co.woolworths.itemkafka_poc.controller.FlinkJobController#triggerFlinkJob1() 
2025-02-17 09:16:29.765  INFO [org.apache.flink.api.java.typeutils.TypeExtractor:2069] class java.time.LocalDateTime does not contain a getter for field date 
2025-02-17 09:16:29.765  INFO [org.apache.flink.api.java.typeutils.TypeExtractor:2072] class java.time.LocalDateTime does not contain a setter for field date 
2025-02-17 09:16:29.765  INFO [org.apache.flink.api.java.typeutils.TypeExtractor:2116] Class class java.time.LocalDateTime cannot be used as a POJO type because not all fields are valid POJO fields, and must be processed as GenericType. Please read the Flink documentation on "Data Types & Serialization" for details of the effect on performance and schema evolution. 
2025-02-17 09:16:29.766  INFO [org.apache.flink.api.java.typeutils.TypeExtractor:2144] Field Item#createDte will be processed as GenericType. Please read the Flink documentation on "Data Types & Serialization" for details of the effect on performance and schema evolution. 
2025-02-17 09:16:29.777  INFO [org.apache.flink.api.java.typeutils.TypeExtractor:2069] class java.time.LocalDateTime does not contain a getter for field date 
2025-02-17 09:16:29.777  INFO [org.apache.flink.api.java.typeutils.TypeExtractor:2072] class java.time.LocalDateTime does not contain a setter for field date 
2025-02-17 09:16:29.777  INFO [org.apache.flink.api.java.typeutils.TypeExtractor:2116] Class class java.time.LocalDateTime cannot be used as a POJO type because not all fields are valid POJO fields, and must be processed as GenericType. Please read the Flink documentation on "Data Types & Serialization" for details of the effect on performance and schema evolution. 
2025-02-17 09:16:29.777  INFO [org.apache.flink.api.java.typeutils.TypeExtractor:2144] Field Item#lastUpdateDte will be processed as GenericType. Please read the Flink documentation on "Data Types & Serialization" for details of the effect on performance and schema evolution. 
2025-02-17 09:16:29.790  INFO [org.apache.flink.connector.datagen.functions.FromElementsGeneratorFunction:98] Serializing elements using  org.apache.flink.api.java.typeutils.runtime.PojoSerializer@ede74ec5 
2025-02-17 09:16:29.793  INFO [org.apache.flink.api.java.typeutils.runtime.kryo.KryoSerializer:494] Kryo serializer scala extensions are not available. 
2025-02-17 09:16:29.828  INFO [org.apache.flink.api.java.typeutils.runtime.kryo.KryoSerializer:494] Kryo serializer scala extensions are not available. 
2025-02-17 09:18:06.799  WARN [com.zaxxer.hikari.pool.HikariPool:788] HikariPool-1 - Thread starvation or clock leap detected (housekeeper delta=1m45s542ms668µs). 
2025-02-17 09:18:06.800  INFO [org.apache.kafka.clients.consumer.internals.ConsumerCoordinator:969] [Consumer clientId=consumer-item_group-2, groupId=item_group] Group coordinator W49204302.woolworths.co.za:9092 (id: 2147483647 rack: null) is unavailable or invalid due to cause: session timed out without receiving a heartbeat response. isDisconnected: false. Rediscovery will be attempted. 
2025-02-17 09:18:06.800  INFO [org.apache.kafka.clients.consumer.internals.ConsumerCoordinator:969] [Consumer clientId=consumer-item_group-3, groupId=item_group] Group coordinator W49204302.woolworths.co.za:9092 (id: 2147483647 rack: null) is unavailable or invalid due to cause: session timed out without receiving a heartbeat response. isDisconnected: false. Rediscovery will be attempted. 
2025-02-17 09:18:06.802  INFO [org.apache.kafka.clients.consumer.internals.ConsumerCoordinator:982] [Consumer clientId=consumer-item_group-3, groupId=item_group] Requesting disconnect from last known coordinator W49204302.woolworths.co.za:9092 (id: 2147483647 rack: null) 
2025-02-17 09:18:06.801  INFO [org.apache.kafka.clients.consumer.internals.ConsumerCoordinator:982] [Consumer clientId=consumer-item_group-2, groupId=item_group] Requesting disconnect from last known coordinator W49204302.woolworths.co.za:9092 (id: 2147483647 rack: null) 
2025-02-17 09:18:06.803  INFO [org.apache.kafka.clients.NetworkClient:324] [Consumer clientId=consumer-item_group-3, groupId=item_group] Client requested disconnect from node 2147483647 
2025-02-17 09:18:06.803  INFO [org.apache.kafka.clients.NetworkClient:836] [Consumer clientId=consumer-item_group-1, groupId=item_group] Disconnecting from node 0 due to request timeout. 
2025-02-17 09:18:06.803  INFO [org.apache.kafka.clients.NetworkClient:324] [Consumer clientId=consumer-item_group-2, groupId=item_group] Client requested disconnect from node 2147483647 
2025-02-17 09:18:06.806  INFO [org.apache.kafka.clients.NetworkClient:344] [Consumer clientId=consumer-item_group-1, groupId=item_group] Cancelled in-flight FETCH request with correlation id 70 due to node 0 being disconnected (elapsed time since creation: 83273ms, elapsed time since send: 83273ms, request timeout: 30000ms) 
2025-02-17 09:18:06.810  INFO [org.apache.kafka.clients.consumer.internals.ConsumerCoordinator:969] [Consumer clientId=consumer-item_group-1, groupId=item_group] Group coordinator W49204302.woolworths.co.za:9092 (id: 2147483647 rack: null) is unavailable or invalid due to cause: session timed out without receiving a heartbeat response. isDisconnected: false. Rediscovery will be attempted. 
2025-02-17 09:18:06.811  INFO [org.apache.kafka.clients.consumer.internals.ConsumerCoordinator:982] [Consumer clientId=consumer-item_group-1, groupId=item_group] Requesting disconnect from last known coordinator W49204302.woolworths.co.za:9092 (id: 2147483647 rack: null) 
2025-02-17 09:18:06.811  INFO [org.apache.kafka.clients.NetworkClient:324] [Consumer clientId=consumer-item_group-1, groupId=item_group] Client requested disconnect from node 2147483647 
2025-02-17 09:18:06.814  INFO [org.apache.kafka.clients.FetchSessionHandler:615] [Consumer clientId=consumer-item_group-1, groupId=item_group] Error sending fetch request (sessionId=918688698, epoch=49) to node 0: org.apache.kafka.common.errors.DisconnectException: null

2025-02-17 09:18:06.823 DEBUG [org.springframework.web.servlet.mvc.method.annotation.HttpEntityMethodProcessor:268] Using 'text/plain', given [*/*] and supported [text/plain, */*, application/json, application/*+json] 
2025-02-17 09:18:06.824 DEBUG [org.springframework.web.servlet.mvc.method.annotation.HttpEntityMethodProcessor:119] Writing ["Flink Job 1 started successfully."] 
2025-02-17 09:18:06.825  INFO [org.apache.kafka.clients.consumer.internals.ConsumerCoordinator:906] [Consumer clientId=consumer-item_group-3, groupId=item_group] Discovered group coordinator W49204302.woolworths.co.za:9092 (id: 2147483647 rack: null) 
2025-02-17 09:18:06.826  INFO [org.apache.kafka.clients.consumer.internals.ConsumerCoordinator:969] [Consumer clientId=consumer-item_group-3, groupId=item_group] Group coordinator W49204302.woolworths.co.za:9092 (id: 2147483647 rack: null) is unavailable or invalid due to cause: coordinator unavailable. isDisconnected: false. Rediscovery will be attempted. 
2025-02-17 09:18:06.826  INFO [org.apache.kafka.clients.consumer.internals.ConsumerCoordinator:982] [Consumer clientId=consumer-item_group-3, groupId=item_group] Requesting disconnect from last known coordinator W49204302.woolworths.co.za:9092 (id: 2147483647 rack: null) 
2025-02-17 09:18:06.826  INFO [org.apache.kafka.clients.consumer.internals.ConsumerCoordinator:906] [Consumer clientId=consumer-item_group-2, groupId=item_group] Discovered group coordinator W49204302.woolworths.co.za:9092 (id: 2147483647 rack: null) 
2025-02-17 09:18:06.827  INFO [org.apache.kafka.clients.consumer.internals.ConsumerCoordinator:969] [Consumer clientId=consumer-item_group-2, groupId=item_group] Group coordinator W49204302.woolworths.co.za:9092 (id: 2147483647 rack: null) is unavailable or invalid due to cause: coordinator unavailable. isDisconnected: false. Rediscovery will be attempted. 
2025-02-17 09:18:06.827  INFO [org.apache.kafka.clients.consumer.internals.ConsumerCoordinator:982] [Consumer clientId=consumer-item_group-2, groupId=item_group] Requesting disconnect from last known coordinator W49204302.woolworths.co.za:9092 (id: 2147483647 rack: null) 
2025-02-17 09:18:06.848 DEBUG [org.springframework.web.servlet.DispatcherServlet:1131] Completed 200 OK 
2025-02-17 09:18:06.889  INFO [org.apache.kafka.clients.consumer.internals.ConsumerCoordinator:906] [Consumer clientId=consumer-item_group-1, groupId=item_group] Discovered group coordinator W49204302.woolworths.co.za:9092 (id: 2147483647 rack: null) 
2025-02-17 09:18:06.896  INFO [org.apache.kafka.clients.consumer.internals.ConsumerCoordinator:1226] [Consumer clientId=consumer-item_group-1, groupId=item_group] Attempt to heartbeat with Generation{generationId=46, memberId='consumer-item_group-1-d1027f95-8e0f-4a7c-a267-90467b912988', protocol='range'} and group instance id Optional.empty failed due to UNKNOWN_MEMBER_ID, resetting generation 
2025-02-17 09:18:06.896  INFO [org.apache.kafka.clients.consumer.internals.ConsumerCoordinator:1025] [Consumer clientId=consumer-item_group-1, groupId=item_group] Resetting generation and member id due to: encountered UNKNOWN_MEMBER_ID from HEARTBEAT response 
2025-02-17 09:18:06.897  INFO [org.apache.kafka.clients.consumer.internals.ConsumerCoordinator:1072] [Consumer clientId=consumer-item_group-1, groupId=item_group] Request joining group due to: encountered UNKNOWN_MEMBER_ID from HEARTBEAT response 
2025-02-17 09:18:06.897  INFO [org.apache.kafka.clients.consumer.internals.ConsumerCoordinator:826] [Consumer clientId=consumer-item_group-1, groupId=item_group] Giving away all assigned partitions as lost since generation/memberID has been reset,indicating that consumer is in old state or no longer part of the group 
2025-02-17 09:18:06.898  INFO [org.apache.kafka.clients.consumer.internals.ConsumerCoordinator:361] [Consumer clientId=consumer-item_group-1, groupId=item_group] Lost previously assigned partitions Item_Topic-0 
2025-02-17 09:18:06.899  INFO [org.springframework.kafka.listener.KafkaMessageListenerContainer:292] item_group: partitions lost: [Item_Topic-0] 
2025-02-17 09:18:06.900  INFO [org.springframework.kafka.listener.KafkaMessageListenerContainer:292] item_group: partitions revoked: [Item_Topic-0] 
2025-02-17 09:18:06.901  INFO [org.apache.kafka.clients.consumer.internals.ConsumerCoordinator:576] [Consumer clientId=consumer-item_group-1, groupId=item_group] (Re-)joining group 
2025-02-17 09:18:06.906  INFO [org.apache.kafka.clients.consumer.internals.ConsumerCoordinator:1072] [Consumer clientId=consumer-item_group-1, groupId=item_group] Request joining group due to: need to re-join with the given member-id: consumer-item_group-1-b4cf7604-bc20-437f-a142-40ed8f8c1978 
2025-02-17 09:18:06.908  INFO [org.apache.kafka.clients.consumer.internals.ConsumerCoordinator:1072] [Consumer clientId=consumer-item_group-1, groupId=item_group] Request joining group due to: rebalance failed due to 'The group member needs to have a valid member id before actually entering a consumer group.' (MemberIdRequiredException) 
2025-02-17 09:18:06.908  INFO [org.apache.kafka.clients.consumer.internals.ConsumerCoordinator:576] [Consumer clientId=consumer-item_group-1, groupId=item_group] (Re-)joining group 
2025-02-17 09:18:06.911  INFO [org.apache.kafka.clients.consumer.internals.ConsumerCoordinator:637] [Consumer clientId=consumer-item_group-1, groupId=item_group] Successfully joined group with generation Generation{generationId=48, memberId='consumer-item_group-1-b4cf7604-bc20-437f-a142-40ed8f8c1978', protocol='range'} 
2025-02-17 09:18:06.912  INFO [org.apache.kafka.clients.consumer.internals.ConsumerCoordinator:712] [Consumer clientId=consumer-item_group-1, groupId=item_group] Finished assignment for group at generation 48: {consumer-item_group-1-b4cf7604-bc20-437f-a142-40ed8f8c1978=Assignment(partitions=[Item_Topic-0])} 
2025-02-17 09:18:06.915  INFO [org.apache.kafka.clients.consumer.internals.ConsumerCoordinator:812] [Consumer clientId=consumer-item_group-1, groupId=item_group] Successfully synced group in generation Generation{generationId=48, memberId='consumer-item_group-1-b4cf7604-bc20-437f-a142-40ed8f8c1978', protocol='range'} 
2025-02-17 09:18:06.916  INFO [org.apache.kafka.clients.consumer.internals.ConsumerCoordinator:307] [Consumer clientId=consumer-item_group-1, groupId=item_group] Notifying assignor about the new Assignment(partitions=[Item_Topic-0]) 
2025-02-17 09:18:06.917  INFO [org.apache.kafka.clients.consumer.internals.ConsumerCoordinator:319] [Consumer clientId=consumer-item_group-1, groupId=item_group] Adding newly assigned partitions: Item_Topic-0 
2025-02-17 09:18:06.921  INFO [org.apache.kafka.clients.consumer.internals.ConsumerCoordinator:975] [Consumer clientId=consumer-item_group-1, groupId=item_group] Setting offset for partition Item_Topic-0 to the committed offset FetchPosition{offset=0, offsetEpoch=Optional.empty, currentLeader=LeaderAndEpoch{leader=Optional[W49204302.woolworths.co.za:9092 (id: 0 rack: null)], epoch=0}} 
2025-02-17 09:18:06.921  INFO [org.springframework.kafka.listener.KafkaMessageListenerContainer:292] item_group: partitions assigned: [Item_Topic-0] 
2025-02-17 09:18:06.931  INFO [org.apache.kafka.clients.consumer.internals.ConsumerCoordinator:906] [Consumer clientId=consumer-item_group-3, groupId=item_group] Discovered group coordinator W49204302.woolworths.co.za:9092 (id: 2147483647 rack: null) 
2025-02-17 09:18:06.931  INFO [org.apache.kafka.clients.consumer.internals.ConsumerCoordinator:906] [Consumer clientId=consumer-item_group-2, groupId=item_group] Discovered group coordinator W49204302.woolworths.co.za:9092 (id: 2147483647 rack: null) 
2025-02-17 09:18:06.938  INFO [org.apache.kafka.clients.consumer.internals.ConsumerCoordinator:1226] [Consumer clientId=consumer-item_group-2, groupId=item_group] Attempt to heartbeat with Generation{generationId=46, memberId='consumer-item_group-2-d7cf85b7-49c1-4ab7-aff1-142d5b433793', protocol='range'} and group instance id Optional.empty failed due to UNKNOWN_MEMBER_ID, resetting generation 
2025-02-17 09:18:06.938  INFO [org.apache.kafka.clients.consumer.internals.ConsumerCoordinator:1226] [Consumer clientId=consumer-item_group-3, groupId=item_group] Attempt to heartbeat with Generation{generationId=46, memberId='consumer-item_group-3-455e18f2-ed82-4bd0-83be-9bf565ab8a96', protocol='range'} and group instance id Optional.empty failed due to UNKNOWN_MEMBER_ID, resetting generation 
2025-02-17 09:18:06.938  INFO [org.apache.kafka.clients.consumer.internals.ConsumerCoordinator:1025] [Consumer clientId=consumer-item_group-2, groupId=item_group] Resetting generation and member id due to: encountered UNKNOWN_MEMBER_ID from HEARTBEAT response 
2025-02-17 09:18:06.938  INFO [org.apache.kafka.clients.consumer.internals.ConsumerCoordinator:1025] [Consumer clientId=consumer-item_group-3, groupId=item_group] Resetting generation and member id due to: encountered UNKNOWN_MEMBER_ID from HEARTBEAT response 
2025-02-17 09:18:06.939  INFO [org.apache.kafka.clients.consumer.internals.ConsumerCoordinator:1072] [Consumer clientId=consumer-item_group-2, groupId=item_group] Request joining group due to: encountered UNKNOWN_MEMBER_ID from HEARTBEAT response 
2025-02-17 09:18:06.939  INFO [org.apache.kafka.clients.consumer.internals.ConsumerCoordinator:1072] [Consumer clientId=consumer-item_group-3, groupId=item_group] Request joining group due to: encountered UNKNOWN_MEMBER_ID from HEARTBEAT response 
2025-02-17 09:18:06.939  INFO [org.apache.kafka.clients.consumer.internals.ConsumerCoordinator:576] [Consumer clientId=consumer-item_group-2, groupId=item_group] (Re-)joining group 
2025-02-17 09:18:06.939  INFO [org.apache.kafka.clients.consumer.internals.ConsumerCoordinator:576] [Consumer clientId=consumer-item_group-3, groupId=item_group] (Re-)joining group 
2025-02-17 09:18:06.942  INFO [org.apache.kafka.clients.consumer.internals.ConsumerCoordinator:1072] [Consumer clientId=consumer-item_group-2, groupId=item_group] Request joining group due to: need to re-join with the given member-id: consumer-item_group-2-48a38d6f-55ed-43fa-ae40-fe9175238b0b 
2025-02-17 09:18:06.942  INFO [org.apache.kafka.clients.consumer.internals.ConsumerCoordinator:1072] [Consumer clientId=consumer-item_group-3, groupId=item_group] Request joining group due to: need to re-join with the given member-id: consumer-item_group-3-3af41adb-9f3c-4bf0-807e-1799a6b5e31d 
2025-02-17 09:18:06.943  INFO [org.apache.kafka.clients.consumer.internals.ConsumerCoordinator:1072] [Consumer clientId=consumer-item_group-2, groupId=item_group] Request joining group due to: rebalance failed due to 'The group member needs to have a valid member id before actually entering a consumer group.' (MemberIdRequiredException) 
2025-02-17 09:18:06.943  INFO [org.apache.kafka.clients.consumer.internals.ConsumerCoordinator:1072] [Consumer clientId=consumer-item_group-3, groupId=item_group] Request joining group due to: rebalance failed due to 'The group member needs to have a valid member id before actually entering a consumer group.' (MemberIdRequiredException) 
2025-02-17 09:18:06.943  INFO [org.apache.kafka.clients.consumer.internals.ConsumerCoordinator:576] [Consumer clientId=consumer-item_group-2, groupId=item_group] (Re-)joining group 
2025-02-17 09:18:06.943  INFO [org.apache.kafka.clients.consumer.internals.ConsumerCoordinator:576] [Consumer clientId=consumer-item_group-3, groupId=item_group] (Re-)joining group 
2025-02-17 09:18:09.914  INFO [org.apache.kafka.clients.consumer.internals.ConsumerCoordinator:1072] [Consumer clientId=consumer-item_group-1, groupId=item_group] Request joining group due to: group is already rebalancing 
2025-02-17 09:18:09.917  INFO [org.apache.kafka.clients.consumer.internals.ConsumerCoordinator:338] [Consumer clientId=consumer-item_group-1, groupId=item_group] Revoke previously assigned partitions Item_Topic-0 
2025-02-17 09:18:09.918  INFO [org.springframework.kafka.listener.KafkaMessageListenerContainer:292] item_group: partitions revoked: [Item_Topic-0] 
2025-02-17 09:18:09.919  INFO [org.apache.kafka.clients.consumer.internals.ConsumerCoordinator:576] [Consumer clientId=consumer-item_group-1, groupId=item_group] (Re-)joining group 
2025-02-17 09:18:09.927  INFO [org.apache.kafka.clients.consumer.internals.ConsumerCoordinator:637] [Consumer clientId=consumer-item_group-1, groupId=item_group] Successfully joined group with generation Generation{generationId=49, memberId='consumer-item_group-1-b4cf7604-bc20-437f-a142-40ed8f8c1978', protocol='range'} 
2025-02-17 09:18:09.927  INFO [org.apache.kafka.clients.consumer.internals.ConsumerCoordinator:637] [Consumer clientId=consumer-item_group-3, groupId=item_group] Successfully joined group with generation Generation{generationId=49, memberId='consumer-item_group-3-3af41adb-9f3c-4bf0-807e-1799a6b5e31d', protocol='range'} 
2025-02-17 09:18:09.927  INFO [org.apache.kafka.clients.consumer.internals.ConsumerCoordinator:637] [Consumer clientId=consumer-item_group-2, groupId=item_group] Successfully joined group with generation Generation{generationId=49, memberId='consumer-item_group-2-48a38d6f-55ed-43fa-ae40-fe9175238b0b', protocol='range'} 
2025-02-17 09:18:09.928  INFO [org.apache.kafka.clients.consumer.internals.ConsumerCoordinator:712] [Consumer clientId=consumer-item_group-1, groupId=item_group] Finished assignment for group at generation 49: {consumer-item_group-1-b4cf7604-bc20-437f-a142-40ed8f8c1978=Assignment(partitions=[Item_Topic-0]), consumer-item_group-3-3af41adb-9f3c-4bf0-807e-1799a6b5e31d=Assignment(partitions=[]), consumer-item_group-2-48a38d6f-55ed-43fa-ae40-fe9175238b0b=Assignment(partitions=[])} 
2025-02-17 09:18:09.932  INFO [org.apache.kafka.clients.consumer.internals.ConsumerCoordinator:812] [Consumer clientId=consumer-item_group-1, groupId=item_group] Successfully synced group in generation Generation{generationId=49, memberId='consumer-item_group-1-b4cf7604-bc20-437f-a142-40ed8f8c1978', protocol='range'} 
2025-02-17 09:18:09.932  INFO [org.apache.kafka.clients.consumer.internals.ConsumerCoordinator:812] [Consumer clientId=consumer-item_group-3, groupId=item_group] Successfully synced group in generation Generation{generationId=49, memberId='consumer-item_group-3-3af41adb-9f3c-4bf0-807e-1799a6b5e31d', protocol='range'} 
2025-02-17 09:18:09.932  INFO [org.apache.kafka.clients.consumer.internals.ConsumerCoordinator:812] [Consumer clientId=consumer-item_group-2, groupId=item_group] Successfully synced group in generation Generation{generationId=49, memberId='consumer-item_group-2-48a38d6f-55ed-43fa-ae40-fe9175238b0b', protocol='range'} 
2025-02-17 09:18:09.933  INFO [org.apache.kafka.clients.consumer.internals.ConsumerCoordinator:307] [Consumer clientId=consumer-item_group-1, groupId=item_group] Notifying assignor about the new Assignment(partitions=[Item_Topic-0]) 
2025-02-17 09:18:09.933  INFO [org.apache.kafka.clients.consumer.internals.ConsumerCoordinator:307] [Consumer clientId=consumer-item_group-3, groupId=item_group] Notifying assignor about the new Assignment(partitions=[]) 
2025-02-17 09:18:09.933  INFO [org.apache.kafka.clients.consumer.internals.ConsumerCoordinator:307] [Consumer clientId=consumer-item_group-2, groupId=item_group] Notifying assignor about the new Assignment(partitions=[]) 
2025-02-17 09:18:09.934  INFO [org.apache.kafka.clients.consumer.internals.ConsumerCoordinator:319] [Consumer clientId=consumer-item_group-1, groupId=item_group] Adding newly assigned partitions: Item_Topic-0 
2025-02-17 09:18:09.934  INFO [org.apache.kafka.clients.consumer.internals.ConsumerCoordinator:319] [Consumer clientId=consumer-item_group-3, groupId=item_group] Adding newly assigned partitions:  
2025-02-17 09:18:09.934  INFO [org.apache.kafka.clients.consumer.internals.ConsumerCoordinator:319] [Consumer clientId=consumer-item_group-2, groupId=item_group] Adding newly assigned partitions:  
2025-02-17 09:18:09.935  INFO [org.springframework.kafka.listener.KafkaMessageListenerContainer:292] item_group: partitions assigned: [] 
2025-02-17 09:18:09.935  INFO [org.springframework.kafka.listener.KafkaMessageListenerContainer:292] item_group: partitions assigned: [] 
2025-02-17 09:18:09.941  INFO [org.apache.kafka.clients.consumer.internals.ConsumerCoordinator:975] [Consumer clientId=consumer-item_group-1, groupId=item_group] Setting offset for partition Item_Topic-0 to the committed offset FetchPosition{offset=0, offsetEpoch=Optional.empty, currentLeader=LeaderAndEpoch{leader=Optional[W49204302.woolworths.co.za:9092 (id: 0 rack: null)], epoch=0}} 
2025-02-17 09:18:09.942  INFO [org.springframework.kafka.listener.KafkaMessageListenerContainer:292] item_group: partitions assigned: [Item_Topic-0] 
2025-02-17 09:19:48.274  INFO [org.apache.kafka.clients.consumer.internals.ConsumerCoordinator:1133] [Consumer clientId=consumer-item_group-2, groupId=item_group] Member consumer-item_group-2-48a38d6f-55ed-43fa-ae40-fe9175238b0b sending LeaveGroup request to coordinator W49204302.woolworths.co.za:9092 (id: 2147483647 rack: null) due to the consumer unsubscribed from all topics 
2025-02-17 09:19:48.274  INFO [org.apache.kafka.clients.consumer.internals.ConsumerCoordinator:338] [Consumer clientId=consumer-item_group-1, groupId=item_group] Revoke previously assigned partitions Item_Topic-0 
2025-02-17 09:19:48.274  INFO [org.apache.kafka.clients.consumer.internals.ConsumerCoordinator:1133] [Consumer clientId=consumer-item_group-3, groupId=item_group] Member consumer-item_group-3-3af41adb-9f3c-4bf0-807e-1799a6b5e31d sending LeaveGroup request to coordinator W49204302.woolworths.co.za:9092 (id: 2147483647 rack: null) due to the consumer unsubscribed from all topics 
2025-02-17 09:19:48.274  INFO [org.springframework.kafka.listener.KafkaMessageListenerContainer:292] item_group: partitions revoked: [Item_Topic-0] 
2025-02-17 09:19:48.274  INFO [org.apache.kafka.clients.consumer.internals.ConsumerCoordinator:1025] [Consumer clientId=consumer-item_group-2, groupId=item_group] Resetting generation and member id due to: consumer pro-actively leaving the group 
2025-02-17 09:19:48.275  INFO [org.apache.kafka.clients.consumer.internals.ConsumerCoordinator:1133] [Consumer clientId=consumer-item_group-1, groupId=item_group] Member consumer-item_group-1-b4cf7604-bc20-437f-a142-40ed8f8c1978 sending LeaveGroup request to coordinator W49204302.woolworths.co.za:9092 (id: 2147483647 rack: null) due to the consumer unsubscribed from all topics 
2025-02-17 09:19:48.275  INFO [org.apache.kafka.clients.consumer.internals.ConsumerCoordinator:1025] [Consumer clientId=consumer-item_group-3, groupId=item_group] Resetting generation and member id due to: consumer pro-actively leaving the group 
2025-02-17 09:19:48.275  INFO [org.apache.kafka.clients.consumer.internals.ConsumerCoordinator:1072] [Consumer clientId=consumer-item_group-2, groupId=item_group] Request joining group due to: consumer pro-actively leaving the group 
2025-02-17 09:19:48.275  INFO [org.apache.kafka.clients.consumer.internals.ConsumerCoordinator:1025] [Consumer clientId=consumer-item_group-1, groupId=item_group] Resetting generation and member id due to: consumer pro-actively leaving the group 
2025-02-17 09:19:48.275  INFO [org.apache.kafka.clients.consumer.internals.ConsumerCoordinator:1072] [Consumer clientId=consumer-item_group-3, groupId=item_group] Request joining group due to: consumer pro-actively leaving the group 
2025-02-17 09:19:48.275  INFO [org.apache.kafka.clients.consumer.KafkaConsumer:1089] [Consumer clientId=consumer-item_group-2, groupId=item_group] Unsubscribed all topics or patterns and assigned partitions 
2025-02-17 09:19:48.275  INFO [org.apache.kafka.clients.consumer.internals.ConsumerCoordinator:1072] [Consumer clientId=consumer-item_group-1, groupId=item_group] Request joining group due to: consumer pro-actively leaving the group 
2025-02-17 09:19:48.275  INFO [org.apache.kafka.clients.consumer.KafkaConsumer:1089] [Consumer clientId=consumer-item_group-3, groupId=item_group] Unsubscribed all topics or patterns and assigned partitions 
2025-02-17 09:19:48.276  INFO [org.apache.kafka.clients.consumer.KafkaConsumer:1089] [Consumer clientId=consumer-item_group-1, groupId=item_group] Unsubscribed all topics or patterns and assigned partitions 
2025-02-17 09:19:48.277  INFO [org.apache.kafka.clients.consumer.internals.ConsumerCoordinator:1025] [Consumer clientId=consumer-item_group-3, groupId=item_group] Resetting generation and member id due to: consumer pro-actively leaving the group 
2025-02-17 09:19:48.277  INFO [org.apache.kafka.clients.consumer.internals.ConsumerCoordinator:1025] [Consumer clientId=consumer-item_group-1, groupId=item_group] Resetting generation and member id due to: consumer pro-actively leaving the group 
2025-02-17 09:19:48.277  INFO [org.apache.kafka.clients.consumer.internals.ConsumerCoordinator:1072] [Consumer clientId=consumer-item_group-3, groupId=item_group] Request joining group due to: consumer pro-actively leaving the group 
2025-02-17 09:19:48.277  INFO [org.apache.kafka.clients.consumer.internals.ConsumerCoordinator:1072] [Consumer clientId=consumer-item_group-1, groupId=item_group] Request joining group due to: consumer pro-actively leaving the group 
2025-02-17 09:19:48.277  INFO [org.apache.kafka.clients.consumer.internals.ConsumerCoordinator:1025] [Consumer clientId=consumer-item_group-2, groupId=item_group] Resetting generation and member id due to: consumer pro-actively leaving the group 
2025-02-17 09:19:48.277  INFO [org.apache.kafka.clients.consumer.internals.ConsumerCoordinator:1072] [Consumer clientId=consumer-item_group-2, groupId=item_group] Request joining group due to: consumer pro-actively leaving the group 
2025-02-17 09:19:48.281  INFO [org.apache.kafka.common.metrics.Metrics:693] Metrics scheduler closed 
2025-02-17 09:19:48.281  INFO [org.apache.kafka.common.metrics.Metrics:697] Closing reporter org.apache.kafka.common.metrics.JmxReporter 
2025-02-17 09:19:48.281  INFO [org.apache.kafka.common.metrics.Metrics:703] Metrics reporters closed 
2025-02-17 09:19:48.285  INFO [org.apache.kafka.common.utils.AppInfoParser:83] App info kafka.consumer for consumer-item_group-3 unregistered 
2025-02-17 09:19:48.286  INFO [org.springframework.kafka.listener.KafkaMessageListenerContainer:292] item_group: Consumer stopped 
2025-02-17 09:19:48.286  INFO [org.apache.kafka.common.metrics.Metrics:693] Metrics scheduler closed 
2025-02-17 09:19:48.286  INFO [org.apache.kafka.common.metrics.Metrics:697] Closing reporter org.apache.kafka.common.metrics.JmxReporter 
2025-02-17 09:19:48.287  INFO [org.apache.kafka.common.metrics.Metrics:703] Metrics reporters closed 
2025-02-17 09:19:48.290  INFO [org.apache.kafka.common.utils.AppInfoParser:83] App info kafka.consumer for consumer-item_group-2 unregistered 
2025-02-17 09:19:48.290  INFO [org.springframework.kafka.listener.KafkaMessageListenerContainer:292] item_group: Consumer stopped 
2025-02-17 09:19:48.402  INFO [org.apache.kafka.common.metrics.Metrics:693] Metrics scheduler closed 
2025-02-17 09:19:48.402  INFO [org.apache.kafka.common.metrics.Metrics:697] Closing reporter org.apache.kafka.common.metrics.JmxReporter 
2025-02-17 09:19:48.403  INFO [org.apache.kafka.common.metrics.Metrics:703] Metrics reporters closed 
2025-02-17 09:19:48.408  INFO [org.apache.kafka.common.utils.AppInfoParser:83] App info kafka.consumer for consumer-item_group-1 unregistered 
2025-02-17 09:19:48.409  INFO [org.springframework.kafka.listener.KafkaMessageListenerContainer:292] item_group: Consumer stopped 
2025-02-17 09:19:48.414  INFO [org.springframework.orm.jpa.LocalContainerEntityManagerFactoryBean:651] Closing JPA EntityManagerFactory for persistence unit 'default' 
2025-02-17 09:19:48.420  INFO [com.zaxxer.hikari.HikariDataSource:350] HikariPool-1 - Shutdown initiated... 
2025-02-17 09:19:48.424  INFO [com.zaxxer.hikari.HikariDataSource:352] HikariPool-1 - Shutdown completed. 
