2025-01-16 12:04:54.804  INFO [org.apache.kafka.clients.NetworkClient:935] [Consumer clientId=consumer-item_group-6, groupId=item_group] Node -1 disconnected. 
2025-01-16 12:04:54.851  INFO [org.apache.kafka.clients.NetworkClient:935] [Consumer clientId=consumer-item_group-5, groupId=item_group] Node -1 disconnected. 
2025-01-16 12:04:54.867  INFO [org.apache.kafka.clients.NetworkClient:935] [Consumer clientId=consumer-item_group-4, groupId=item_group] Node -1 disconnected. 
2025-01-16 12:04:54.883  INFO [org.apache.kafka.clients.NetworkClient:935] [Consumer clientId=consumer-item_group-3, groupId=item_group] Node -1 disconnected. 
2025-01-16 12:04:54.899  INFO [org.apache.kafka.clients.NetworkClient:935] [Consumer clientId=consumer-item_group-2, groupId=item_group] Node -1 disconnected. 
2025-01-16 12:04:54.994  INFO [org.apache.kafka.clients.NetworkClient:935] [Consumer clientId=consumer-item_group-1, groupId=item_group] Node -1 disconnected. 
2025-01-16 12:14:57.029  INFO [org.apache.kafka.clients.consumer.internals.ConsumerCoordinator:1060] [Consumer clientId=consumer-item_group-2, groupId=item_group] Member consumer-item_group-2-a7d762cf-9361-410d-84dd-d52727700d1e sending LeaveGroup request to coordinator localhost:9092 (id: 2147483647 rack: null) due to the consumer unsubscribed from all topics 
2025-01-16 12:14:57.029  INFO [org.apache.kafka.clients.consumer.internals.ConsumerCoordinator:1060] [Consumer clientId=consumer-item_group-3, groupId=item_group] Member consumer-item_group-3-71dd6f03-5e76-45d7-b9cb-05c6660cd29c sending LeaveGroup request to coordinator localhost:9092 (id: 2147483647 rack: null) due to the consumer unsubscribed from all topics 
2025-01-16 12:14:57.029  INFO [org.apache.kafka.clients.consumer.internals.ConsumerCoordinator:1060] [Consumer clientId=consumer-item_group-5, groupId=item_group] Member consumer-item_group-5-94362679-ae7f-47a2-b35d-0092ca8025d1 sending LeaveGroup request to coordinator localhost:9092 (id: 2147483647 rack: null) due to the consumer unsubscribed from all topics 
2025-01-16 12:14:57.029  INFO [org.apache.kafka.clients.consumer.internals.ConsumerCoordinator:1060] [Consumer clientId=consumer-item_group-4, groupId=item_group] Member consumer-item_group-4-89e51c69-72f2-45bd-afd6-ccada2fdaa0f sending LeaveGroup request to coordinator localhost:9092 (id: 2147483647 rack: null) due to the consumer unsubscribed from all topics 
2025-01-16 12:14:57.030  INFO [org.apache.kafka.clients.consumer.internals.ConsumerCoordinator:972] [Consumer clientId=consumer-item_group-5, groupId=item_group] Resetting generation due to: consumer pro-actively leaving the group 
2025-01-16 12:14:57.029  INFO [org.apache.kafka.clients.consumer.internals.ConsumerCoordinator:310] [Consumer clientId=consumer-item_group-1, groupId=item_group] Revoke previously assigned partitions Item_Topic-0 
2025-01-16 12:14:57.030  INFO [org.apache.kafka.clients.consumer.internals.ConsumerCoordinator:1060] [Consumer clientId=consumer-item_group-6, groupId=item_group] Member consumer-item_group-6-41ad4248-938d-4415-82be-b4dffd81ad31 sending LeaveGroup request to coordinator localhost:9092 (id: 2147483647 rack: null) due to the consumer unsubscribed from all topics 
2025-01-16 12:14:57.030  INFO [org.apache.kafka.clients.consumer.internals.ConsumerCoordinator:972] [Consumer clientId=consumer-item_group-2, groupId=item_group] Resetting generation due to: consumer pro-actively leaving the group 
2025-01-16 12:14:57.030  INFO [org.apache.kafka.clients.consumer.internals.ConsumerCoordinator:972] [Consumer clientId=consumer-item_group-3, groupId=item_group] Resetting generation due to: consumer pro-actively leaving the group 
2025-01-16 12:14:57.031  INFO [org.apache.kafka.clients.consumer.internals.ConsumerCoordinator:1000] [Consumer clientId=consumer-item_group-3, groupId=item_group] Request joining group due to: consumer pro-actively leaving the group 
2025-01-16 12:14:57.031  INFO [org.apache.kafka.clients.consumer.internals.ConsumerCoordinator:972] [Consumer clientId=consumer-item_group-4, groupId=item_group] Resetting generation due to: consumer pro-actively leaving the group 
2025-01-16 12:14:57.032  INFO [org.apache.kafka.clients.consumer.internals.ConsumerCoordinator:1000] [Consumer clientId=consumer-item_group-4, groupId=item_group] Request joining group due to: consumer pro-actively leaving the group 
2025-01-16 12:14:57.031  INFO [org.apache.kafka.clients.consumer.internals.ConsumerCoordinator:1000] [Consumer clientId=consumer-item_group-5, groupId=item_group] Request joining group due to: consumer pro-actively leaving the group 
2025-01-16 12:14:57.031  INFO [org.springframework.kafka.listener.KafkaMessageListenerContainer:292] item_group: partitions revoked: [Item_Topic-0] 
2025-01-16 12:14:57.031  INFO [org.apache.kafka.clients.consumer.internals.ConsumerCoordinator:972] [Consumer clientId=consumer-item_group-6, groupId=item_group] Resetting generation due to: consumer pro-actively leaving the group 
2025-01-16 12:14:57.033  INFO [org.apache.kafka.clients.consumer.internals.ConsumerCoordinator:1000] [Consumer clientId=consumer-item_group-6, groupId=item_group] Request joining group due to: consumer pro-actively leaving the group 
2025-01-16 12:14:57.033  INFO [org.apache.kafka.clients.consumer.KafkaConsumer:1075] [Consumer clientId=consumer-item_group-6, groupId=item_group] Unsubscribed all topics or patterns and assigned partitions 
2025-01-16 12:14:57.031  INFO [org.apache.kafka.clients.consumer.internals.ConsumerCoordinator:1000] [Consumer clientId=consumer-item_group-2, groupId=item_group] Request joining group due to: consumer pro-actively leaving the group 
2025-01-16 12:14:57.032  INFO [org.apache.kafka.clients.consumer.KafkaConsumer:1075] [Consumer clientId=consumer-item_group-3, groupId=item_group] Unsubscribed all topics or patterns and assigned partitions 
2025-01-16 12:14:57.032  INFO [org.apache.kafka.clients.consumer.KafkaConsumer:1075] [Consumer clientId=consumer-item_group-4, groupId=item_group] Unsubscribed all topics or patterns and assigned partitions 
2025-01-16 12:14:57.032  INFO [org.apache.kafka.clients.consumer.KafkaConsumer:1075] [Consumer clientId=consumer-item_group-5, groupId=item_group] Unsubscribed all topics or patterns and assigned partitions 
2025-01-16 12:14:57.033  INFO [org.apache.kafka.clients.consumer.internals.ConsumerCoordinator:1060] [Consumer clientId=consumer-item_group-1, groupId=item_group] Member consumer-item_group-1-43fc6aab-ffbb-41b5-8eae-6cc9fdb52e33 sending LeaveGroup request to coordinator localhost:9092 (id: 2147483647 rack: null) due to the consumer unsubscribed from all topics 
2025-01-16 12:14:57.033  INFO [org.apache.kafka.clients.consumer.KafkaConsumer:1075] [Consumer clientId=consumer-item_group-2, groupId=item_group] Unsubscribed all topics or patterns and assigned partitions 
2025-01-16 12:14:57.033  INFO [org.apache.kafka.clients.consumer.internals.ConsumerCoordinator:972] [Consumer clientId=consumer-item_group-6, groupId=item_group] Resetting generation due to: consumer pro-actively leaving the group 
2025-01-16 12:14:57.034  INFO [org.apache.kafka.clients.consumer.internals.ConsumerCoordinator:972] [Consumer clientId=consumer-item_group-3, groupId=item_group] Resetting generation due to: consumer pro-actively leaving the group 
2025-01-16 12:14:57.035  INFO [org.apache.kafka.clients.consumer.internals.ConsumerCoordinator:972] [Consumer clientId=consumer-item_group-2, groupId=item_group] Resetting generation due to: consumer pro-actively leaving the group 
2025-01-16 12:14:57.034  INFO [org.apache.kafka.clients.consumer.internals.ConsumerCoordinator:972] [Consumer clientId=consumer-item_group-4, groupId=item_group] Resetting generation due to: consumer pro-actively leaving the group 
2025-01-16 12:14:57.034  INFO [org.apache.kafka.clients.consumer.internals.ConsumerCoordinator:972] [Consumer clientId=consumer-item_group-5, groupId=item_group] Resetting generation due to: consumer pro-actively leaving the group 
2025-01-16 12:14:57.034  INFO [org.apache.kafka.clients.consumer.internals.ConsumerCoordinator:972] [Consumer clientId=consumer-item_group-1, groupId=item_group] Resetting generation due to: consumer pro-actively leaving the group 
2025-01-16 12:14:57.034  INFO [org.apache.kafka.clients.consumer.internals.ConsumerCoordinator:1000] [Consumer clientId=consumer-item_group-6, groupId=item_group] Request joining group due to: consumer pro-actively leaving the group 
2025-01-16 12:14:57.035  INFO [org.apache.kafka.clients.consumer.internals.ConsumerCoordinator:1000] [Consumer clientId=consumer-item_group-3, groupId=item_group] Request joining group due to: consumer pro-actively leaving the group 
2025-01-16 12:14:57.035  INFO [org.apache.kafka.clients.consumer.internals.ConsumerCoordinator:1000] [Consumer clientId=consumer-item_group-2, groupId=item_group] Request joining group due to: consumer pro-actively leaving the group 
2025-01-16 12:14:57.035  INFO [org.apache.kafka.clients.consumer.internals.ConsumerCoordinator:1000] [Consumer clientId=consumer-item_group-4, groupId=item_group] Request joining group due to: consumer pro-actively leaving the group 
2025-01-16 12:14:57.035  INFO [org.apache.kafka.clients.consumer.internals.ConsumerCoordinator:1000] [Consumer clientId=consumer-item_group-5, groupId=item_group] Request joining group due to: consumer pro-actively leaving the group 
2025-01-16 12:14:57.036  INFO [org.apache.kafka.clients.consumer.internals.ConsumerCoordinator:1000] [Consumer clientId=consumer-item_group-1, groupId=item_group] Request joining group due to: consumer pro-actively leaving the group 
2025-01-16 12:14:57.037  INFO [org.apache.kafka.clients.consumer.KafkaConsumer:1075] [Consumer clientId=consumer-item_group-1, groupId=item_group] Unsubscribed all topics or patterns and assigned partitions 
2025-01-16 12:14:57.037  INFO [org.apache.kafka.clients.consumer.internals.ConsumerCoordinator:972] [Consumer clientId=consumer-item_group-1, groupId=item_group] Resetting generation due to: consumer pro-actively leaving the group 
2025-01-16 12:14:57.037  INFO [org.apache.kafka.clients.consumer.internals.ConsumerCoordinator:1000] [Consumer clientId=consumer-item_group-1, groupId=item_group] Request joining group due to: consumer pro-actively leaving the group 
2025-01-16 12:14:57.045  INFO [org.apache.kafka.common.metrics.Metrics:659] Metrics scheduler closed 
2025-01-16 12:14:57.045  INFO [org.apache.kafka.common.metrics.Metrics:663] Closing reporter org.apache.kafka.common.metrics.JmxReporter 
2025-01-16 12:14:57.046  INFO [org.apache.kafka.common.metrics.Metrics:669] Metrics reporters closed 
2025-01-16 12:14:57.047  INFO [org.apache.kafka.common.metrics.Metrics:659] Metrics scheduler closed 
2025-01-16 12:14:57.047  INFO [org.apache.kafka.common.metrics.Metrics:659] Metrics scheduler closed 
2025-01-16 12:14:57.047  INFO [org.apache.kafka.common.metrics.Metrics:663] Closing reporter org.apache.kafka.common.metrics.JmxReporter 
2025-01-16 12:14:57.047  INFO [org.apache.kafka.common.metrics.Metrics:663] Closing reporter org.apache.kafka.common.metrics.JmxReporter 
2025-01-16 12:14:57.047  INFO [org.apache.kafka.common.metrics.Metrics:659] Metrics scheduler closed 
2025-01-16 12:14:57.047  INFO [org.apache.kafka.common.metrics.Metrics:669] Metrics reporters closed 
2025-01-16 12:14:57.047  INFO [org.apache.kafka.common.metrics.Metrics:669] Metrics reporters closed 
2025-01-16 12:14:57.048  INFO [org.apache.kafka.common.metrics.Metrics:663] Closing reporter org.apache.kafka.common.metrics.JmxReporter 
2025-01-16 12:14:57.049  INFO [org.apache.kafka.common.metrics.Metrics:669] Metrics reporters closed 
2025-01-16 12:14:57.050  INFO [org.apache.kafka.common.metrics.Metrics:659] Metrics scheduler closed 
2025-01-16 12:14:57.050  INFO [org.apache.kafka.common.metrics.Metrics:663] Closing reporter org.apache.kafka.common.metrics.JmxReporter 
2025-01-16 12:14:57.050  INFO [org.apache.kafka.common.metrics.Metrics:669] Metrics reporters closed 
2025-01-16 12:14:57.055  INFO [org.apache.kafka.common.utils.AppInfoParser:83] App info kafka.consumer for consumer-item_group-6 unregistered 
2025-01-16 12:14:57.056  INFO [org.apache.kafka.common.metrics.Metrics:659] Metrics scheduler closed 
2025-01-16 12:14:57.056  INFO [org.apache.kafka.common.metrics.Metrics:663] Closing reporter org.apache.kafka.common.metrics.JmxReporter 
2025-01-16 12:14:57.056  INFO [org.springframework.kafka.listener.KafkaMessageListenerContainer:292] item_group: Consumer stopped 
2025-01-16 12:14:57.056  INFO [org.apache.kafka.common.metrics.Metrics:669] Metrics reporters closed 
2025-01-16 12:14:57.061  INFO [org.apache.kafka.common.utils.AppInfoParser:83] App info kafka.consumer for consumer-item_group-5 unregistered 
2025-01-16 12:14:57.062  INFO [org.springframework.kafka.listener.KafkaMessageListenerContainer:292] item_group: Consumer stopped 
2025-01-16 12:14:57.064  INFO [org.apache.kafka.common.utils.AppInfoParser:83] App info kafka.consumer for consumer-item_group-2 unregistered 
2025-01-16 12:14:57.064  INFO [org.springframework.kafka.listener.KafkaMessageListenerContainer:292] item_group: Consumer stopped 
2025-01-16 12:14:57.065  INFO [org.apache.kafka.common.utils.AppInfoParser:83] App info kafka.consumer for consumer-item_group-4 unregistered 
2025-01-16 12:14:57.065  INFO [org.springframework.kafka.listener.KafkaMessageListenerContainer:292] item_group: Consumer stopped 
2025-01-16 12:14:57.066  INFO [org.apache.kafka.common.utils.AppInfoParser:83] App info kafka.consumer for consumer-item_group-1 unregistered 
2025-01-16 12:14:57.066  INFO [org.springframework.kafka.listener.KafkaMessageListenerContainer:292] item_group: Consumer stopped 
2025-01-16 12:14:57.067  INFO [org.apache.kafka.common.utils.AppInfoParser:83] App info kafka.consumer for consumer-item_group-3 unregistered 
2025-01-16 12:14:57.067  INFO [org.springframework.kafka.listener.KafkaMessageListenerContainer:292] item_group: Consumer stopped 
2025-01-16 12:14:57.071  INFO [org.springframework.orm.jpa.LocalContainerEntityManagerFactoryBean:651] Closing JPA EntityManagerFactory for persistence unit 'default' 
2025-01-16 12:14:57.075  INFO [com.zaxxer.hikari.HikariDataSource:350] HikariPool-1 - Shutdown initiated... 
2025-01-16 12:14:57.079  INFO [com.zaxxer.hikari.HikariDataSource:352] HikariPool-1 - Shutdown completed. 
