2025-02-25 10:00:05.307 DEBUG [com.zaxxer.hikari.pool.HikariPool:421] HikariPool-1 - Pool stats (total=10, active=0, idle=10, waiting=0) 
2025-02-25 10:00:05.334 DEBUG [com.zaxxer.hikari.pool.HikariPool:518] HikariPool-1 - Fill pool skipped, pool is at sufficient level. 
2025-02-25 10:00:05.482 DEBUG [org.apache.catalina.session.ManagerBase:173] Start expire sessions StandardManager at 1740470405482 sessioncount 0 
2025-02-25 10:00:05.484 DEBUG [org.apache.catalina.session.ManagerBase:173] End expire sessions StandardManager processingTime 1 expired sessions: 0 
2025-02-25 10:00:35.350 DEBUG [com.zaxxer.hikari.pool.HikariPool:421] HikariPool-1 - Pool stats (total=10, active=0, idle=10, waiting=0) 
2025-02-25 10:00:35.351 DEBUG [com.zaxxer.hikari.pool.HikariPool:518] HikariPool-1 - Fill pool skipped, pool is at sufficient level. 
2025-02-25 10:01:05.357 DEBUG [com.zaxxer.hikari.pool.HikariPool:421] HikariPool-1 - Pool stats (total=10, active=0, idle=10, waiting=0) 
2025-02-25 10:01:05.358 DEBUG [com.zaxxer.hikari.pool.HikariPool:518] HikariPool-1 - Fill pool skipped, pool is at sufficient level. 
2025-02-25 10:01:05.594 DEBUG [org.apache.catalina.session.ManagerBase:173] Start expire sessions StandardManager at 1740470465594 sessioncount 0 
2025-02-25 10:01:05.595 DEBUG [org.apache.catalina.session.ManagerBase:173] End expire sessions StandardManager processingTime 1 expired sessions: 0 
2025-02-25 10:01:35.376 DEBUG [com.zaxxer.hikari.pool.HikariPool:421] HikariPool-1 - Pool stats (total=10, active=0, idle=10, waiting=0) 
2025-02-25 10:01:35.377 DEBUG [com.zaxxer.hikari.pool.HikariPool:518] HikariPool-1 - Fill pool skipped, pool is at sufficient level. 
2025-02-25 10:02:05.389 DEBUG [com.zaxxer.hikari.pool.HikariPool:421] HikariPool-1 - Pool stats (total=10, active=0, idle=10, waiting=0) 
2025-02-25 10:02:05.389 DEBUG [com.zaxxer.hikari.pool.HikariPool:518] HikariPool-1 - Fill pool skipped, pool is at sufficient level. 
2025-02-25 10:02:05.626 DEBUG [org.apache.catalina.session.ManagerBase:173] Start expire sessions StandardManager at 1740470525626 sessioncount 0 
2025-02-25 10:02:05.627 DEBUG [org.apache.catalina.session.ManagerBase:173] End expire sessions StandardManager processingTime 1 expired sessions: 0 
2025-02-25 10:02:35.405 DEBUG [com.zaxxer.hikari.pool.HikariPool:421] HikariPool-1 - Pool stats (total=10, active=0, idle=10, waiting=0) 
2025-02-25 10:02:35.405 DEBUG [com.zaxxer.hikari.pool.HikariPool:518] HikariPool-1 - Fill pool skipped, pool is at sufficient level. 
2025-02-25 10:03:05.420 DEBUG [com.zaxxer.hikari.pool.HikariPool:421] HikariPool-1 - Pool stats (total=10, active=0, idle=10, waiting=0) 
2025-02-25 10:03:05.421 DEBUG [com.zaxxer.hikari.pool.HikariPool:518] HikariPool-1 - Fill pool skipped, pool is at sufficient level. 
2025-02-25 10:03:05.670 DEBUG [org.apache.catalina.session.ManagerBase:173] Start expire sessions StandardManager at 1740470585670 sessioncount 0 
2025-02-25 10:03:05.671 DEBUG [org.apache.catalina.session.ManagerBase:173] End expire sessions StandardManager processingTime 1 expired sessions: 0 
2025-02-25 10:03:35.423 DEBUG [com.zaxxer.hikari.pool.HikariPool:421] HikariPool-1 - Pool stats (total=10, active=0, idle=10, waiting=0) 
2025-02-25 10:03:35.424 DEBUG [com.zaxxer.hikari.pool.HikariPool:518] HikariPool-1 - Fill pool skipped, pool is at sufficient level. 
2025-02-25 10:04:05.449 DEBUG [com.zaxxer.hikari.pool.HikariPool:421] HikariPool-1 - Pool stats (total=10, active=0, idle=10, waiting=0) 
2025-02-25 10:04:05.450 DEBUG [com.zaxxer.hikari.pool.HikariPool:518] HikariPool-1 - Fill pool skipped, pool is at sufficient level. 
2025-02-25 10:04:05.721 DEBUG [org.apache.catalina.session.ManagerBase:173] Start expire sessions StandardManager at 1740470645721 sessioncount 0 
2025-02-25 10:04:05.721 DEBUG [org.apache.catalina.session.ManagerBase:173] End expire sessions StandardManager processingTime 0 expired sessions: 0 
2025-02-25 10:04:35.462 DEBUG [com.zaxxer.hikari.pool.HikariPool:421] HikariPool-1 - Pool stats (total=10, active=0, idle=10, waiting=0) 
2025-02-25 10:04:35.464 DEBUG [com.zaxxer.hikari.pool.HikariPool:518] HikariPool-1 - Fill pool skipped, pool is at sufficient level. 
2025-02-25 10:05:05.469 DEBUG [com.zaxxer.hikari.pool.HikariPool:421] HikariPool-1 - Pool stats (total=10, active=0, idle=10, waiting=0) 
2025-02-25 10:05:05.470 DEBUG [com.zaxxer.hikari.pool.HikariPool:518] HikariPool-1 - Fill pool skipped, pool is at sufficient level. 
2025-02-25 10:05:05.771 DEBUG [org.apache.catalina.session.ManagerBase:173] Start expire sessions StandardManager at 1740470705770 sessioncount 0 
2025-02-25 10:05:05.772 DEBUG [org.apache.catalina.session.ManagerBase:173] End expire sessions StandardManager processingTime 2 expired sessions: 0 
2025-02-25 10:05:35.479 DEBUG [com.zaxxer.hikari.pool.HikariPool:421] HikariPool-1 - Pool stats (total=10, active=0, idle=10, waiting=0) 
2025-02-25 10:05:35.480 DEBUG [com.zaxxer.hikari.pool.HikariPool:518] HikariPool-1 - Fill pool skipped, pool is at sufficient level. 
2025-02-25 10:06:05.489 DEBUG [com.zaxxer.hikari.pool.HikariPool:421] HikariPool-1 - Pool stats (total=10, active=0, idle=10, waiting=0) 
2025-02-25 10:06:05.489 DEBUG [com.zaxxer.hikari.pool.HikariPool:518] HikariPool-1 - Fill pool skipped, pool is at sufficient level. 
2025-02-25 10:06:05.821 DEBUG [org.apache.catalina.session.ManagerBase:173] Start expire sessions StandardManager at 1740470765821 sessioncount 0 
2025-02-25 10:06:05.822 DEBUG [org.apache.catalina.session.ManagerBase:173] End expire sessions StandardManager processingTime 1 expired sessions: 0 
2025-02-25 10:06:35.497 DEBUG [com.zaxxer.hikari.pool.HikariPool:421] HikariPool-1 - Pool stats (total=10, active=0, idle=10, waiting=0) 
2025-02-25 10:06:35.498 DEBUG [com.zaxxer.hikari.pool.HikariPool:518] HikariPool-1 - Fill pool skipped, pool is at sufficient level. 
2025-02-25 10:07:05.502 DEBUG [com.zaxxer.hikari.pool.HikariPool:421] HikariPool-1 - Pool stats (total=10, active=0, idle=10, waiting=0) 
2025-02-25 10:07:05.502 DEBUG [com.zaxxer.hikari.pool.HikariPool:518] HikariPool-1 - Fill pool skipped, pool is at sufficient level. 
2025-02-25 10:07:05.864 DEBUG [org.apache.catalina.session.ManagerBase:173] Start expire sessions StandardManager at 1740470825863 sessioncount 0 
2025-02-25 10:07:05.864 DEBUG [org.apache.catalina.session.ManagerBase:173] End expire sessions StandardManager processingTime 1 expired sessions: 0 
2025-02-25 10:07:35.517 DEBUG [com.zaxxer.hikari.pool.HikariPool:421] HikariPool-1 - Pool stats (total=10, active=0, idle=10, waiting=0) 
2025-02-25 10:07:35.518 DEBUG [com.zaxxer.hikari.pool.HikariPool:518] HikariPool-1 - Fill pool skipped, pool is at sufficient level. 
2025-02-25 10:08:05.519 DEBUG [com.zaxxer.hikari.pool.HikariPool:421] HikariPool-1 - Pool stats (total=10, active=0, idle=10, waiting=0) 
2025-02-25 10:08:05.520 DEBUG [com.zaxxer.hikari.pool.HikariPool:518] HikariPool-1 - Fill pool skipped, pool is at sufficient level. 
2025-02-25 10:08:05.912 DEBUG [org.apache.catalina.session.ManagerBase:173] Start expire sessions StandardManager at 1740470885912 sessioncount 0 
2025-02-25 10:08:05.913 DEBUG [org.apache.catalina.session.ManagerBase:173] End expire sessions StandardManager processingTime 1 expired sessions: 0 
2025-02-25 10:08:35.529 DEBUG [com.zaxxer.hikari.pool.HikariPool:421] HikariPool-1 - Pool stats (total=10, active=0, idle=10, waiting=0) 
2025-02-25 10:08:35.529 DEBUG [com.zaxxer.hikari.pool.HikariPool:518] HikariPool-1 - Fill pool skipped, pool is at sufficient level. 
2025-02-25 10:09:05.530 DEBUG [com.zaxxer.hikari.pool.HikariPool:421] HikariPool-1 - Pool stats (total=10, active=0, idle=10, waiting=0) 
2025-02-25 10:09:05.531 DEBUG [com.zaxxer.hikari.pool.HikariPool:518] HikariPool-1 - Fill pool skipped, pool is at sufficient level. 
2025-02-25 10:09:05.975 DEBUG [org.apache.catalina.session.ManagerBase:173] Start expire sessions StandardManager at 1740470945975 sessioncount 0 
2025-02-25 10:09:05.976 DEBUG [org.apache.catalina.session.ManagerBase:173] End expire sessions StandardManager processingTime 1 expired sessions: 0 
2025-02-25 10:09:35.545 DEBUG [com.zaxxer.hikari.pool.HikariPool:421] HikariPool-1 - Pool stats (total=10, active=0, idle=10, waiting=0) 
2025-02-25 10:09:35.546 DEBUG [com.zaxxer.hikari.pool.HikariPool:518] HikariPool-1 - Fill pool skipped, pool is at sufficient level. 
2025-02-25 10:10:05.554 DEBUG [com.zaxxer.hikari.pool.HikariPool:421] HikariPool-1 - Pool stats (total=10, active=0, idle=10, waiting=0) 
2025-02-25 10:10:05.555 DEBUG [com.zaxxer.hikari.pool.HikariPool:518] HikariPool-1 - Fill pool skipped, pool is at sufficient level. 
2025-02-25 10:10:06.024 DEBUG [org.apache.catalina.session.ManagerBase:173] Start expire sessions StandardManager at 1740471006024 sessioncount 0 
2025-02-25 10:10:06.025 DEBUG [org.apache.catalina.session.ManagerBase:173] End expire sessions StandardManager processingTime 0 expired sessions: 0 
2025-02-25 10:10:35.561 DEBUG [com.zaxxer.hikari.pool.HikariPool:421] HikariPool-1 - Pool stats (total=10, active=0, idle=10, waiting=0) 
2025-02-25 10:10:35.562 DEBUG [com.zaxxer.hikari.pool.HikariPool:518] HikariPool-1 - Fill pool skipped, pool is at sufficient level. 
2025-02-25 10:11:05.575 DEBUG [com.zaxxer.hikari.pool.HikariPool:421] HikariPool-1 - Pool stats (total=10, active=0, idle=10, waiting=0) 
2025-02-25 10:11:05.576 DEBUG [com.zaxxer.hikari.pool.HikariPool:518] HikariPool-1 - Fill pool skipped, pool is at sufficient level. 
2025-02-25 10:11:06.077 DEBUG [org.apache.catalina.session.ManagerBase:173] Start expire sessions StandardManager at 1740471066077 sessioncount 0 
2025-02-25 10:11:06.081 DEBUG [org.apache.catalina.session.ManagerBase:173] End expire sessions StandardManager processingTime 3 expired sessions: 0 
2025-02-25 10:11:35.587 DEBUG [com.zaxxer.hikari.pool.HikariPool:421] HikariPool-1 - Pool stats (total=10, active=0, idle=10, waiting=0) 
2025-02-25 10:11:35.588 DEBUG [com.zaxxer.hikari.pool.HikariPool:518] HikariPool-1 - Fill pool skipped, pool is at sufficient level. 
2025-02-25 10:12:05.592 DEBUG [com.zaxxer.hikari.pool.HikariPool:421] HikariPool-1 - Pool stats (total=10, active=0, idle=10, waiting=0) 
2025-02-25 10:12:05.592 DEBUG [com.zaxxer.hikari.pool.HikariPool:518] HikariPool-1 - Fill pool skipped, pool is at sufficient level. 
2025-02-25 10:12:06.124 DEBUG [org.apache.catalina.session.ManagerBase:173] Start expire sessions StandardManager at 1740471126124 sessioncount 0 
2025-02-25 10:12:06.126 DEBUG [org.apache.catalina.session.ManagerBase:173] End expire sessions StandardManager processingTime 1 expired sessions: 0 
2025-02-25 10:12:35.599 DEBUG [com.zaxxer.hikari.pool.HikariPool:421] HikariPool-1 - Pool stats (total=10, active=0, idle=10, waiting=0) 
2025-02-25 10:12:35.603 DEBUG [com.zaxxer.hikari.pool.HikariPool:518] HikariPool-1 - Fill pool skipped, pool is at sufficient level. 
2025-02-25 10:13:05.611 DEBUG [com.zaxxer.hikari.pool.HikariPool:421] HikariPool-1 - Pool stats (total=10, active=0, idle=10, waiting=0) 
2025-02-25 10:13:05.612 DEBUG [com.zaxxer.hikari.pool.HikariPool:518] HikariPool-1 - Fill pool skipped, pool is at sufficient level. 
2025-02-25 10:13:06.158 DEBUG [org.apache.catalina.session.ManagerBase:173] Start expire sessions StandardManager at 1740471186158 sessioncount 0 
2025-02-25 10:13:06.160 DEBUG [org.apache.catalina.session.ManagerBase:173] End expire sessions StandardManager processingTime 0 expired sessions: 0 
2025-02-25 10:13:35.613 DEBUG [com.zaxxer.hikari.pool.HikariPool:421] HikariPool-1 - Pool stats (total=10, active=0, idle=10, waiting=0) 
2025-02-25 10:13:35.614 DEBUG [com.zaxxer.hikari.pool.HikariPool:518] HikariPool-1 - Fill pool skipped, pool is at sufficient level. 
2025-02-25 10:14:05.624 DEBUG [com.zaxxer.hikari.pool.HikariPool:421] HikariPool-1 - Pool stats (total=10, active=0, idle=10, waiting=0) 
2025-02-25 10:14:05.625 DEBUG [com.zaxxer.hikari.pool.HikariPool:518] HikariPool-1 - Fill pool skipped, pool is at sufficient level. 
2025-02-25 10:14:06.218 DEBUG [org.apache.catalina.session.ManagerBase:173] Start expire sessions StandardManager at 1740471246218 sessioncount 0 
2025-02-25 10:14:06.219 DEBUG [org.apache.catalina.session.ManagerBase:173] End expire sessions StandardManager processingTime 1 expired sessions: 0 
2025-02-25 10:14:35.628 DEBUG [com.zaxxer.hikari.pool.HikariPool:421] HikariPool-1 - Pool stats (total=10, active=0, idle=10, waiting=0) 
2025-02-25 10:14:35.629 DEBUG [com.zaxxer.hikari.pool.HikariPool:518] HikariPool-1 - Fill pool skipped, pool is at sufficient level. 
2025-02-25 10:15:05.639 DEBUG [com.zaxxer.hikari.pool.HikariPool:421] HikariPool-1 - Pool stats (total=10, active=0, idle=10, waiting=0) 
2025-02-25 10:15:05.640 DEBUG [com.zaxxer.hikari.pool.HikariPool:518] HikariPool-1 - Fill pool skipped, pool is at sufficient level. 
2025-02-25 10:15:06.297 DEBUG [org.apache.catalina.session.ManagerBase:173] Start expire sessions StandardManager at 1740471306297 sessioncount 0 
2025-02-25 10:15:06.298 DEBUG [org.apache.catalina.session.ManagerBase:173] End expire sessions StandardManager processingTime 1 expired sessions: 0 
2025-02-25 10:15:35.648 DEBUG [com.zaxxer.hikari.pool.HikariPool:421] HikariPool-1 - Pool stats (total=10, active=0, idle=10, waiting=0) 
2025-02-25 10:15:35.649 DEBUG [com.zaxxer.hikari.pool.HikariPool:518] HikariPool-1 - Fill pool skipped, pool is at sufficient level. 
2025-02-25 10:16:05.650 DEBUG [com.zaxxer.hikari.pool.HikariPool:421] HikariPool-1 - Pool stats (total=10, active=0, idle=10, waiting=0) 
2025-02-25 10:16:05.651 DEBUG [com.zaxxer.hikari.pool.HikariPool:518] HikariPool-1 - Fill pool skipped, pool is at sufficient level. 
2025-02-25 10:16:06.340 DEBUG [org.apache.catalina.session.ManagerBase:173] Start expire sessions StandardManager at 1740471366339 sessioncount 0 
2025-02-25 10:16:06.341 DEBUG [org.apache.catalina.session.ManagerBase:173] End expire sessions StandardManager processingTime 1 expired sessions: 0 
2025-02-25 10:16:35.661 DEBUG [com.zaxxer.hikari.pool.HikariPool:421] HikariPool-1 - Pool stats (total=10, active=0, idle=10, waiting=0) 
2025-02-25 10:16:35.661 DEBUG [com.zaxxer.hikari.pool.HikariPool:518] HikariPool-1 - Fill pool skipped, pool is at sufficient level. 
2025-02-25 10:17:05.665 DEBUG [com.zaxxer.hikari.pool.HikariPool:421] HikariPool-1 - Pool stats (total=10, active=0, idle=10, waiting=0) 
2025-02-25 10:17:05.666 DEBUG [com.zaxxer.hikari.pool.HikariPool:518] HikariPool-1 - Fill pool skipped, pool is at sufficient level. 
2025-02-25 10:17:06.396 DEBUG [org.apache.catalina.session.ManagerBase:173] Start expire sessions StandardManager at 1740471426396 sessioncount 0 
2025-02-25 10:17:06.397 DEBUG [org.apache.catalina.session.ManagerBase:173] End expire sessions StandardManager processingTime 1 expired sessions: 0 
2025-02-25 10:17:35.671 DEBUG [com.zaxxer.hikari.pool.HikariPool:421] HikariPool-1 - Pool stats (total=10, active=0, idle=10, waiting=0) 
2025-02-25 10:17:35.672 DEBUG [com.zaxxer.hikari.pool.HikariPool:518] HikariPool-1 - Fill pool skipped, pool is at sufficient level. 
2025-02-25 10:18:05.677 DEBUG [com.zaxxer.hikari.pool.HikariPool:421] HikariPool-1 - Pool stats (total=10, active=0, idle=10, waiting=0) 
2025-02-25 10:18:05.678 DEBUG [com.zaxxer.hikari.pool.HikariPool:518] HikariPool-1 - Fill pool skipped, pool is at sufficient level. 
2025-02-25 10:18:06.474 DEBUG [org.apache.catalina.session.ManagerBase:173] Start expire sessions StandardManager at 1740471486474 sessioncount 0 
2025-02-25 10:18:06.475 DEBUG [org.apache.catalina.session.ManagerBase:173] End expire sessions StandardManager processingTime 1 expired sessions: 0 
2025-02-25 10:18:35.682 DEBUG [com.zaxxer.hikari.pool.HikariPool:421] HikariPool-1 - Pool stats (total=10, active=0, idle=10, waiting=0) 
2025-02-25 10:18:35.682 DEBUG [com.zaxxer.hikari.pool.HikariPool:518] HikariPool-1 - Fill pool skipped, pool is at sufficient level. 
2025-02-25 10:19:05.695 DEBUG [com.zaxxer.hikari.pool.HikariPool:421] HikariPool-1 - Pool stats (total=10, active=0, idle=10, waiting=0) 
2025-02-25 10:19:05.695 DEBUG [com.zaxxer.hikari.pool.HikariPool:518] HikariPool-1 - Fill pool skipped, pool is at sufficient level. 
2025-02-25 10:19:06.546 DEBUG [org.apache.catalina.session.ManagerBase:173] Start expire sessions StandardManager at 1740471546546 sessioncount 0 
2025-02-25 10:19:06.548 DEBUG [org.apache.catalina.session.ManagerBase:173] End expire sessions StandardManager processingTime 2 expired sessions: 0 
2025-02-25 10:19:35.703 DEBUG [com.zaxxer.hikari.pool.HikariPool:421] HikariPool-1 - Pool stats (total=10, active=0, idle=10, waiting=0) 
2025-02-25 10:19:35.705 DEBUG [com.zaxxer.hikari.pool.HikariPool:518] HikariPool-1 - Fill pool skipped, pool is at sufficient level. 
2025-02-25 10:20:05.710 DEBUG [com.zaxxer.hikari.pool.HikariPool:421] HikariPool-1 - Pool stats (total=10, active=0, idle=10, waiting=0) 
2025-02-25 10:20:05.712 DEBUG [com.zaxxer.hikari.pool.HikariPool:518] HikariPool-1 - Fill pool skipped, pool is at sufficient level. 
2025-02-25 10:20:06.633 DEBUG [org.apache.catalina.session.ManagerBase:173] Start expire sessions StandardManager at 1740471606632 sessioncount 0 
2025-02-25 10:20:06.639 DEBUG [org.apache.catalina.session.ManagerBase:173] End expire sessions StandardManager processingTime 7 expired sessions: 0 
2025-02-25 10:20:35.718 DEBUG [com.zaxxer.hikari.pool.HikariPool:421] HikariPool-1 - Pool stats (total=10, active=0, idle=10, waiting=0) 
2025-02-25 10:20:35.719 DEBUG [com.zaxxer.hikari.pool.HikariPool:518] HikariPool-1 - Fill pool skipped, pool is at sufficient level. 
2025-02-25 10:21:05.722 DEBUG [com.zaxxer.hikari.pool.HikariPool:421] HikariPool-1 - Pool stats (total=10, active=0, idle=10, waiting=0) 
2025-02-25 10:21:05.723 DEBUG [com.zaxxer.hikari.pool.HikariPool:518] HikariPool-1 - Fill pool skipped, pool is at sufficient level. 
2025-02-25 10:21:06.703 DEBUG [org.apache.catalina.session.ManagerBase:173] Start expire sessions StandardManager at 1740471666703 sessioncount 0 
2025-02-25 10:21:06.704 DEBUG [org.apache.catalina.session.ManagerBase:173] End expire sessions StandardManager processingTime 0 expired sessions: 0 
2025-02-25 10:21:35.724 DEBUG [com.zaxxer.hikari.pool.HikariPool:421] HikariPool-1 - Pool stats (total=10, active=0, idle=10, waiting=0) 
2025-02-25 10:21:35.726 DEBUG [com.zaxxer.hikari.pool.HikariPool:518] HikariPool-1 - Fill pool skipped, pool is at sufficient level. 
2025-02-25 10:22:05.733 DEBUG [com.zaxxer.hikari.pool.HikariPool:421] HikariPool-1 - Pool stats (total=10, active=0, idle=10, waiting=0) 
2025-02-25 10:22:05.734 DEBUG [com.zaxxer.hikari.pool.HikariPool:518] HikariPool-1 - Fill pool skipped, pool is at sufficient level. 
2025-02-25 10:22:06.780 DEBUG [org.apache.catalina.session.ManagerBase:173] Start expire sessions StandardManager at 1740471726779 sessioncount 0 
2025-02-25 10:22:06.781 DEBUG [org.apache.catalina.session.ManagerBase:173] End expire sessions StandardManager processingTime 2 expired sessions: 0 
2025-02-25 10:22:35.750 DEBUG [com.zaxxer.hikari.pool.HikariPool:421] HikariPool-1 - Pool stats (total=10, active=0, idle=10, waiting=0) 
2025-02-25 10:22:35.750 DEBUG [com.zaxxer.hikari.pool.HikariPool:518] HikariPool-1 - Fill pool skipped, pool is at sufficient level. 
2025-02-25 10:23:05.753 DEBUG [com.zaxxer.hikari.pool.HikariPool:421] HikariPool-1 - Pool stats (total=10, active=0, idle=10, waiting=0) 
2025-02-25 10:23:05.754 DEBUG [com.zaxxer.hikari.pool.HikariPool:518] HikariPool-1 - Fill pool skipped, pool is at sufficient level. 
2025-02-25 10:23:06.830 DEBUG [org.apache.catalina.session.ManagerBase:173] Start expire sessions StandardManager at 1740471786830 sessioncount 0 
2025-02-25 10:23:06.831 DEBUG [org.apache.catalina.session.ManagerBase:173] End expire sessions StandardManager processingTime 1 expired sessions: 0 
2025-02-25 10:23:35.763 DEBUG [com.zaxxer.hikari.pool.HikariPool:421] HikariPool-1 - Pool stats (total=10, active=0, idle=10, waiting=0) 
2025-02-25 10:23:35.765 DEBUG [com.zaxxer.hikari.pool.HikariPool:518] HikariPool-1 - Fill pool skipped, pool is at sufficient level. 
2025-02-25 10:24:05.767 DEBUG [com.zaxxer.hikari.pool.HikariPool:421] HikariPool-1 - Pool stats (total=10, active=0, idle=10, waiting=0) 
2025-02-25 10:24:05.768 DEBUG [com.zaxxer.hikari.pool.HikariPool:518] HikariPool-1 - Fill pool skipped, pool is at sufficient level. 
2025-02-25 10:24:06.875 DEBUG [org.apache.catalina.session.ManagerBase:173] Start expire sessions StandardManager at 1740471846875 sessioncount 0 
2025-02-25 10:24:06.877 DEBUG [org.apache.catalina.session.ManagerBase:173] End expire sessions StandardManager processingTime 2 expired sessions: 0 
2025-02-25 10:24:23.913 DEBUG [com.zaxxer.hikari.pool.PoolBase:134] HikariPool-1 - Closing connection ConnectionID:2 ClientConnectionId: 5627af7c-9f67-43f7-9894-04314b1914f3: (connection has passed maxLifetime) 
2025-02-25 10:24:23.914 DEBUG [com.microsoft.sqlserver.jdbc.Driver:1244] Microsoft JDBC Driver 12.8.1.0 for SQL Server 
2025-02-25 10:24:23.915 DEBUG [com.microsoft.sqlserver.jdbc.internals.SQLServerDriver:307] Property:serverName Value:C21SQL04 
2025-02-25 10:24:23.915 DEBUG [com.microsoft.sqlserver.jdbc.internals.SQLServerDriver:344] Property:instanceName Value:AMOS.1 
2025-02-25 10:24:23.916 DEBUG [com.microsoft.sqlserver.jdbc.internals.SQLServerDriver:328] Property:portNumber Value:1433 
2025-02-25 10:24:23.916 DEBUG [com.microsoft.sqlserver.jdbc.internals.SQLServerDriver:394] Property:databaseName Value:CS_Caissa_Central_Master_Data 
2025-02-25 10:24:23.917 DEBUG [com.microsoft.sqlserver.jdbc.internals.SQLServerDriver:394] Property:integratedSecurity Value:true 
2025-02-25 10:24:23.917 DEBUG [com.microsoft.sqlserver.jdbc.internals.SQLServerDriver:514] Property:encrypt Value:false 
2025-02-25 10:24:23.918 DEBUG [com.microsoft.sqlserver.jdbc.internals.SQLServerConnection:1777] ConnectionID:11 created by (SQLServerDriver:1) 
2025-02-25 10:24:23.918 DEBUG [com.microsoft.sqlserver.jdbc.internals.SQLServerConnection:3750] ConnectionID:11 Connecting with server: C21SQL04 port: 1433 Timeout slice: 3750 Timeout Full: 30 
2025-02-25 10:24:24.018 DEBUG [com.microsoft.sqlserver.jdbc.internals.SQLServerConnection:4137] ConnectionID:11 ClientConnectionId: 625ab76b-840c-4f0a-83af-740df2eef9ad Server returned major version:13 
2025-02-25 10:24:24.096 DEBUG [com.microsoft.sqlserver.jdbc.internals.AuthenticationJNI:-2] C21SQL04 
2025-02-25 10:24:24.097 DEBUG [com.microsoft.sqlserver.jdbc.internals.AuthenticationJNI:-2] GetDnsName 
2025-02-25 10:24:24.123 DEBUG [com.microsoft.sqlserver.jdbc.internals.AuthenticationJNI:-2] GetDnsName success 
2025-02-25 10:24:24.123 DEBUG [com.microsoft.sqlserver.jdbc.internals.AuthenticationJNI:-2] AuthenticationJNI_SNISecGenClientContext called 
2025-02-25 10:24:24.124 DEBUG [com.microsoft.sqlserver.jdbc.internals.AuthenticationJNI:-2] C21SQL04.woolworths.co.za 
2025-02-25 10:24:24.152 DEBUG [com.microsoft.sqlserver.jdbc.internals.AuthenticationJNI:-2] MSSQLSvc/C21SQL04.woolworths.co.za:1433 
2025-02-25 10:24:24.153 DEBUG [com.microsoft.sqlserver.jdbc.internals.AuthenticationJNI:-2] MSSQLSvc/C21SQL04.woolworths.co.za:1433 
2025-02-25 10:24:24.153 DEBUG [com.microsoft.sqlserver.jdbc.internals.AuthenticationJNI:-2] Calling the SNISecGenClientContext
 
2025-02-25 10:24:24.153 DEBUG [com.microsoft.sqlserver.jdbc.internals.AuthenticationJNI:-2] SNISecGenClientContext called 
2025-02-25 10:24:24.154 DEBUG [com.microsoft.sqlserver.jdbc.internals.AuthenticationJNI:-2] negotiate 
2025-02-25 10:24:24.155 DEBUG [com.microsoft.sqlserver.jdbc.internals.AuthenticationJNI:-2] MSSQLSvc/C21SQL04.woolworths.co.za:1433 
2025-02-25 10:24:24.350 DEBUG [com.microsoft.sqlserver.jdbc.internals.AuthenticationJNI:-2] SEC Init succeeded 
2025-02-25 10:24:24.375 DEBUG [com.microsoft.sqlserver.jdbc.internals.AuthenticationJNI:-2] AuthenticationJNI_SNISecGenClientContext called 
2025-02-25 10:24:24.376 DEBUG [com.microsoft.sqlserver.jdbc.internals.AuthenticationJNI:-2] C21SQL04.woolworths.co.za 
2025-02-25 10:24:24.377 DEBUG [com.microsoft.sqlserver.jdbc.internals.AuthenticationJNI:-2] MSSQLSvc/C21SQL04.woolworths.co.za:1433 
2025-02-25 10:24:24.378 DEBUG [com.microsoft.sqlserver.jdbc.internals.AuthenticationJNI:-2] MSSQLSvc/C21SQL04.woolworths.co.za:1433 
2025-02-25 10:24:24.378 DEBUG [com.microsoft.sqlserver.jdbc.internals.AuthenticationJNI:-2] Calling the SNISecGenClientContext
 
2025-02-25 10:24:24.378 DEBUG [com.microsoft.sqlserver.jdbc.internals.AuthenticationJNI:-2] SNISecGenClientContext called 
2025-02-25 10:24:24.379 DEBUG [com.microsoft.sqlserver.jdbc.internals.AuthenticationJNI:-2] negotiate 
2025-02-25 10:24:24.379 DEBUG [com.microsoft.sqlserver.jdbc.internals.AuthenticationJNI:-2] MSSQLSvc/C21SQL04.woolworths.co.za:1433 
2025-02-25 10:24:24.380 DEBUG [com.microsoft.sqlserver.jdbc.internals.AuthenticationJNI:-2] SEC Init succeeded 
2025-02-25 10:24:24.445 DEBUG [com.zaxxer.hikari.pool.HikariPool:729] HikariPool-1 - Added connection ConnectionID:11 ClientConnectionId: 625ab76b-840c-4f0a-83af-740df2eef9ad 
2025-02-25 10:24:30.079 DEBUG [com.zaxxer.hikari.pool.PoolBase:134] HikariPool-1 - Closing connection ConnectionID:9 ClientConnectionId: 49469620-c1f6-4625-899a-c9ea531428ec: (connection has passed maxLifetime) 
2025-02-25 10:24:30.079 DEBUG [com.microsoft.sqlserver.jdbc.Driver:1244] Microsoft JDBC Driver 12.8.1.0 for SQL Server 
2025-02-25 10:24:30.080 DEBUG [com.microsoft.sqlserver.jdbc.internals.SQLServerDriver:307] Property:serverName Value:C21SQL04 
2025-02-25 10:24:30.081 DEBUG [com.microsoft.sqlserver.jdbc.internals.SQLServerDriver:344] Property:instanceName Value:AMOS.1 
2025-02-25 10:24:30.081 DEBUG [com.microsoft.sqlserver.jdbc.internals.SQLServerDriver:328] Property:portNumber Value:1433 
2025-02-25 10:24:30.082 DEBUG [com.microsoft.sqlserver.jdbc.internals.SQLServerDriver:394] Property:databaseName Value:CS_Caissa_Central_Master_Data 
2025-02-25 10:24:30.082 DEBUG [com.microsoft.sqlserver.jdbc.internals.SQLServerDriver:394] Property:integratedSecurity Value:true 
2025-02-25 10:24:30.083 DEBUG [com.microsoft.sqlserver.jdbc.internals.SQLServerDriver:514] Property:encrypt Value:false 
2025-02-25 10:24:30.083 DEBUG [com.microsoft.sqlserver.jdbc.internals.SQLServerConnection:1777] ConnectionID:12 created by (SQLServerDriver:1) 
2025-02-25 10:24:30.084 DEBUG [com.microsoft.sqlserver.jdbc.internals.SQLServerConnection:3750] ConnectionID:12 Connecting with server: C21SQL04 port: 1433 Timeout slice: 3750 Timeout Full: 30 
2025-02-25 10:24:30.129 DEBUG [com.microsoft.sqlserver.jdbc.internals.SQLServerConnection:4137] ConnectionID:12 ClientConnectionId: 675995fe-096f-4bc5-aa31-247b8e123011 Server returned major version:13 
2025-02-25 10:24:30.196 DEBUG [com.microsoft.sqlserver.jdbc.internals.AuthenticationJNI:-2] C21SQL04 
2025-02-25 10:24:30.197 DEBUG [com.microsoft.sqlserver.jdbc.internals.AuthenticationJNI:-2] GetDnsName 
2025-02-25 10:24:30.199 DEBUG [com.microsoft.sqlserver.jdbc.internals.AuthenticationJNI:-2] GetDnsName success 
2025-02-25 10:24:30.199 DEBUG [com.microsoft.sqlserver.jdbc.internals.AuthenticationJNI:-2] AuthenticationJNI_SNISecGenClientContext called 
2025-02-25 10:24:30.200 DEBUG [com.microsoft.sqlserver.jdbc.internals.AuthenticationJNI:-2] C21SQL04.woolworths.co.za 
2025-02-25 10:24:30.201 DEBUG [com.microsoft.sqlserver.jdbc.internals.AuthenticationJNI:-2] MSSQLSvc/C21SQL04.woolworths.co.za:1433 
2025-02-25 10:24:30.202 DEBUG [com.microsoft.sqlserver.jdbc.internals.AuthenticationJNI:-2] MSSQLSvc/C21SQL04.woolworths.co.za:1433 
2025-02-25 10:24:30.202 DEBUG [com.microsoft.sqlserver.jdbc.internals.AuthenticationJNI:-2] Calling the SNISecGenClientContext
 
2025-02-25 10:24:30.202 DEBUG [com.microsoft.sqlserver.jdbc.internals.AuthenticationJNI:-2] SNISecGenClientContext called 
2025-02-25 10:24:30.203 DEBUG [com.microsoft.sqlserver.jdbc.internals.AuthenticationJNI:-2] negotiate 
2025-02-25 10:24:30.203 DEBUG [com.microsoft.sqlserver.jdbc.internals.AuthenticationJNI:-2] MSSQLSvc/C21SQL04.woolworths.co.za:1433 
2025-02-25 10:24:30.205 DEBUG [com.microsoft.sqlserver.jdbc.internals.AuthenticationJNI:-2] SEC Init succeeded 
2025-02-25 10:24:30.232 DEBUG [com.microsoft.sqlserver.jdbc.internals.AuthenticationJNI:-2] AuthenticationJNI_SNISecGenClientContext called 
2025-02-25 10:24:30.233 DEBUG [com.microsoft.sqlserver.jdbc.internals.AuthenticationJNI:-2] C21SQL04.woolworths.co.za 
2025-02-25 10:24:30.235 DEBUG [com.microsoft.sqlserver.jdbc.internals.AuthenticationJNI:-2] MSSQLSvc/C21SQL04.woolworths.co.za:1433 
2025-02-25 10:24:30.235 DEBUG [com.microsoft.sqlserver.jdbc.internals.AuthenticationJNI:-2] MSSQLSvc/C21SQL04.woolworths.co.za:1433 
2025-02-25 10:24:30.236 DEBUG [com.microsoft.sqlserver.jdbc.internals.AuthenticationJNI:-2] Calling the SNISecGenClientContext
 
2025-02-25 10:24:30.236 DEBUG [com.microsoft.sqlserver.jdbc.internals.AuthenticationJNI:-2] SNISecGenClientContext called 
2025-02-25 10:24:30.237 DEBUG [com.microsoft.sqlserver.jdbc.internals.AuthenticationJNI:-2] negotiate 
2025-02-25 10:24:30.237 DEBUG [com.microsoft.sqlserver.jdbc.internals.AuthenticationJNI:-2] MSSQLSvc/C21SQL04.woolworths.co.za:1433 
2025-02-25 10:24:30.238 DEBUG [com.microsoft.sqlserver.jdbc.internals.AuthenticationJNI:-2] SEC Init succeeded 
2025-02-25 10:24:30.309 DEBUG [com.zaxxer.hikari.pool.HikariPool:729] HikariPool-1 - Added connection ConnectionID:12 ClientConnectionId: 675995fe-096f-4bc5-aa31-247b8e123011 
2025-02-25 10:24:32.522 DEBUG [com.zaxxer.hikari.pool.PoolBase:134] HikariPool-1 - Closing connection ConnectionID:1 ClientConnectionId: bccf7096-b769-4182-b0bc-6d8cc1d772d0: (connection has passed maxLifetime) 
2025-02-25 10:24:32.523 DEBUG [com.microsoft.sqlserver.jdbc.Driver:1244] Microsoft JDBC Driver 12.8.1.0 for SQL Server 
2025-02-25 10:24:32.525 DEBUG [com.microsoft.sqlserver.jdbc.internals.SQLServerDriver:307] Property:serverName Value:C21SQL04 
2025-02-25 10:24:32.526 DEBUG [com.microsoft.sqlserver.jdbc.internals.SQLServerDriver:344] Property:instanceName Value:AMOS.1 
2025-02-25 10:24:32.528 DEBUG [com.microsoft.sqlserver.jdbc.internals.SQLServerDriver:328] Property:portNumber Value:1433 
2025-02-25 10:24:32.528 DEBUG [com.microsoft.sqlserver.jdbc.internals.SQLServerDriver:394] Property:databaseName Value:CS_Caissa_Central_Master_Data 
2025-02-25 10:24:32.529 DEBUG [com.microsoft.sqlserver.jdbc.internals.SQLServerDriver:394] Property:integratedSecurity Value:true 
2025-02-25 10:24:32.529 DEBUG [com.microsoft.sqlserver.jdbc.internals.SQLServerDriver:514] Property:encrypt Value:false 
2025-02-25 10:24:32.530 DEBUG [com.microsoft.sqlserver.jdbc.internals.SQLServerConnection:1777] ConnectionID:13 created by (SQLServerDriver:1) 
2025-02-25 10:24:32.531 DEBUG [com.microsoft.sqlserver.jdbc.internals.SQLServerConnection:3750] ConnectionID:13 Connecting with server: C21SQL04 port: 1433 Timeout slice: 3750 Timeout Full: 30 
2025-02-25 10:24:32.579 DEBUG [com.microsoft.sqlserver.jdbc.internals.SQLServerConnection:4137] ConnectionID:13 ClientConnectionId: 1954d1bf-16a0-4a84-b752-a2625e837d8c Server returned major version:13 
2025-02-25 10:24:32.646 DEBUG [com.microsoft.sqlserver.jdbc.internals.AuthenticationJNI:-2] C21SQL04 
2025-02-25 10:24:32.647 DEBUG [com.microsoft.sqlserver.jdbc.internals.AuthenticationJNI:-2] GetDnsName 
2025-02-25 10:24:32.647 DEBUG [com.microsoft.sqlserver.jdbc.internals.AuthenticationJNI:-2] GetDnsName success 
2025-02-25 10:24:32.648 DEBUG [com.microsoft.sqlserver.jdbc.internals.AuthenticationJNI:-2] AuthenticationJNI_SNISecGenClientContext called 
2025-02-25 10:24:32.648 DEBUG [com.microsoft.sqlserver.jdbc.internals.AuthenticationJNI:-2] C21SQL04.woolworths.co.za 
2025-02-25 10:24:32.649 DEBUG [com.microsoft.sqlserver.jdbc.internals.AuthenticationJNI:-2] MSSQLSvc/C21SQL04.woolworths.co.za:1433 
2025-02-25 10:24:32.649 DEBUG [com.microsoft.sqlserver.jdbc.internals.AuthenticationJNI:-2] MSSQLSvc/C21SQL04.woolworths.co.za:1433 
2025-02-25 10:24:32.649 DEBUG [com.microsoft.sqlserver.jdbc.internals.AuthenticationJNI:-2] Calling the SNISecGenClientContext
 
2025-02-25 10:24:32.649 DEBUG [com.microsoft.sqlserver.jdbc.internals.AuthenticationJNI:-2] SNISecGenClientContext called 
2025-02-25 10:24:32.649 DEBUG [com.microsoft.sqlserver.jdbc.internals.AuthenticationJNI:-2] negotiate 
2025-02-25 10:24:32.650 DEBUG [com.microsoft.sqlserver.jdbc.internals.AuthenticationJNI:-2] MSSQLSvc/C21SQL04.woolworths.co.za:1433 
2025-02-25 10:24:32.650 DEBUG [com.microsoft.sqlserver.jdbc.internals.AuthenticationJNI:-2] SEC Init succeeded 
2025-02-25 10:24:32.668 DEBUG [com.microsoft.sqlserver.jdbc.internals.AuthenticationJNI:-2] AuthenticationJNI_SNISecGenClientContext called 
2025-02-25 10:24:32.668 DEBUG [com.microsoft.sqlserver.jdbc.internals.AuthenticationJNI:-2] C21SQL04.woolworths.co.za 
2025-02-25 10:24:32.669 DEBUG [com.microsoft.sqlserver.jdbc.internals.AuthenticationJNI:-2] MSSQLSvc/C21SQL04.woolworths.co.za:1433 
2025-02-25 10:24:32.669 DEBUG [com.microsoft.sqlserver.jdbc.internals.AuthenticationJNI:-2] MSSQLSvc/C21SQL04.woolworths.co.za:1433 
2025-02-25 10:24:32.669 DEBUG [com.microsoft.sqlserver.jdbc.internals.AuthenticationJNI:-2] Calling the SNISecGenClientContext
 
2025-02-25 10:24:32.670 DEBUG [com.microsoft.sqlserver.jdbc.internals.AuthenticationJNI:-2] SNISecGenClientContext called 
2025-02-25 10:24:32.670 DEBUG [com.microsoft.sqlserver.jdbc.internals.AuthenticationJNI:-2] negotiate 
2025-02-25 10:24:32.670 DEBUG [com.microsoft.sqlserver.jdbc.internals.AuthenticationJNI:-2] MSSQLSvc/C21SQL04.woolworths.co.za:1433 
2025-02-25 10:24:32.671 DEBUG [com.microsoft.sqlserver.jdbc.internals.AuthenticationJNI:-2] SEC Init succeeded 
2025-02-25 10:24:32.743 DEBUG [com.zaxxer.hikari.pool.HikariPool:729] HikariPool-1 - Added connection ConnectionID:13 ClientConnectionId: 1954d1bf-16a0-4a84-b752-a2625e837d8c 
2025-02-25 10:24:35.778 DEBUG [com.zaxxer.hikari.pool.HikariPool:421] HikariPool-1 - Pool stats (total=10, active=0, idle=10, waiting=0) 
2025-02-25 10:24:35.779 DEBUG [com.zaxxer.hikari.pool.HikariPool:518] HikariPool-1 - Fill pool skipped, pool is at sufficient level. 
2025-02-25 10:24:36.887 DEBUG [com.zaxxer.hikari.pool.PoolBase:134] HikariPool-1 - Closing connection ConnectionID:3 ClientConnectionId: 0f335a57-aea7-4d6f-978b-3dfc508a2e6e: (connection has passed maxLifetime) 
2025-02-25 10:24:36.887 DEBUG [com.microsoft.sqlserver.jdbc.Driver:1244] Microsoft JDBC Driver 12.8.1.0 for SQL Server 
2025-02-25 10:24:36.889 DEBUG [com.microsoft.sqlserver.jdbc.internals.SQLServerDriver:307] Property:serverName Value:C21SQL04 
2025-02-25 10:24:36.890 DEBUG [com.microsoft.sqlserver.jdbc.internals.SQLServerDriver:344] Property:instanceName Value:AMOS.1 
2025-02-25 10:24:36.891 DEBUG [com.microsoft.sqlserver.jdbc.internals.SQLServerDriver:328] Property:portNumber Value:1433 
2025-02-25 10:24:36.891 DEBUG [com.microsoft.sqlserver.jdbc.internals.SQLServerDriver:394] Property:databaseName Value:CS_Caissa_Central_Master_Data 
2025-02-25 10:24:36.892 DEBUG [com.microsoft.sqlserver.jdbc.internals.SQLServerDriver:394] Property:integratedSecurity Value:true 
2025-02-25 10:24:36.892 DEBUG [com.microsoft.sqlserver.jdbc.internals.SQLServerDriver:514] Property:encrypt Value:false 
2025-02-25 10:24:36.893 DEBUG [com.microsoft.sqlserver.jdbc.internals.SQLServerConnection:1777] ConnectionID:14 created by (SQLServerDriver:1) 
2025-02-25 10:24:36.894 DEBUG [com.microsoft.sqlserver.jdbc.internals.SQLServerConnection:3750] ConnectionID:14 Connecting with server: C21SQL04 port: 1433 Timeout slice: 3750 Timeout Full: 30 
2025-02-25 10:24:36.968 DEBUG [com.microsoft.sqlserver.jdbc.internals.SQLServerConnection:4137] ConnectionID:14 ClientConnectionId: cd84e13e-f927-4f5a-b358-d4f114a4f1f8 Server returned major version:13 
2025-02-25 10:24:37.028 DEBUG [com.microsoft.sqlserver.jdbc.internals.AuthenticationJNI:-2] C21SQL04 
2025-02-25 10:24:37.029 DEBUG [com.microsoft.sqlserver.jdbc.internals.AuthenticationJNI:-2] GetDnsName 
2025-02-25 10:24:37.030 DEBUG [com.microsoft.sqlserver.jdbc.internals.AuthenticationJNI:-2] GetDnsName success 
2025-02-25 10:24:37.031 DEBUG [com.microsoft.sqlserver.jdbc.internals.AuthenticationJNI:-2] AuthenticationJNI_SNISecGenClientContext called 
2025-02-25 10:24:37.031 DEBUG [com.microsoft.sqlserver.jdbc.internals.AuthenticationJNI:-2] C21SQL04.woolworths.co.za 
2025-02-25 10:24:37.032 DEBUG [com.microsoft.sqlserver.jdbc.internals.AuthenticationJNI:-2] MSSQLSvc/C21SQL04.woolworths.co.za:1433 
2025-02-25 10:24:37.032 DEBUG [com.microsoft.sqlserver.jdbc.internals.AuthenticationJNI:-2] MSSQLSvc/C21SQL04.woolworths.co.za:1433 
2025-02-25 10:24:37.033 DEBUG [com.microsoft.sqlserver.jdbc.internals.AuthenticationJNI:-2] Calling the SNISecGenClientContext
 
2025-02-25 10:24:37.033 DEBUG [com.microsoft.sqlserver.jdbc.internals.AuthenticationJNI:-2] SNISecGenClientContext called 
2025-02-25 10:24:37.034 DEBUG [com.microsoft.sqlserver.jdbc.internals.AuthenticationJNI:-2] negotiate 
2025-02-25 10:24:37.035 DEBUG [com.microsoft.sqlserver.jdbc.internals.AuthenticationJNI:-2] MSSQLSvc/C21SQL04.woolworths.co.za:1433 
2025-02-25 10:24:37.036 DEBUG [com.microsoft.sqlserver.jdbc.internals.AuthenticationJNI:-2] SEC Init succeeded 
2025-02-25 10:24:37.072 DEBUG [com.microsoft.sqlserver.jdbc.internals.AuthenticationJNI:-2] AuthenticationJNI_SNISecGenClientContext called 
2025-02-25 10:24:37.073 DEBUG [com.microsoft.sqlserver.jdbc.internals.AuthenticationJNI:-2] C21SQL04.woolworths.co.za 
2025-02-25 10:24:37.075 DEBUG [com.microsoft.sqlserver.jdbc.internals.AuthenticationJNI:-2] MSSQLSvc/C21SQL04.woolworths.co.za:1433 
2025-02-25 10:24:37.076 DEBUG [com.microsoft.sqlserver.jdbc.internals.AuthenticationJNI:-2] MSSQLSvc/C21SQL04.woolworths.co.za:1433 
2025-02-25 10:24:37.076 DEBUG [com.microsoft.sqlserver.jdbc.internals.AuthenticationJNI:-2] Calling the SNISecGenClientContext
 
2025-02-25 10:24:37.077 DEBUG [com.microsoft.sqlserver.jdbc.internals.AuthenticationJNI:-2] SNISecGenClientContext called 
2025-02-25 10:24:37.077 DEBUG [com.microsoft.sqlserver.jdbc.internals.AuthenticationJNI:-2] negotiate 
2025-02-25 10:24:37.078 DEBUG [com.microsoft.sqlserver.jdbc.internals.AuthenticationJNI:-2] MSSQLSvc/C21SQL04.woolworths.co.za:1433 
2025-02-25 10:24:37.079 DEBUG [com.microsoft.sqlserver.jdbc.internals.AuthenticationJNI:-2] SEC Init succeeded 
2025-02-25 10:24:37.133 DEBUG [com.zaxxer.hikari.pool.HikariPool:729] HikariPool-1 - Added connection ConnectionID:14 ClientConnectionId: cd84e13e-f927-4f5a-b358-d4f114a4f1f8 
2025-02-25 10:24:38.742 DEBUG [com.zaxxer.hikari.pool.PoolBase:134] HikariPool-1 - Closing connection ConnectionID:5 ClientConnectionId: 70e879e6-a9b5-429c-80f8-a55291f7c8b2: (connection has passed maxLifetime) 
2025-02-25 10:24:38.743 DEBUG [com.microsoft.sqlserver.jdbc.Driver:1244] Microsoft JDBC Driver 12.8.1.0 for SQL Server 
2025-02-25 10:24:38.745 DEBUG [com.microsoft.sqlserver.jdbc.internals.SQLServerDriver:307] Property:serverName Value:C21SQL04 
2025-02-25 10:24:38.745 DEBUG [com.microsoft.sqlserver.jdbc.internals.SQLServerDriver:344] Property:instanceName Value:AMOS.1 
2025-02-25 10:24:38.746 DEBUG [com.microsoft.sqlserver.jdbc.internals.SQLServerDriver:328] Property:portNumber Value:1433 
2025-02-25 10:24:38.746 DEBUG [com.microsoft.sqlserver.jdbc.internals.SQLServerDriver:394] Property:databaseName Value:CS_Caissa_Central_Master_Data 
2025-02-25 10:24:38.747 DEBUG [com.microsoft.sqlserver.jdbc.internals.SQLServerDriver:394] Property:integratedSecurity Value:true 
2025-02-25 10:24:38.747 DEBUG [com.microsoft.sqlserver.jdbc.internals.SQLServerDriver:514] Property:encrypt Value:false 
2025-02-25 10:24:38.748 DEBUG [com.microsoft.sqlserver.jdbc.internals.SQLServerConnection:1777] ConnectionID:15 created by (SQLServerDriver:1) 
2025-02-25 10:24:38.749 DEBUG [com.microsoft.sqlserver.jdbc.internals.SQLServerConnection:3750] ConnectionID:15 Connecting with server: C21SQL04 port: 1433 Timeout slice: 3750 Timeout Full: 30 
2025-02-25 10:24:38.805 DEBUG [com.zaxxer.hikari.pool.PoolBase:134] HikariPool-1 - Closing connection ConnectionID:4 ClientConnectionId: 862967ff-b63c-4625-be7c-c92697855732: (connection has passed maxLifetime) 
2025-02-25 10:24:38.805 DEBUG [com.zaxxer.hikari.pool.HikariPool:342] HikariPool-1 - Add connection elided, waiting 0, queue 1 
2025-02-25 10:24:38.818 DEBUG [com.microsoft.sqlserver.jdbc.internals.SQLServerConnection:4137] ConnectionID:15 ClientConnectionId: c33f78f3-d355-4098-a899-7d7634217320 Server returned major version:13 
2025-02-25 10:24:38.917 DEBUG [com.microsoft.sqlserver.jdbc.internals.AuthenticationJNI:-2] C21SQL04 
2025-02-25 10:24:38.918 DEBUG [com.microsoft.sqlserver.jdbc.internals.AuthenticationJNI:-2] GetDnsName 
2025-02-25 10:24:38.920 DEBUG [com.microsoft.sqlserver.jdbc.internals.AuthenticationJNI:-2] GetDnsName success 
2025-02-25 10:24:38.920 DEBUG [com.microsoft.sqlserver.jdbc.internals.AuthenticationJNI:-2] AuthenticationJNI_SNISecGenClientContext called 
2025-02-25 10:24:38.921 DEBUG [com.microsoft.sqlserver.jdbc.internals.AuthenticationJNI:-2] C21SQL04.woolworths.co.za 
2025-02-25 10:24:38.922 DEBUG [com.microsoft.sqlserver.jdbc.internals.AuthenticationJNI:-2] MSSQLSvc/C21SQL04.woolworths.co.za:1433 
2025-02-25 10:24:38.923 DEBUG [com.microsoft.sqlserver.jdbc.internals.AuthenticationJNI:-2] MSSQLSvc/C21SQL04.woolworths.co.za:1433 
2025-02-25 10:24:38.923 DEBUG [com.microsoft.sqlserver.jdbc.internals.AuthenticationJNI:-2] Calling the SNISecGenClientContext
 
2025-02-25 10:24:38.924 DEBUG [com.microsoft.sqlserver.jdbc.internals.AuthenticationJNI:-2] SNISecGenClientContext called 
2025-02-25 10:24:38.924 DEBUG [com.microsoft.sqlserver.jdbc.internals.AuthenticationJNI:-2] negotiate 
2025-02-25 10:24:38.925 DEBUG [com.microsoft.sqlserver.jdbc.internals.AuthenticationJNI:-2] MSSQLSvc/C21SQL04.woolworths.co.za:1433 
2025-02-25 10:24:38.927 DEBUG [com.microsoft.sqlserver.jdbc.internals.AuthenticationJNI:-2] SEC Init succeeded 
2025-02-25 10:24:38.949 DEBUG [com.microsoft.sqlserver.jdbc.internals.AuthenticationJNI:-2] AuthenticationJNI_SNISecGenClientContext called 
2025-02-25 10:24:38.949 DEBUG [com.microsoft.sqlserver.jdbc.internals.AuthenticationJNI:-2] C21SQL04.woolworths.co.za 
2025-02-25 10:24:38.950 DEBUG [com.microsoft.sqlserver.jdbc.internals.AuthenticationJNI:-2] MSSQLSvc/C21SQL04.woolworths.co.za:1433 
2025-02-25 10:24:38.950 DEBUG [com.microsoft.sqlserver.jdbc.internals.AuthenticationJNI:-2] MSSQLSvc/C21SQL04.woolworths.co.za:1433 
2025-02-25 10:24:38.950 DEBUG [com.microsoft.sqlserver.jdbc.internals.AuthenticationJNI:-2] Calling the SNISecGenClientContext
 
2025-02-25 10:24:38.950 DEBUG [com.microsoft.sqlserver.jdbc.internals.AuthenticationJNI:-2] SNISecGenClientContext called 
2025-02-25 10:24:38.951 DEBUG [com.microsoft.sqlserver.jdbc.internals.AuthenticationJNI:-2] negotiate 
2025-02-25 10:24:38.951 DEBUG [com.microsoft.sqlserver.jdbc.internals.AuthenticationJNI:-2] MSSQLSvc/C21SQL04.woolworths.co.za:1433 
2025-02-25 10:24:38.951 DEBUG [com.microsoft.sqlserver.jdbc.internals.AuthenticationJNI:-2] SEC Init succeeded 
2025-02-25 10:24:39.006 DEBUG [com.zaxxer.hikari.pool.HikariPool:729] HikariPool-1 - Added connection ConnectionID:15 ClientConnectionId: c33f78f3-d355-4098-a899-7d7634217320 
2025-02-25 10:24:39.006 DEBUG [com.microsoft.sqlserver.jdbc.Driver:1244] Microsoft JDBC Driver 12.8.1.0 for SQL Server 
2025-02-25 10:24:39.007 DEBUG [com.microsoft.sqlserver.jdbc.internals.SQLServerDriver:307] Property:serverName Value:C21SQL04 
2025-02-25 10:24:39.007 DEBUG [com.microsoft.sqlserver.jdbc.internals.SQLServerDriver:344] Property:instanceName Value:AMOS.1 
2025-02-25 10:24:39.007 DEBUG [com.microsoft.sqlserver.jdbc.internals.SQLServerDriver:328] Property:portNumber Value:1433 
2025-02-25 10:24:39.008 DEBUG [com.microsoft.sqlserver.jdbc.internals.SQLServerDriver:394] Property:databaseName Value:CS_Caissa_Central_Master_Data 
2025-02-25 10:24:39.008 DEBUG [com.microsoft.sqlserver.jdbc.internals.SQLServerDriver:394] Property:integratedSecurity Value:true 
2025-02-25 10:24:39.008 DEBUG [com.microsoft.sqlserver.jdbc.internals.SQLServerDriver:514] Property:encrypt Value:false 
2025-02-25 10:24:39.009 DEBUG [com.microsoft.sqlserver.jdbc.internals.SQLServerConnection:1777] ConnectionID:16 created by (SQLServerDriver:1) 
2025-02-25 10:24:39.009 DEBUG [com.microsoft.sqlserver.jdbc.internals.SQLServerConnection:3750] ConnectionID:16 Connecting with server: C21SQL04 port: 1433 Timeout slice: 3750 Timeout Full: 30 
2025-02-25 10:24:39.052 DEBUG [com.microsoft.sqlserver.jdbc.internals.SQLServerConnection:4137] ConnectionID:16 ClientConnectionId: 55888efa-3ffb-46a6-b9ea-9dd0f35fdc87 Server returned major version:13 
2025-02-25 10:24:39.179 DEBUG [com.microsoft.sqlserver.jdbc.internals.AuthenticationJNI:-2] C21SQL04 
2025-02-25 10:24:39.179 DEBUG [com.microsoft.sqlserver.jdbc.internals.AuthenticationJNI:-2] GetDnsName 
2025-02-25 10:24:39.180 DEBUG [com.microsoft.sqlserver.jdbc.internals.AuthenticationJNI:-2] GetDnsName success 
2025-02-25 10:24:39.180 DEBUG [com.microsoft.sqlserver.jdbc.internals.AuthenticationJNI:-2] AuthenticationJNI_SNISecGenClientContext called 
2025-02-25 10:24:39.180 DEBUG [com.microsoft.sqlserver.jdbc.internals.AuthenticationJNI:-2] C21SQL04.woolworths.co.za 
2025-02-25 10:24:39.181 DEBUG [com.microsoft.sqlserver.jdbc.internals.AuthenticationJNI:-2] MSSQLSvc/C21SQL04.woolworths.co.za:1433 
2025-02-25 10:24:39.181 DEBUG [com.microsoft.sqlserver.jdbc.internals.AuthenticationJNI:-2] MSSQLSvc/C21SQL04.woolworths.co.za:1433 
2025-02-25 10:24:39.181 DEBUG [com.microsoft.sqlserver.jdbc.internals.AuthenticationJNI:-2] Calling the SNISecGenClientContext
 
2025-02-25 10:24:39.181 DEBUG [com.microsoft.sqlserver.jdbc.internals.AuthenticationJNI:-2] SNISecGenClientContext called 
2025-02-25 10:24:39.181 DEBUG [com.microsoft.sqlserver.jdbc.internals.AuthenticationJNI:-2] negotiate 
2025-02-25 10:24:39.182 DEBUG [com.microsoft.sqlserver.jdbc.internals.AuthenticationJNI:-2] MSSQLSvc/C21SQL04.woolworths.co.za:1433 
2025-02-25 10:24:39.182 DEBUG [com.microsoft.sqlserver.jdbc.internals.AuthenticationJNI:-2] SEC Init succeeded 
2025-02-25 10:24:39.212 DEBUG [com.microsoft.sqlserver.jdbc.internals.AuthenticationJNI:-2] AuthenticationJNI_SNISecGenClientContext called 
2025-02-25 10:24:39.212 DEBUG [com.microsoft.sqlserver.jdbc.internals.AuthenticationJNI:-2] C21SQL04.woolworths.co.za 
2025-02-25 10:24:39.213 DEBUG [com.microsoft.sqlserver.jdbc.internals.AuthenticationJNI:-2] MSSQLSvc/C21SQL04.woolworths.co.za:1433 
2025-02-25 10:24:39.213 DEBUG [com.microsoft.sqlserver.jdbc.internals.AuthenticationJNI:-2] MSSQLSvc/C21SQL04.woolworths.co.za:1433 
2025-02-25 10:24:39.214 DEBUG [com.microsoft.sqlserver.jdbc.internals.AuthenticationJNI:-2] Calling the SNISecGenClientContext
 
2025-02-25 10:24:39.214 DEBUG [com.microsoft.sqlserver.jdbc.internals.AuthenticationJNI:-2] SNISecGenClientContext called 
2025-02-25 10:24:39.214 DEBUG [com.microsoft.sqlserver.jdbc.internals.AuthenticationJNI:-2] negotiate 
2025-02-25 10:24:39.214 DEBUG [com.microsoft.sqlserver.jdbc.internals.AuthenticationJNI:-2] MSSQLSvc/C21SQL04.woolworths.co.za:1433 
2025-02-25 10:24:39.215 DEBUG [com.microsoft.sqlserver.jdbc.internals.AuthenticationJNI:-2] SEC Init succeeded 
2025-02-25 10:24:39.472 DEBUG [com.zaxxer.hikari.pool.HikariPool:729] HikariPool-1 - Added connection ConnectionID:16 ClientConnectionId: 55888efa-3ffb-46a6-b9ea-9dd0f35fdc87 
2025-02-25 10:24:39.473 DEBUG [com.zaxxer.hikari.pool.HikariPool:421] HikariPool-1 - After adding stats (total=10, active=0, idle=10, waiting=0) 
2025-02-25 10:24:43.689 DEBUG [com.zaxxer.hikari.pool.PoolBase:134] HikariPool-1 - Closing connection ConnectionID:8 ClientConnectionId: 5e26d873-551c-4164-8a19-80a920bbc99b: (connection has passed maxLifetime) 
2025-02-25 10:24:43.689 DEBUG [com.microsoft.sqlserver.jdbc.Driver:1244] Microsoft JDBC Driver 12.8.1.0 for SQL Server 
2025-02-25 10:24:43.690 DEBUG [com.microsoft.sqlserver.jdbc.internals.SQLServerDriver:307] Property:serverName Value:C21SQL04 
2025-02-25 10:24:43.691 DEBUG [com.microsoft.sqlserver.jdbc.internals.SQLServerDriver:344] Property:instanceName Value:AMOS.1 
2025-02-25 10:24:43.692 DEBUG [com.microsoft.sqlserver.jdbc.internals.SQLServerDriver:328] Property:portNumber Value:1433 
2025-02-25 10:24:43.692 DEBUG [com.microsoft.sqlserver.jdbc.internals.SQLServerDriver:394] Property:databaseName Value:CS_Caissa_Central_Master_Data 
2025-02-25 10:24:43.693 DEBUG [com.microsoft.sqlserver.jdbc.internals.SQLServerDriver:394] Property:integratedSecurity Value:true 
2025-02-25 10:24:43.693 DEBUG [com.microsoft.sqlserver.jdbc.internals.SQLServerDriver:514] Property:encrypt Value:false 
2025-02-25 10:24:43.694 DEBUG [com.microsoft.sqlserver.jdbc.internals.SQLServerConnection:1777] ConnectionID:17 created by (SQLServerDriver:1) 
2025-02-25 10:24:43.695 DEBUG [com.microsoft.sqlserver.jdbc.internals.SQLServerConnection:3750] ConnectionID:17 Connecting with server: C21SQL04 port: 1433 Timeout slice: 3750 Timeout Full: 30 
2025-02-25 10:24:43.739 DEBUG [com.microsoft.sqlserver.jdbc.internals.SQLServerConnection:4137] ConnectionID:17 ClientConnectionId: 4976a2d5-3344-4fb4-a361-f28bfbc959ab Server returned major version:13 
2025-02-25 10:24:43.813 DEBUG [com.microsoft.sqlserver.jdbc.internals.AuthenticationJNI:-2] C21SQL04 
2025-02-25 10:24:43.813 DEBUG [com.microsoft.sqlserver.jdbc.internals.AuthenticationJNI:-2] GetDnsName 
2025-02-25 10:24:43.814 DEBUG [com.microsoft.sqlserver.jdbc.internals.AuthenticationJNI:-2] GetDnsName success 
2025-02-25 10:24:43.814 DEBUG [com.microsoft.sqlserver.jdbc.internals.AuthenticationJNI:-2] AuthenticationJNI_SNISecGenClientContext called 
2025-02-25 10:24:43.814 DEBUG [com.microsoft.sqlserver.jdbc.internals.AuthenticationJNI:-2] C21SQL04.woolworths.co.za 
2025-02-25 10:24:43.815 DEBUG [com.microsoft.sqlserver.jdbc.internals.AuthenticationJNI:-2] MSSQLSvc/C21SQL04.woolworths.co.za:1433 
2025-02-25 10:24:43.815 DEBUG [com.microsoft.sqlserver.jdbc.internals.AuthenticationJNI:-2] MSSQLSvc/C21SQL04.woolworths.co.za:1433 
2025-02-25 10:24:43.815 DEBUG [com.microsoft.sqlserver.jdbc.internals.AuthenticationJNI:-2] Calling the SNISecGenClientContext
 
2025-02-25 10:24:43.815 DEBUG [com.microsoft.sqlserver.jdbc.internals.AuthenticationJNI:-2] SNISecGenClientContext called 
2025-02-25 10:24:43.816 DEBUG [com.microsoft.sqlserver.jdbc.internals.AuthenticationJNI:-2] negotiate 
2025-02-25 10:24:43.816 DEBUG [com.microsoft.sqlserver.jdbc.internals.AuthenticationJNI:-2] MSSQLSvc/C21SQL04.woolworths.co.za:1433 
2025-02-25 10:24:43.817 DEBUG [com.microsoft.sqlserver.jdbc.internals.AuthenticationJNI:-2] SEC Init succeeded 
2025-02-25 10:24:43.874 DEBUG [com.microsoft.sqlserver.jdbc.internals.AuthenticationJNI:-2] AuthenticationJNI_SNISecGenClientContext called 
2025-02-25 10:24:43.875 DEBUG [com.microsoft.sqlserver.jdbc.internals.AuthenticationJNI:-2] C21SQL04.woolworths.co.za 
2025-02-25 10:24:43.877 DEBUG [com.microsoft.sqlserver.jdbc.internals.AuthenticationJNI:-2] MSSQLSvc/C21SQL04.woolworths.co.za:1433 
2025-02-25 10:24:43.878 DEBUG [com.microsoft.sqlserver.jdbc.internals.AuthenticationJNI:-2] MSSQLSvc/C21SQL04.woolworths.co.za:1433 
2025-02-25 10:24:43.878 DEBUG [com.microsoft.sqlserver.jdbc.internals.AuthenticationJNI:-2] Calling the SNISecGenClientContext
 
2025-02-25 10:24:43.879 DEBUG [com.microsoft.sqlserver.jdbc.internals.AuthenticationJNI:-2] SNISecGenClientContext called 
2025-02-25 10:24:43.879 DEBUG [com.microsoft.sqlserver.jdbc.internals.AuthenticationJNI:-2] negotiate 
2025-02-25 10:24:43.879 DEBUG [com.microsoft.sqlserver.jdbc.internals.AuthenticationJNI:-2] MSSQLSvc/C21SQL04.woolworths.co.za:1433 
2025-02-25 10:24:43.880 DEBUG [com.microsoft.sqlserver.jdbc.internals.AuthenticationJNI:-2] SEC Init succeeded 
2025-02-25 10:24:43.936 DEBUG [com.zaxxer.hikari.pool.HikariPool:729] HikariPool-1 - Added connection ConnectionID:17 ClientConnectionId: 4976a2d5-3344-4fb4-a361-f28bfbc959ab 
2025-02-25 10:24:44.887 DEBUG [com.zaxxer.hikari.pool.PoolBase:134] HikariPool-1 - Closing connection ConnectionID:6 ClientConnectionId: 7f0d7f06-13a8-4f30-adaa-94b8e2d50dea: (connection has passed maxLifetime) 
2025-02-25 10:24:44.887 DEBUG [com.microsoft.sqlserver.jdbc.Driver:1244] Microsoft JDBC Driver 12.8.1.0 for SQL Server 
2025-02-25 10:24:44.889 DEBUG [com.microsoft.sqlserver.jdbc.internals.SQLServerDriver:307] Property:serverName Value:C21SQL04 
2025-02-25 10:24:44.889 DEBUG [com.microsoft.sqlserver.jdbc.internals.SQLServerDriver:344] Property:instanceName Value:AMOS.1 
2025-02-25 10:24:44.890 DEBUG [com.microsoft.sqlserver.jdbc.internals.SQLServerDriver:328] Property:portNumber Value:1433 
2025-02-25 10:24:44.890 DEBUG [com.microsoft.sqlserver.jdbc.internals.SQLServerDriver:394] Property:databaseName Value:CS_Caissa_Central_Master_Data 
2025-02-25 10:24:44.891 DEBUG [com.microsoft.sqlserver.jdbc.internals.SQLServerDriver:394] Property:integratedSecurity Value:true 
2025-02-25 10:24:44.891 DEBUG [com.microsoft.sqlserver.jdbc.internals.SQLServerDriver:514] Property:encrypt Value:false 
2025-02-25 10:24:44.892 DEBUG [com.microsoft.sqlserver.jdbc.internals.SQLServerConnection:1777] ConnectionID:18 created by (SQLServerDriver:1) 
2025-02-25 10:24:44.892 DEBUG [com.microsoft.sqlserver.jdbc.internals.SQLServerConnection:3750] ConnectionID:18 Connecting with server: C21SQL04 port: 1433 Timeout slice: 3750 Timeout Full: 30 
2025-02-25 10:24:44.977 DEBUG [com.microsoft.sqlserver.jdbc.internals.SQLServerConnection:4137] ConnectionID:18 ClientConnectionId: 852591ae-abf9-4f26-b05e-c22a578ae4aa Server returned major version:13 
2025-02-25 10:24:45.074 DEBUG [com.microsoft.sqlserver.jdbc.internals.AuthenticationJNI:-2] C21SQL04 
2025-02-25 10:24:45.074 DEBUG [com.microsoft.sqlserver.jdbc.internals.AuthenticationJNI:-2] GetDnsName 
2025-02-25 10:24:45.075 DEBUG [com.microsoft.sqlserver.jdbc.internals.AuthenticationJNI:-2] GetDnsName success 
2025-02-25 10:24:45.076 DEBUG [com.microsoft.sqlserver.jdbc.internals.AuthenticationJNI:-2] AuthenticationJNI_SNISecGenClientContext called 
2025-02-25 10:24:45.076 DEBUG [com.microsoft.sqlserver.jdbc.internals.AuthenticationJNI:-2] C21SQL04.woolworths.co.za 
2025-02-25 10:24:45.077 DEBUG [com.microsoft.sqlserver.jdbc.internals.AuthenticationJNI:-2] MSSQLSvc/C21SQL04.woolworths.co.za:1433 
2025-02-25 10:24:45.077 DEBUG [com.microsoft.sqlserver.jdbc.internals.AuthenticationJNI:-2] MSSQLSvc/C21SQL04.woolworths.co.za:1433 
2025-02-25 10:24:45.077 DEBUG [com.microsoft.sqlserver.jdbc.internals.AuthenticationJNI:-2] Calling the SNISecGenClientContext
 
2025-02-25 10:24:45.077 DEBUG [com.microsoft.sqlserver.jdbc.internals.AuthenticationJNI:-2] SNISecGenClientContext called 
2025-02-25 10:24:45.078 DEBUG [com.microsoft.sqlserver.jdbc.internals.AuthenticationJNI:-2] negotiate 
2025-02-25 10:24:45.078 DEBUG [com.microsoft.sqlserver.jdbc.internals.AuthenticationJNI:-2] MSSQLSvc/C21SQL04.woolworths.co.za:1433 
2025-02-25 10:24:45.079 DEBUG [com.microsoft.sqlserver.jdbc.internals.AuthenticationJNI:-2] SEC Init succeeded 
2025-02-25 10:24:45.100 DEBUG [com.microsoft.sqlserver.jdbc.internals.AuthenticationJNI:-2] AuthenticationJNI_SNISecGenClientContext called 
2025-02-25 10:24:45.101 DEBUG [com.microsoft.sqlserver.jdbc.internals.AuthenticationJNI:-2] C21SQL04.woolworths.co.za 
2025-02-25 10:24:45.103 DEBUG [com.microsoft.sqlserver.jdbc.internals.AuthenticationJNI:-2] MSSQLSvc/C21SQL04.woolworths.co.za:1433 
2025-02-25 10:24:45.103 DEBUG [com.microsoft.sqlserver.jdbc.internals.AuthenticationJNI:-2] MSSQLSvc/C21SQL04.woolworths.co.za:1433 
2025-02-25 10:24:45.104 DEBUG [com.microsoft.sqlserver.jdbc.internals.AuthenticationJNI:-2] Calling the SNISecGenClientContext
 
2025-02-25 10:24:45.104 DEBUG [com.microsoft.sqlserver.jdbc.internals.AuthenticationJNI:-2] SNISecGenClientContext called 
2025-02-25 10:24:45.104 DEBUG [com.microsoft.sqlserver.jdbc.internals.AuthenticationJNI:-2] negotiate 
2025-02-25 10:24:45.104 DEBUG [com.microsoft.sqlserver.jdbc.internals.AuthenticationJNI:-2] MSSQLSvc/C21SQL04.woolworths.co.za:1433 
2025-02-25 10:24:45.105 DEBUG [com.microsoft.sqlserver.jdbc.internals.AuthenticationJNI:-2] SEC Init succeeded 
2025-02-25 10:24:45.160 DEBUG [com.zaxxer.hikari.pool.HikariPool:729] HikariPool-1 - Added connection ConnectionID:18 ClientConnectionId: 852591ae-abf9-4f26-b05e-c22a578ae4aa 
2025-02-25 10:24:46.806 DEBUG [com.zaxxer.hikari.pool.PoolBase:134] HikariPool-1 - Closing connection ConnectionID:10 ClientConnectionId: 1ad8ff34-d442-486f-8f35-5240dc47a0f6: (connection has passed maxLifetime) 
2025-02-25 10:24:46.806 DEBUG [com.microsoft.sqlserver.jdbc.Driver:1244] Microsoft JDBC Driver 12.8.1.0 for SQL Server 
2025-02-25 10:24:46.807 DEBUG [com.microsoft.sqlserver.jdbc.internals.SQLServerDriver:307] Property:serverName Value:C21SQL04 
2025-02-25 10:24:46.808 DEBUG [com.microsoft.sqlserver.jdbc.internals.SQLServerDriver:344] Property:instanceName Value:AMOS.1 
2025-02-25 10:24:46.808 DEBUG [com.microsoft.sqlserver.jdbc.internals.SQLServerDriver:328] Property:portNumber Value:1433 
2025-02-25 10:24:46.809 DEBUG [com.microsoft.sqlserver.jdbc.internals.SQLServerDriver:394] Property:databaseName Value:CS_Caissa_Central_Master_Data 
2025-02-25 10:24:46.809 DEBUG [com.microsoft.sqlserver.jdbc.internals.SQLServerDriver:394] Property:integratedSecurity Value:true 
2025-02-25 10:24:46.810 DEBUG [com.microsoft.sqlserver.jdbc.internals.SQLServerDriver:514] Property:encrypt Value:false 
2025-02-25 10:24:46.810 DEBUG [com.microsoft.sqlserver.jdbc.internals.SQLServerConnection:1777] ConnectionID:19 created by (SQLServerDriver:1) 
2025-02-25 10:24:46.811 DEBUG [com.microsoft.sqlserver.jdbc.internals.SQLServerConnection:3750] ConnectionID:19 Connecting with server: C21SQL04 port: 1433 Timeout slice: 3750 Timeout Full: 30 
2025-02-25 10:24:46.856 DEBUG [com.microsoft.sqlserver.jdbc.internals.SQLServerConnection:4137] ConnectionID:19 ClientConnectionId: 35239b90-9630-4dba-aedd-73468d5e0f4a Server returned major version:13 
2025-02-25 10:24:46.953 DEBUG [com.microsoft.sqlserver.jdbc.internals.AuthenticationJNI:-2] C21SQL04 
2025-02-25 10:24:46.953 DEBUG [com.microsoft.sqlserver.jdbc.internals.AuthenticationJNI:-2] GetDnsName 
2025-02-25 10:24:46.954 DEBUG [com.microsoft.sqlserver.jdbc.internals.AuthenticationJNI:-2] GetDnsName success 
2025-02-25 10:24:46.954 DEBUG [com.microsoft.sqlserver.jdbc.internals.AuthenticationJNI:-2] AuthenticationJNI_SNISecGenClientContext called 
2025-02-25 10:24:46.954 DEBUG [com.microsoft.sqlserver.jdbc.internals.AuthenticationJNI:-2] C21SQL04.woolworths.co.za 
2025-02-25 10:24:46.955 DEBUG [com.microsoft.sqlserver.jdbc.internals.AuthenticationJNI:-2] MSSQLSvc/C21SQL04.woolworths.co.za:1433 
2025-02-25 10:24:46.955 DEBUG [com.microsoft.sqlserver.jdbc.internals.AuthenticationJNI:-2] MSSQLSvc/C21SQL04.woolworths.co.za:1433 
2025-02-25 10:24:46.955 DEBUG [com.microsoft.sqlserver.jdbc.internals.AuthenticationJNI:-2] Calling the SNISecGenClientContext
 
2025-02-25 10:24:46.955 DEBUG [com.microsoft.sqlserver.jdbc.internals.AuthenticationJNI:-2] SNISecGenClientContext called 
2025-02-25 10:24:46.955 DEBUG [com.microsoft.sqlserver.jdbc.internals.AuthenticationJNI:-2] negotiate 
2025-02-25 10:24:46.955 DEBUG [com.microsoft.sqlserver.jdbc.internals.AuthenticationJNI:-2] MSSQLSvc/C21SQL04.woolworths.co.za:1433 
2025-02-25 10:24:46.956 DEBUG [com.microsoft.sqlserver.jdbc.internals.AuthenticationJNI:-2] SEC Init succeeded 
2025-02-25 10:24:46.976 DEBUG [com.microsoft.sqlserver.jdbc.internals.AuthenticationJNI:-2] AuthenticationJNI_SNISecGenClientContext called 
2025-02-25 10:24:46.977 DEBUG [com.microsoft.sqlserver.jdbc.internals.AuthenticationJNI:-2] C21SQL04.woolworths.co.za 
2025-02-25 10:24:46.979 DEBUG [com.microsoft.sqlserver.jdbc.internals.AuthenticationJNI:-2] MSSQLSvc/C21SQL04.woolworths.co.za:1433 
2025-02-25 10:24:46.980 DEBUG [com.microsoft.sqlserver.jdbc.internals.AuthenticationJNI:-2] MSSQLSvc/C21SQL04.woolworths.co.za:1433 
2025-02-25 10:24:46.980 DEBUG [com.microsoft.sqlserver.jdbc.internals.AuthenticationJNI:-2] Calling the SNISecGenClientContext
 
2025-02-25 10:24:46.981 DEBUG [com.microsoft.sqlserver.jdbc.internals.AuthenticationJNI:-2] SNISecGenClientContext called 
2025-02-25 10:24:46.981 DEBUG [com.microsoft.sqlserver.jdbc.internals.AuthenticationJNI:-2] negotiate 
2025-02-25 10:24:46.981 DEBUG [com.microsoft.sqlserver.jdbc.internals.AuthenticationJNI:-2] MSSQLSvc/C21SQL04.woolworths.co.za:1433 
2025-02-25 10:24:46.982 DEBUG [com.microsoft.sqlserver.jdbc.internals.AuthenticationJNI:-2] SEC Init succeeded 
2025-02-25 10:24:47.032 DEBUG [com.zaxxer.hikari.pool.HikariPool:729] HikariPool-1 - Added connection ConnectionID:19 ClientConnectionId: 35239b90-9630-4dba-aedd-73468d5e0f4a 
2025-02-25 10:25:02.673 DEBUG [com.zaxxer.hikari.pool.PoolBase:134] HikariPool-1 - Closing connection ConnectionID:7 ClientConnectionId: e445c4ad-5e87-4ed5-a8b2-20335c3afb04: (connection has passed maxLifetime) 
2025-02-25 10:25:02.674 DEBUG [com.microsoft.sqlserver.jdbc.Driver:1244] Microsoft JDBC Driver 12.8.1.0 for SQL Server 
2025-02-25 10:25:02.675 DEBUG [com.microsoft.sqlserver.jdbc.internals.SQLServerDriver:307] Property:serverName Value:C21SQL04 
2025-02-25 10:25:02.677 DEBUG [com.microsoft.sqlserver.jdbc.internals.SQLServerDriver:344] Property:instanceName Value:AMOS.1 
2025-02-25 10:25:02.677 DEBUG [com.microsoft.sqlserver.jdbc.internals.SQLServerDriver:328] Property:portNumber Value:1433 
2025-02-25 10:25:02.677 DEBUG [com.microsoft.sqlserver.jdbc.internals.SQLServerDriver:394] Property:databaseName Value:CS_Caissa_Central_Master_Data 
2025-02-25 10:25:02.678 DEBUG [com.microsoft.sqlserver.jdbc.internals.SQLServerDriver:394] Property:integratedSecurity Value:true 
2025-02-25 10:25:02.678 DEBUG [com.microsoft.sqlserver.jdbc.internals.SQLServerDriver:514] Property:encrypt Value:false 
2025-02-25 10:25:02.679 DEBUG [com.microsoft.sqlserver.jdbc.internals.SQLServerConnection:1777] ConnectionID:20 created by (SQLServerDriver:1) 
2025-02-25 10:25:02.679 DEBUG [com.microsoft.sqlserver.jdbc.internals.SQLServerConnection:3750] ConnectionID:20 Connecting with server: C21SQL04 port: 1433 Timeout slice: 3750 Timeout Full: 30 
2025-02-25 10:25:02.789 DEBUG [com.microsoft.sqlserver.jdbc.internals.SQLServerConnection:4137] ConnectionID:20 ClientConnectionId: 9afe40dc-8622-4a1a-9422-56b5f217eed2 Server returned major version:13 
2025-02-25 10:25:02.857 DEBUG [com.microsoft.sqlserver.jdbc.internals.AuthenticationJNI:-2] C21SQL04 
2025-02-25 10:25:02.858 DEBUG [com.microsoft.sqlserver.jdbc.internals.AuthenticationJNI:-2] GetDnsName 
2025-02-25 10:25:02.859 DEBUG [com.microsoft.sqlserver.jdbc.internals.AuthenticationJNI:-2] GetDnsName success 
2025-02-25 10:25:02.860 DEBUG [com.microsoft.sqlserver.jdbc.internals.AuthenticationJNI:-2] AuthenticationJNI_SNISecGenClientContext called 
2025-02-25 10:25:02.860 DEBUG [com.microsoft.sqlserver.jdbc.internals.AuthenticationJNI:-2] C21SQL04.woolworths.co.za 
2025-02-25 10:25:02.861 DEBUG [com.microsoft.sqlserver.jdbc.internals.AuthenticationJNI:-2] MSSQLSvc/C21SQL04.woolworths.co.za:1433 
2025-02-25 10:25:02.862 DEBUG [com.microsoft.sqlserver.jdbc.internals.AuthenticationJNI:-2] MSSQLSvc/C21SQL04.woolworths.co.za:1433 
2025-02-25 10:25:02.862 DEBUG [com.microsoft.sqlserver.jdbc.internals.AuthenticationJNI:-2] Calling the SNISecGenClientContext
 
2025-02-25 10:25:02.863 DEBUG [com.microsoft.sqlserver.jdbc.internals.AuthenticationJNI:-2] SNISecGenClientContext called 
2025-02-25 10:25:02.863 DEBUG [com.microsoft.sqlserver.jdbc.internals.AuthenticationJNI:-2] negotiate 
2025-02-25 10:25:02.864 DEBUG [com.microsoft.sqlserver.jdbc.internals.AuthenticationJNI:-2] MSSQLSvc/C21SQL04.woolworths.co.za:1433 
2025-02-25 10:25:02.865 DEBUG [com.microsoft.sqlserver.jdbc.internals.AuthenticationJNI:-2] SEC Init succeeded 
2025-02-25 10:25:02.911 DEBUG [com.microsoft.sqlserver.jdbc.internals.AuthenticationJNI:-2] AuthenticationJNI_SNISecGenClientContext called 
2025-02-25 10:25:02.912 DEBUG [com.microsoft.sqlserver.jdbc.internals.AuthenticationJNI:-2] C21SQL04.woolworths.co.za 
2025-02-25 10:25:02.914 DEBUG [com.microsoft.sqlserver.jdbc.internals.AuthenticationJNI:-2] MSSQLSvc/C21SQL04.woolworths.co.za:1433 
2025-02-25 10:25:02.915 DEBUG [com.microsoft.sqlserver.jdbc.internals.AuthenticationJNI:-2] MSSQLSvc/C21SQL04.woolworths.co.za:1433 
2025-02-25 10:25:02.915 DEBUG [com.microsoft.sqlserver.jdbc.internals.AuthenticationJNI:-2] Calling the SNISecGenClientContext
 
2025-02-25 10:25:02.915 DEBUG [com.microsoft.sqlserver.jdbc.internals.AuthenticationJNI:-2] SNISecGenClientContext called 
2025-02-25 10:25:02.916 DEBUG [com.microsoft.sqlserver.jdbc.internals.AuthenticationJNI:-2] negotiate 
2025-02-25 10:25:02.916 DEBUG [com.microsoft.sqlserver.jdbc.internals.AuthenticationJNI:-2] MSSQLSvc/C21SQL04.woolworths.co.za:1433 
2025-02-25 10:25:02.917 DEBUG [com.microsoft.sqlserver.jdbc.internals.AuthenticationJNI:-2] SEC Init succeeded 
2025-02-25 10:25:02.977 DEBUG [com.zaxxer.hikari.pool.HikariPool:729] HikariPool-1 - Added connection ConnectionID:20 ClientConnectionId: 9afe40dc-8622-4a1a-9422-56b5f217eed2 
2025-02-25 10:25:05.792 DEBUG [com.zaxxer.hikari.pool.HikariPool:421] HikariPool-1 - Pool stats (total=10, active=0, idle=10, waiting=0) 
2025-02-25 10:25:05.794 DEBUG [com.zaxxer.hikari.pool.HikariPool:518] HikariPool-1 - Fill pool skipped, pool is at sufficient level. 
2025-02-25 10:25:06.929 DEBUG [org.apache.catalina.session.ManagerBase:173] Start expire sessions StandardManager at 1740471906929 sessioncount 0 
2025-02-25 10:25:06.930 DEBUG [org.apache.catalina.session.ManagerBase:173] End expire sessions StandardManager processingTime 1 expired sessions: 0 
2025-02-25 10:25:35.809 DEBUG [com.zaxxer.hikari.pool.HikariPool:421] HikariPool-1 - Pool stats (total=10, active=0, idle=10, waiting=0) 
2025-02-25 10:25:35.810 DEBUG [com.zaxxer.hikari.pool.HikariPool:518] HikariPool-1 - Fill pool skipped, pool is at sufficient level. 
2025-02-25 10:26:05.821 DEBUG [com.zaxxer.hikari.pool.HikariPool:421] HikariPool-1 - Pool stats (total=10, active=0, idle=10, waiting=0) 
2025-02-25 10:26:05.823 DEBUG [com.zaxxer.hikari.pool.HikariPool:518] HikariPool-1 - Fill pool skipped, pool is at sufficient level. 
2025-02-25 10:26:06.963 DEBUG [org.apache.catalina.session.ManagerBase:173] Start expire sessions StandardManager at 1740471966963 sessioncount 0 
2025-02-25 10:26:06.965 DEBUG [org.apache.catalina.session.ManagerBase:173] End expire sessions StandardManager processingTime 1 expired sessions: 0 
2025-02-25 10:26:35.833 DEBUG [com.zaxxer.hikari.pool.HikariPool:421] HikariPool-1 - Pool stats (total=10, active=0, idle=10, waiting=0) 
2025-02-25 10:26:35.834 DEBUG [com.zaxxer.hikari.pool.HikariPool:518] HikariPool-1 - Fill pool skipped, pool is at sufficient level. 
2025-02-25 10:27:05.836 DEBUG [com.zaxxer.hikari.pool.HikariPool:421] HikariPool-1 - Pool stats (total=10, active=0, idle=10, waiting=0) 
2025-02-25 10:27:05.838 DEBUG [com.zaxxer.hikari.pool.HikariPool:518] HikariPool-1 - Fill pool skipped, pool is at sufficient level. 
2025-02-25 10:27:07.018 DEBUG [org.apache.catalina.session.ManagerBase:173] Start expire sessions StandardManager at 1740472027017 sessioncount 0 
2025-02-25 10:27:07.020 DEBUG [org.apache.catalina.session.ManagerBase:173] End expire sessions StandardManager processingTime 3 expired sessions: 0 
2025-02-25 10:27:35.852 DEBUG [com.zaxxer.hikari.pool.HikariPool:421] HikariPool-1 - Pool stats (total=10, active=0, idle=10, waiting=0) 
2025-02-25 10:27:35.852 DEBUG [com.zaxxer.hikari.pool.HikariPool:518] HikariPool-1 - Fill pool skipped, pool is at sufficient level. 
2025-02-25 10:28:05.858 DEBUG [com.zaxxer.hikari.pool.HikariPool:421] HikariPool-1 - Pool stats (total=10, active=0, idle=10, waiting=0) 
2025-02-25 10:28:05.858 DEBUG [com.zaxxer.hikari.pool.HikariPool:518] HikariPool-1 - Fill pool skipped, pool is at sufficient level. 
2025-02-25 10:28:07.074 DEBUG [org.apache.catalina.session.ManagerBase:173] Start expire sessions StandardManager at 1740472087074 sessioncount 0 
2025-02-25 10:28:07.074 DEBUG [org.apache.catalina.session.ManagerBase:173] End expire sessions StandardManager processingTime 0 expired sessions: 0 
2025-02-25 10:28:35.864 DEBUG [com.zaxxer.hikari.pool.HikariPool:421] HikariPool-1 - Pool stats (total=10, active=0, idle=10, waiting=0) 
2025-02-25 10:28:35.864 DEBUG [com.zaxxer.hikari.pool.HikariPool:518] HikariPool-1 - Fill pool skipped, pool is at sufficient level. 
2025-02-25 10:29:05.867 DEBUG [com.zaxxer.hikari.pool.HikariPool:421] HikariPool-1 - Pool stats (total=10, active=0, idle=10, waiting=0) 
2025-02-25 10:29:05.868 DEBUG [com.zaxxer.hikari.pool.HikariPool:518] HikariPool-1 - Fill pool skipped, pool is at sufficient level. 
2025-02-25 10:29:07.109 DEBUG [org.apache.catalina.session.ManagerBase:173] Start expire sessions StandardManager at 1740472147109 sessioncount 0 
2025-02-25 10:29:07.110 DEBUG [org.apache.catalina.session.ManagerBase:173] End expire sessions StandardManager processingTime 1 expired sessions: 0 
2025-02-25 10:29:35.883 DEBUG [com.zaxxer.hikari.pool.HikariPool:421] HikariPool-1 - Pool stats (total=10, active=0, idle=10, waiting=0) 
2025-02-25 10:29:35.885 DEBUG [com.zaxxer.hikari.pool.HikariPool:518] HikariPool-1 - Fill pool skipped, pool is at sufficient level. 
2025-02-25 10:30:05.888 DEBUG [com.zaxxer.hikari.pool.HikariPool:421] HikariPool-1 - Pool stats (total=10, active=0, idle=10, waiting=0) 
2025-02-25 10:30:05.890 DEBUG [com.zaxxer.hikari.pool.HikariPool:518] HikariPool-1 - Fill pool skipped, pool is at sufficient level. 
2025-02-25 10:30:07.167 DEBUG [org.apache.catalina.session.ManagerBase:173] Start expire sessions StandardManager at 1740472207167 sessioncount 0 
2025-02-25 10:30:07.168 DEBUG [org.apache.catalina.session.ManagerBase:173] End expire sessions StandardManager processingTime 1 expired sessions: 0 
2025-02-25 10:30:35.898 DEBUG [com.zaxxer.hikari.pool.HikariPool:421] HikariPool-1 - Pool stats (total=10, active=0, idle=10, waiting=0) 
2025-02-25 10:30:35.900 DEBUG [com.zaxxer.hikari.pool.HikariPool:518] HikariPool-1 - Fill pool skipped, pool is at sufficient level. 
2025-02-25 10:31:05.910 DEBUG [com.zaxxer.hikari.pool.HikariPool:421] HikariPool-1 - Pool stats (total=10, active=0, idle=10, waiting=0) 
2025-02-25 10:31:05.911 DEBUG [com.zaxxer.hikari.pool.HikariPool:518] HikariPool-1 - Fill pool skipped, pool is at sufficient level. 
2025-02-25 10:31:07.225 DEBUG [org.apache.catalina.session.ManagerBase:173] Start expire sessions StandardManager at 1740472267225 sessioncount 0 
2025-02-25 10:31:07.228 DEBUG [org.apache.catalina.session.ManagerBase:173] End expire sessions StandardManager processingTime 2 expired sessions: 0 
2025-02-25 10:31:35.921 DEBUG [com.zaxxer.hikari.pool.HikariPool:421] HikariPool-1 - Pool stats (total=10, active=0, idle=10, waiting=0) 
2025-02-25 10:31:35.922 DEBUG [com.zaxxer.hikari.pool.HikariPool:518] HikariPool-1 - Fill pool skipped, pool is at sufficient level. 
2025-02-25 10:32:05.931 DEBUG [com.zaxxer.hikari.pool.HikariPool:421] HikariPool-1 - Pool stats (total=10, active=0, idle=10, waiting=0) 
2025-02-25 10:32:05.932 DEBUG [com.zaxxer.hikari.pool.HikariPool:518] HikariPool-1 - Fill pool skipped, pool is at sufficient level. 
2025-02-25 10:32:07.262 DEBUG [org.apache.catalina.session.ManagerBase:173] Start expire sessions StandardManager at 1740472327262 sessioncount 0 
2025-02-25 10:32:07.263 DEBUG [org.apache.catalina.session.ManagerBase:173] End expire sessions StandardManager processingTime 1 expired sessions: 0 
2025-02-25 10:32:35.938 DEBUG [com.zaxxer.hikari.pool.HikariPool:421] HikariPool-1 - Pool stats (total=10, active=0, idle=10, waiting=0) 
2025-02-25 10:32:35.939 DEBUG [com.zaxxer.hikari.pool.HikariPool:518] HikariPool-1 - Fill pool skipped, pool is at sufficient level. 
2025-02-25 10:33:05.953 DEBUG [com.zaxxer.hikari.pool.HikariPool:421] HikariPool-1 - Pool stats (total=10, active=0, idle=10, waiting=0) 
2025-02-25 10:33:05.954 DEBUG [com.zaxxer.hikari.pool.HikariPool:518] HikariPool-1 - Fill pool skipped, pool is at sufficient level. 
2025-02-25 10:33:07.309 DEBUG [org.apache.catalina.session.ManagerBase:173] Start expire sessions StandardManager at 1740472387309 sessioncount 0 
2025-02-25 10:33:07.310 DEBUG [org.apache.catalina.session.ManagerBase:173] End expire sessions StandardManager processingTime 1 expired sessions: 0 
2025-02-25 10:33:35.961 DEBUG [com.zaxxer.hikari.pool.HikariPool:421] HikariPool-1 - Pool stats (total=10, active=0, idle=10, waiting=0) 
2025-02-25 10:33:35.961 DEBUG [com.zaxxer.hikari.pool.HikariPool:518] HikariPool-1 - Fill pool skipped, pool is at sufficient level. 
2025-02-25 10:34:05.967 DEBUG [com.zaxxer.hikari.pool.HikariPool:421] HikariPool-1 - Pool stats (total=10, active=0, idle=10, waiting=0) 
2025-02-25 10:34:05.967 DEBUG [com.zaxxer.hikari.pool.HikariPool:518] HikariPool-1 - Fill pool skipped, pool is at sufficient level. 
2025-02-25 10:34:07.382 DEBUG [org.apache.catalina.session.ManagerBase:173] Start expire sessions StandardManager at 1740472447382 sessioncount 0 
2025-02-25 10:34:07.382 DEBUG [org.apache.catalina.session.ManagerBase:173] End expire sessions StandardManager processingTime 0 expired sessions: 0 
2025-02-25 10:34:35.977 DEBUG [com.zaxxer.hikari.pool.HikariPool:421] HikariPool-1 - Pool stats (total=10, active=0, idle=10, waiting=0) 
2025-02-25 10:34:35.977 DEBUG [com.zaxxer.hikari.pool.HikariPool:518] HikariPool-1 - Fill pool skipped, pool is at sufficient level. 
2025-02-25 10:35:05.982 DEBUG [com.zaxxer.hikari.pool.HikariPool:421] HikariPool-1 - Pool stats (total=10, active=0, idle=10, waiting=0) 
2025-02-25 10:35:05.982 DEBUG [com.zaxxer.hikari.pool.HikariPool:518] HikariPool-1 - Fill pool skipped, pool is at sufficient level. 
2025-02-25 10:35:07.444 DEBUG [org.apache.catalina.session.ManagerBase:173] Start expire sessions StandardManager at 1740472507444 sessioncount 0 
2025-02-25 10:35:07.444 DEBUG [org.apache.catalina.session.ManagerBase:173] End expire sessions StandardManager processingTime 0 expired sessions: 0 
2025-02-25 10:35:35.993 DEBUG [com.zaxxer.hikari.pool.HikariPool:421] HikariPool-1 - Pool stats (total=10, active=0, idle=10, waiting=0) 
2025-02-25 10:35:35.993 DEBUG [com.zaxxer.hikari.pool.HikariPool:518] HikariPool-1 - Fill pool skipped, pool is at sufficient level. 
2025-02-25 10:36:05.995 DEBUG [com.zaxxer.hikari.pool.HikariPool:421] HikariPool-1 - Pool stats (total=10, active=0, idle=10, waiting=0) 
2025-02-25 10:36:05.995 DEBUG [com.zaxxer.hikari.pool.HikariPool:518] HikariPool-1 - Fill pool skipped, pool is at sufficient level. 
2025-02-25 10:36:07.486 DEBUG [org.apache.catalina.session.ManagerBase:173] Start expire sessions StandardManager at 1740472567486 sessioncount 0 
2025-02-25 10:36:07.486 DEBUG [org.apache.catalina.session.ManagerBase:173] End expire sessions StandardManager processingTime 0 expired sessions: 0 
2025-02-25 10:36:35.996 DEBUG [com.zaxxer.hikari.pool.HikariPool:421] HikariPool-1 - Pool stats (total=10, active=0, idle=10, waiting=0) 
2025-02-25 10:36:35.996 DEBUG [com.zaxxer.hikari.pool.HikariPool:518] HikariPool-1 - Fill pool skipped, pool is at sufficient level. 
2025-02-25 10:37:06.011 DEBUG [com.zaxxer.hikari.pool.HikariPool:421] HikariPool-1 - Pool stats (total=10, active=0, idle=10, waiting=0) 
2025-02-25 10:37:06.012 DEBUG [com.zaxxer.hikari.pool.HikariPool:518] HikariPool-1 - Fill pool skipped, pool is at sufficient level. 
2025-02-25 10:37:07.531 DEBUG [org.apache.catalina.session.ManagerBase:173] Start expire sessions StandardManager at 1740472627530 sessioncount 0 
2025-02-25 10:37:07.532 DEBUG [org.apache.catalina.session.ManagerBase:173] End expire sessions StandardManager processingTime 2 expired sessions: 0 
2025-02-25 10:37:36.024 DEBUG [com.zaxxer.hikari.pool.HikariPool:421] HikariPool-1 - Pool stats (total=10, active=0, idle=10, waiting=0) 
2025-02-25 10:37:36.025 DEBUG [com.zaxxer.hikari.pool.HikariPool:518] HikariPool-1 - Fill pool skipped, pool is at sufficient level. 
2025-02-25 10:38:06.031 DEBUG [com.zaxxer.hikari.pool.HikariPool:421] HikariPool-1 - Pool stats (total=10, active=0, idle=10, waiting=0) 
2025-02-25 10:38:06.033 DEBUG [com.zaxxer.hikari.pool.HikariPool:518] HikariPool-1 - Fill pool skipped, pool is at sufficient level. 
2025-02-25 10:38:07.578 DEBUG [org.apache.catalina.session.ManagerBase:173] Start expire sessions StandardManager at 1740472687578 sessioncount 0 
2025-02-25 10:38:07.579 DEBUG [org.apache.catalina.session.ManagerBase:173] End expire sessions StandardManager processingTime 1 expired sessions: 0 
2025-02-25 10:38:36.046 DEBUG [com.zaxxer.hikari.pool.HikariPool:421] HikariPool-1 - Pool stats (total=10, active=0, idle=10, waiting=0) 
2025-02-25 10:38:36.047 DEBUG [com.zaxxer.hikari.pool.HikariPool:518] HikariPool-1 - Fill pool skipped, pool is at sufficient level. 
2025-02-25 10:39:06.056 DEBUG [com.zaxxer.hikari.pool.HikariPool:421] HikariPool-1 - Pool stats (total=10, active=0, idle=10, waiting=0) 
2025-02-25 10:39:06.057 DEBUG [com.zaxxer.hikari.pool.HikariPool:518] HikariPool-1 - Fill pool skipped, pool is at sufficient level. 
2025-02-25 10:39:07.635 DEBUG [org.apache.catalina.session.ManagerBase:173] Start expire sessions StandardManager at 1740472747635 sessioncount 0 
2025-02-25 10:39:07.636 DEBUG [org.apache.catalina.session.ManagerBase:173] End expire sessions StandardManager processingTime 1 expired sessions: 0 
2025-02-25 10:39:36.068 DEBUG [com.zaxxer.hikari.pool.HikariPool:421] HikariPool-1 - Pool stats (total=10, active=0, idle=10, waiting=0) 
2025-02-25 10:39:36.070 DEBUG [com.zaxxer.hikari.pool.HikariPool:518] HikariPool-1 - Fill pool skipped, pool is at sufficient level. 
2025-02-25 10:40:06.084 DEBUG [com.zaxxer.hikari.pool.HikariPool:421] HikariPool-1 - Pool stats (total=10, active=0, idle=10, waiting=0) 
2025-02-25 10:40:06.085 DEBUG [com.zaxxer.hikari.pool.HikariPool:518] HikariPool-1 - Fill pool skipped, pool is at sufficient level. 
2025-02-25 10:40:07.673 DEBUG [org.apache.catalina.session.ManagerBase:173] Start expire sessions StandardManager at 1740472807673 sessioncount 0 
2025-02-25 10:40:07.674 DEBUG [org.apache.catalina.session.ManagerBase:173] End expire sessions StandardManager processingTime 0 expired sessions: 0 
2025-02-25 10:40:36.091 DEBUG [com.zaxxer.hikari.pool.HikariPool:421] HikariPool-1 - Pool stats (total=10, active=0, idle=10, waiting=0) 
2025-02-25 10:40:36.092 DEBUG [com.zaxxer.hikari.pool.HikariPool:518] HikariPool-1 - Fill pool skipped, pool is at sufficient level. 
2025-02-25 10:41:06.094 DEBUG [com.zaxxer.hikari.pool.HikariPool:421] HikariPool-1 - Pool stats (total=10, active=0, idle=10, waiting=0) 
2025-02-25 10:41:06.095 DEBUG [com.zaxxer.hikari.pool.HikariPool:518] HikariPool-1 - Fill pool skipped, pool is at sufficient level. 
2025-02-25 10:41:07.708 DEBUG [org.apache.catalina.session.ManagerBase:173] Start expire sessions StandardManager at 1740472867706 sessioncount 0 
2025-02-25 10:41:07.710 DEBUG [org.apache.catalina.session.ManagerBase:173] End expire sessions StandardManager processingTime 3 expired sessions: 0 
2025-02-25 10:41:36.108 DEBUG [com.zaxxer.hikari.pool.HikariPool:421] HikariPool-1 - Pool stats (total=10, active=0, idle=10, waiting=0) 
2025-02-25 10:41:36.110 DEBUG [com.zaxxer.hikari.pool.HikariPool:518] HikariPool-1 - Fill pool skipped, pool is at sufficient level. 
2025-02-25 10:42:06.113 DEBUG [com.zaxxer.hikari.pool.HikariPool:421] HikariPool-1 - Pool stats (total=10, active=0, idle=10, waiting=0) 
2025-02-25 10:42:06.114 DEBUG [com.zaxxer.hikari.pool.HikariPool:518] HikariPool-1 - Fill pool skipped, pool is at sufficient level. 
2025-02-25 10:42:07.763 DEBUG [org.apache.catalina.session.ManagerBase:173] Start expire sessions StandardManager at 1740472927763 sessioncount 0 
2025-02-25 10:42:07.765 DEBUG [org.apache.catalina.session.ManagerBase:173] End expire sessions StandardManager processingTime 2 expired sessions: 0 
2025-02-25 10:42:36.119 DEBUG [com.zaxxer.hikari.pool.HikariPool:421] HikariPool-1 - Pool stats (total=10, active=0, idle=10, waiting=0) 
2025-02-25 10:42:36.120 DEBUG [com.zaxxer.hikari.pool.HikariPool:518] HikariPool-1 - Fill pool skipped, pool is at sufficient level. 
2025-02-25 10:43:06.125 DEBUG [com.zaxxer.hikari.pool.HikariPool:421] HikariPool-1 - Pool stats (total=10, active=0, idle=10, waiting=0) 
2025-02-25 10:43:06.125 DEBUG [com.zaxxer.hikari.pool.HikariPool:518] HikariPool-1 - Fill pool skipped, pool is at sufficient level. 
2025-02-25 10:43:07.841 DEBUG [org.apache.catalina.session.ManagerBase:173] Start expire sessions StandardManager at 1740472987840 sessioncount 0 
2025-02-25 10:43:07.843 DEBUG [org.apache.catalina.session.ManagerBase:173] End expire sessions StandardManager processingTime 2 expired sessions: 0 
2025-02-25 10:43:36.135 DEBUG [com.zaxxer.hikari.pool.HikariPool:421] HikariPool-1 - Pool stats (total=10, active=0, idle=10, waiting=0) 
2025-02-25 10:43:36.135 DEBUG [com.zaxxer.hikari.pool.HikariPool:518] HikariPool-1 - Fill pool skipped, pool is at sufficient level. 
2025-02-25 10:43:47.495  WARN [org.apache.kafka.clients.NetworkClient:814] [Consumer clientId=consumer-item_group-3, groupId=item_group] Connection to node 0 (W49204302.woolworths.co.za/172.18.65.175:9092) could not be established. Broker may not be available. 
2025-02-25 10:43:47.495  WARN [org.apache.kafka.clients.NetworkClient:814] [Consumer clientId=consumer-item_group-2, groupId=item_group] Connection to node 0 (W49204302.woolworths.co.za/172.18.65.175:9092) could not be established. Broker may not be available. 
2025-02-25 10:43:47.495  WARN [org.apache.kafka.clients.NetworkClient:814] [Consumer clientId=consumer-item_group-1, groupId=item_group] Connection to node 0 (W49204302.woolworths.co.za/172.18.65.175:9092) could not be established. Broker may not be available. 
2025-02-25 10:43:49.654  WARN [org.apache.kafka.clients.NetworkClient:814] [Consumer clientId=consumer-item_group-3, groupId=item_group] Connection to node 0 (W49204302.woolworths.co.za/172.22.192.1:9092) could not be established. Broker may not be available. 
2025-02-25 10:43:49.655  WARN [org.apache.kafka.clients.NetworkClient:814] [Consumer clientId=consumer-item_group-1, groupId=item_group] Connection to node 0 (W49204302.woolworths.co.za/172.22.192.1:9092) could not be established. Broker may not be available. 
2025-02-25 10:43:49.702  WARN [org.apache.kafka.clients.NetworkClient:814] [Consumer clientId=consumer-item_group-2, groupId=item_group] Connection to node 0 (W49204302.woolworths.co.za/172.22.192.1:9092) could not be established. Broker may not be available. 
2025-02-25 10:43:51.902  WARN [org.apache.kafka.clients.NetworkClient:814] [Consumer clientId=consumer-item_group-1, groupId=item_group] Connection to node 0 (W49204302.woolworths.co.za/192.168.8.7:9092) could not be established. Broker may not be available. 
2025-02-25 10:43:51.918  WARN [org.apache.kafka.clients.NetworkClient:814] [Consumer clientId=consumer-item_group-3, groupId=item_group] Connection to node 0 (W49204302.woolworths.co.za/192.168.8.7:9092) could not be established. Broker may not be available. 
2025-02-25 10:43:51.932  WARN [org.apache.kafka.clients.NetworkClient:814] [Consumer clientId=consumer-item_group-2, groupId=item_group] Connection to node 0 (W49204302.woolworths.co.za/192.168.8.7:9092) could not be established. Broker may not be available. 
2025-02-25 10:43:54.281  WARN [org.apache.kafka.clients.NetworkClient:814] [Consumer clientId=consumer-item_group-1, groupId=item_group] Connection to node 0 (W49204302.woolworths.co.za/172.18.65.175:9092) could not be established. Broker may not be available. 
2025-02-25 10:43:54.421  WARN [org.apache.kafka.clients.NetworkClient:814] [Consumer clientId=consumer-item_group-3, groupId=item_group] Connection to node 0 (W49204302.woolworths.co.za/172.18.65.175:9092) could not be established. Broker may not be available. 
2025-02-25 10:43:54.452  WARN [org.apache.kafka.clients.NetworkClient:814] [Consumer clientId=consumer-item_group-2, groupId=item_group] Connection to node 0 (W49204302.woolworths.co.za/172.18.65.175:9092) could not be established. Broker may not be available. 
2025-02-25 10:43:57.192  WARN [org.apache.kafka.clients.NetworkClient:814] [Consumer clientId=consumer-item_group-1, groupId=item_group] Connection to node 0 (W49204302.woolworths.co.za/172.22.192.1:9092) could not be established. Broker may not be available. 
2025-02-25 10:43:57.208  WARN [org.apache.kafka.clients.NetworkClient:814] [Consumer clientId=consumer-item_group-3, groupId=item_group] Connection to node 0 (W49204302.woolworths.co.za/172.22.192.1:9092) could not be established. Broker may not be available. 
2025-02-25 10:43:57.409  WARN [org.apache.kafka.clients.NetworkClient:814] [Consumer clientId=consumer-item_group-2, groupId=item_group] Connection to node 0 (W49204302.woolworths.co.za/172.22.192.1:9092) could not be established. Broker may not be available. 
2025-02-25 10:44:00.216  WARN [org.apache.kafka.clients.NetworkClient:814] [Consumer clientId=consumer-item_group-3, groupId=item_group] Connection to node 0 (W49204302.woolworths.co.za/192.168.8.7:9092) could not be established. Broker may not be available. 
2025-02-25 10:44:00.279  WARN [org.apache.kafka.clients.NetworkClient:814] [Consumer clientId=consumer-item_group-1, groupId=item_group] Connection to node 0 (W49204302.woolworths.co.za/192.168.8.7:9092) could not be established. Broker may not be available. 
2025-02-25 10:44:00.434  WARN [org.apache.kafka.clients.NetworkClient:814] [Consumer clientId=consumer-item_group-2, groupId=item_group] Connection to node 0 (W49204302.woolworths.co.za/192.168.8.7:9092) could not be established. Broker may not be available. 
2025-02-25 10:44:03.428  WARN [org.apache.kafka.clients.NetworkClient:814] [Consumer clientId=consumer-item_group-3, groupId=item_group] Connection to node 0 (W49204302.woolworths.co.za/172.18.65.175:9092) could not be established. Broker may not be available. 
2025-02-25 10:44:03.443  WARN [org.apache.kafka.clients.NetworkClient:814] [Consumer clientId=consumer-item_group-1, groupId=item_group] Connection to node 0 (W49204302.woolworths.co.za/172.18.65.175:9092) could not be established. Broker may not be available. 
2025-02-25 10:44:03.459  WARN [org.apache.kafka.clients.NetworkClient:814] [Consumer clientId=consumer-item_group-2, groupId=item_group] Connection to node 0 (W49204302.woolworths.co.za/172.18.65.175:9092) could not be established. Broker may not be available. 
2025-02-25 10:44:06.137 DEBUG [com.zaxxer.hikari.pool.HikariPool:421] HikariPool-1 - Pool stats (total=10, active=0, idle=10, waiting=0) 
2025-02-25 10:44:06.138 DEBUG [com.zaxxer.hikari.pool.HikariPool:518] HikariPool-1 - Fill pool skipped, pool is at sufficient level. 
2025-02-25 10:44:06.546  WARN [org.apache.kafka.clients.NetworkClient:814] [Consumer clientId=consumer-item_group-2, groupId=item_group] Connection to node 0 (W49204302.woolworths.co.za/172.22.192.1:9092) could not be established. Broker may not be available. 
2025-02-25 10:44:06.700  WARN [org.apache.kafka.clients.NetworkClient:814] [Consumer clientId=consumer-item_group-3, groupId=item_group] Connection to node 0 (W49204302.woolworths.co.za/172.22.192.1:9092) could not be established. Broker may not be available. 
2025-02-25 10:44:06.716  WARN [org.apache.kafka.clients.NetworkClient:814] [Consumer clientId=consumer-item_group-1, groupId=item_group] Connection to node 0 (W49204302.woolworths.co.za/172.22.192.1:9092) could not be established. Broker may not be available. 
2025-02-25 10:44:07.901 DEBUG [org.apache.catalina.session.ManagerBase:173] Start expire sessions StandardManager at 1740473047900 sessioncount 0 
2025-02-25 10:44:07.901 DEBUG [org.apache.catalina.session.ManagerBase:173] End expire sessions StandardManager processingTime 1 expired sessions: 0 
2025-02-25 10:44:09.602  WARN [org.apache.kafka.clients.NetworkClient:814] [Consumer clientId=consumer-item_group-3, groupId=item_group] Connection to node 0 (W49204302.woolworths.co.za/192.168.8.7:9092) could not be established. Broker may not be available. 
2025-02-25 10:44:09.694  WARN [org.apache.kafka.clients.NetworkClient:814] [Consumer clientId=consumer-item_group-2, groupId=item_group] Connection to node 0 (W49204302.woolworths.co.za/192.168.8.7:9092) could not be established. Broker may not be available. 
2025-02-25 10:44:09.802  WARN [org.apache.kafka.clients.NetworkClient:814] [Consumer clientId=consumer-item_group-1, groupId=item_group] Connection to node 0 (W49204302.woolworths.co.za/192.168.8.7:9092) could not be established. Broker may not be available. 
2025-02-25 10:44:12.517  WARN [org.apache.kafka.clients.NetworkClient:814] [Consumer clientId=consumer-item_group-3, groupId=item_group] Connection to node 0 (W49204302.woolworths.co.za/172.18.65.175:9092) could not be established. Broker may not be available. 
2025-02-25 10:44:12.780  WARN [org.apache.kafka.clients.NetworkClient:814] [Consumer clientId=consumer-item_group-1, groupId=item_group] Connection to node 0 (W49204302.woolworths.co.za/172.18.65.175:9092) could not be established. Broker may not be available. 
2025-02-25 10:44:12.811  WARN [org.apache.kafka.clients.NetworkClient:814] [Consumer clientId=consumer-item_group-2, groupId=item_group] Connection to node 0 (W49204302.woolworths.co.za/172.18.65.175:9092) could not be established. Broker may not be available. 
2025-02-25 10:44:15.659  WARN [org.apache.kafka.clients.NetworkClient:814] [Consumer clientId=consumer-item_group-3, groupId=item_group] Connection to node 0 (W49204302.woolworths.co.za/172.22.192.1:9092) could not be established. Broker may not be available. 
2025-02-25 10:44:15.937  WARN [org.apache.kafka.clients.NetworkClient:814] [Consumer clientId=consumer-item_group-2, groupId=item_group] Connection to node 0 (W49204302.woolworths.co.za/172.22.192.1:9092) could not be established. Broker may not be available. 
2025-02-25 10:44:15.984  WARN [org.apache.kafka.clients.NetworkClient:814] [Consumer clientId=consumer-item_group-1, groupId=item_group] Connection to node 0 (W49204302.woolworths.co.za/172.22.192.1:9092) could not be established. Broker may not be available. 
2025-02-25 10:44:18.876  WARN [org.apache.kafka.clients.NetworkClient:814] [Consumer clientId=consumer-item_group-2, groupId=item_group] Connection to node 0 (W49204302.woolworths.co.za/192.168.8.7:9092) could not be established. Broker may not be available. 
2025-02-25 10:44:18.906  WARN [org.apache.kafka.clients.NetworkClient:814] [Consumer clientId=consumer-item_group-3, groupId=item_group] Connection to node 0 (W49204302.woolworths.co.za/192.168.8.7:9092) could not be established. Broker may not be available. 
2025-02-25 10:44:19.156  WARN [org.apache.kafka.clients.NetworkClient:814] [Consumer clientId=consumer-item_group-1, groupId=item_group] Connection to node 0 (W49204302.woolworths.co.za/192.168.8.7:9092) could not be established. Broker may not be available. 
2025-02-25 10:44:21.831  WARN [org.apache.kafka.clients.NetworkClient:814] [Consumer clientId=consumer-item_group-2, groupId=item_group] Connection to node 0 (W49204302.woolworths.co.za/172.18.65.175:9092) could not be established. Broker may not be available. 
2025-02-25 10:44:22.158  WARN [org.apache.kafka.clients.NetworkClient:814] [Consumer clientId=consumer-item_group-3, groupId=item_group] Connection to node 0 (W49204302.woolworths.co.za/172.18.65.175:9092) could not be established. Broker may not be available. 
2025-02-25 10:44:22.253  WARN [org.apache.kafka.clients.NetworkClient:814] [Consumer clientId=consumer-item_group-1, groupId=item_group] Connection to node 0 (W49204302.woolworths.co.za/172.18.65.175:9092) could not be established. Broker may not be available. 
2025-02-25 10:44:23.496 DEBUG [org.springframework.boot.availability.ApplicationAvailabilityBean:77] Application availability state ReadinessState changed from ACCEPTING_TRAFFIC to REFUSING_TRAFFIC 
2025-02-25 10:44:23.497 DEBUG [org.springframework.boot.web.servlet.context.AnnotationConfigServletWebServerApplicationContext:1049] Closing org.springframework.boot.web.servlet.context.AnnotationConfigServletWebServerApplicationContext@fff25f1, started on Tue Feb 25 09:54:59 CAT 2025 
2025-02-25 10:44:23.509 DEBUG [org.springframework.context.support.DefaultLifecycleProcessor:365] Stopping beans in phase 2147483647 
2025-02-25 10:44:23.510 DEBUG [org.springframework.context.support.DefaultLifecycleProcessor:238] Bean 'webServerGracefulShutdown' completed its stop procedure 
2025-02-25 10:44:23.511 DEBUG [org.springframework.context.support.DefaultLifecycleProcessor:365] Stopping beans in phase 2147483646 
2025-02-25 10:44:24.029 DEBUG [org.springframework.context.support.DefaultLifecycleProcessor:238] Bean 'webServerStartStop' completed its stop procedure 
2025-02-25 10:44:24.030 DEBUG [org.springframework.context.support.DefaultLifecycleProcessor:365] Stopping beans in phase 2147483547 
2025-02-25 10:44:24.035 DEBUG [org.springframework.scheduling.concurrent.ThreadPoolTaskScheduler:218] Shutting down ExecutorService 
2025-02-25 10:44:24.035 DEBUG [org.springframework.scheduling.concurrent.ThreadPoolTaskScheduler:218] Shutting down ExecutorService 
2025-02-25 10:44:24.037 DEBUG [org.springframework.scheduling.concurrent.ThreadPoolTaskScheduler:218] Shutting down ExecutorService 
2025-02-25 10:44:25.385  WARN [org.apache.kafka.clients.NetworkClient:814] [Consumer clientId=consumer-item_group-1, groupId=item_group] Connection to node 0 (W49204302.woolworths.co.za/172.22.192.1:9092) could not be established. Broker may not be available. 
2025-02-25 10:44:25.390 DEBUG [org.springframework.context.support.DefaultLifecycleProcessor:238] Bean 'org.springframework.kafka.config.internalKafkaListenerEndpointRegistry' completed its stop procedure 
2025-02-25 10:44:25.393 DEBUG [org.springframework.scheduling.concurrent.ThreadPoolTaskExecutor:218] Shutting down ExecutorService 'applicationTaskExecutor' 
2025-02-25 10:44:25.398  INFO [org.springframework.orm.jpa.LocalContainerEntityManagerFactoryBean:651] Closing JPA EntityManagerFactory for persistence unit 'default' 
2025-02-25 10:44:25.399 DEBUG [org.hibernate.internal.SessionFactoryImpl:821] HHH000031: Closing 
2025-02-25 10:44:25.403 DEBUG [org.hibernate.type.spi.TypeConfiguration$Scope:345] Un-scoping TypeConfiguration [org.hibernate.type.spi.TypeConfiguration$Scope@27891499] from SessionFactory [org.hibernate.internal.SessionFactoryImpl@7bc8da3f] 
2025-02-25 10:44:25.405 DEBUG [org.hibernate.service.internal.AbstractServiceRegistryImpl:419] Implicitly destroying ServiceRegistry on de-registration of all child ServiceRegistries 
2025-02-25 10:44:25.407 DEBUG [org.hibernate.boot.registry.internal.BootstrapServiceRegistryImpl:295] Implicitly destroying Boot-strap registry on de-registration of all child ServiceRegistries 
2025-02-25 10:44:25.411  INFO [com.zaxxer.hikari.HikariDataSource:350] HikariPool-1 - Shutdown initiated... 
2025-02-25 10:44:25.412 DEBUG [com.zaxxer.hikari.pool.HikariPool:421] HikariPool-1 - Before shutdown stats (total=10, active=0, idle=10, waiting=0) 
2025-02-25 10:44:25.413 DEBUG [com.zaxxer.hikari.pool.PoolBase:134] HikariPool-1 - Closing connection ConnectionID:11 ClientConnectionId: 625ab76b-840c-4f0a-83af-740df2eef9ad: (connection evicted) 
2025-02-25 10:44:25.414 DEBUG [com.zaxxer.hikari.pool.PoolBase:134] HikariPool-1 - Closing connection ConnectionID:12 ClientConnectionId: 675995fe-096f-4bc5-aa31-247b8e123011: (connection evicted) 
2025-02-25 10:44:25.415 DEBUG [com.zaxxer.hikari.pool.PoolBase:134] HikariPool-1 - Closing connection ConnectionID:13 ClientConnectionId: 1954d1bf-16a0-4a84-b752-a2625e837d8c: (connection evicted) 
2025-02-25 10:44:25.415 DEBUG [com.zaxxer.hikari.pool.PoolBase:134] HikariPool-1 - Closing connection ConnectionID:14 ClientConnectionId: cd84e13e-f927-4f5a-b358-d4f114a4f1f8: (connection evicted) 
2025-02-25 10:44:25.416 DEBUG [com.zaxxer.hikari.pool.PoolBase:134] HikariPool-1 - Closing connection ConnectionID:15 ClientConnectionId: c33f78f3-d355-4098-a899-7d7634217320: (connection evicted) 
2025-02-25 10:44:25.417 DEBUG [com.zaxxer.hikari.pool.PoolBase:134] HikariPool-1 - Closing connection ConnectionID:16 ClientConnectionId: 55888efa-3ffb-46a6-b9ea-9dd0f35fdc87: (connection evicted) 
2025-02-25 10:44:25.417 DEBUG [com.zaxxer.hikari.pool.PoolBase:134] HikariPool-1 - Closing connection ConnectionID:17 ClientConnectionId: 4976a2d5-3344-4fb4-a361-f28bfbc959ab: (connection evicted) 
2025-02-25 10:44:25.418 DEBUG [com.zaxxer.hikari.pool.PoolBase:134] HikariPool-1 - Closing connection ConnectionID:18 ClientConnectionId: 852591ae-abf9-4f26-b05e-c22a578ae4aa: (connection evicted) 
2025-02-25 10:44:25.419 DEBUG [com.zaxxer.hikari.pool.PoolBase:134] HikariPool-1 - Closing connection ConnectionID:19 ClientConnectionId: 35239b90-9630-4dba-aedd-73468d5e0f4a: (connection evicted) 
2025-02-25 10:44:25.419 DEBUG [com.zaxxer.hikari.pool.PoolBase:134] HikariPool-1 - Closing connection ConnectionID:20 ClientConnectionId: 9afe40dc-8622-4a1a-9422-56b5f217eed2: (connection evicted) 
2025-02-25 10:44:25.420 DEBUG [com.zaxxer.hikari.pool.HikariPool:421] HikariPool-1 - After shutdown stats (total=0, active=0, idle=0, waiting=0) 
2025-02-25 10:44:25.421  INFO [com.zaxxer.hikari.HikariDataSource:352] HikariPool-1 - Shutdown completed. 
